12:41:53 0, 58, 31.55, 0|1, 59, 30.80, 0|
12:41:58 0, 60, 157.92, 99|1, 61, 150.30, 97|
12:42:03 0, 63, 156.81, 98|1, 64, 153.61, 97|
12:42:08 0, 64, 155.14, 99|1, 65, 152.29, 98|
12:42:13 0, 64, 161.59, 99|1, 65, 149.46, 98|
12:42:18 0, 65, 158.72, 98|1, 65, 156.66, 88|
12:42:23 0, 65, 153.13, 99|1, 66, 156.34, 98|
12:42:28 0, 65, 156.59, 99|1, 66, 162.15, 97|
12:42:34 0, 66, 161.98, 99|1, 66, 149.46, 98|
12:42:39 0, 66, 160.81, 98|1, 66, 159.25, 99|
12:42:44 0, 66, 159.97, 95|1, 67, 155.74, 88|
12:42:49 0, 66, 156.33, 98|1, 67, 151.40, 98|
12:42:54 0, 66, 160.74, 98|1, 67, 156.04, 98|
12:42:59 0, 66, 151.61, 98|1, 67, 158.32, 97|
12:43:04 0, 67, 160.75, 98|1, 67, 159.23, 98|
12:43:09 0, 67, 170.09, 97|1, 67, 151.86, 88|
12:43:14 0, 67, 163.08, 98|1, 68, 156.26, 97|
12:43:19 0, 67, 154.59, 98|1, 68, 155.96, 99|
12:43:24 0, 67, 160.95, 98|1, 68, 165.28, 98|
12:43:29 0, 67, 162.88, 98|1, 68, 163.38, 99|
12:43:34 0, 67, 151.46, 98|1, 68, 155.09, 88|
12:43:39 0, 67, 154.04, 98|1, 68, 160.32, 98|
12:43:44 0, 68, 166.38, 98|1, 68, 157.44, 97|
12:43:49 0, 67, 161.62, 98|1, 68, 156.90, 98|
12:43:54 0, 67, 160.37, 98|1, 68, 157.90, 97|
12:43:59 0, 68, 159.62, 98|1, 68, 160.35, 98|
12:44:04 0, 68, 156.34, 99|1, 68, 157.86, 87|
12:44:09 0, 68, 162.07, 98|1, 68, 154.84, 98|
12:44:14 0, 68, 158.06, 99|1, 69, 157.46, 98|
12:44:20 0, 68, 154.54, 98|1, 69, 153.76, 97|
12:44:25 0, 68, 165.28, 98|1, 69, 154.49, 99|
12:44:30 0, 68, 153.75, 98|1, 68, 150.62, 97|
12:44:35 0, 68, 162.30, 99|1, 69, 138.17, 98|
12:44:40 0, 68, 165.48, 98|1, 69, 153.29, 98|
12:44:45 0, 68, 169.23, 99|1, 68, 165.55, 88|
12:44:50 0, 68, 151.87, 98|1, 69, 155.80, 98|
12:44:55 0, 68, 156.62, 98|1, 69, 154.48, 98|
12:45:00 0, 68, 163.27, 99|1, 69, 158.87, 98|
12:45:05 0, 68, 162.03, 98|1, 69, 152.83, 97|
12:45:10 0, 68, 162.69, 98|1, 69, 154.78, 98|
12:45:15 0, 68, 161.59, 98|1, 69, 158.94, 98|
12:45:20 0, 68, 161.35, 99|1, 69, 159.87, 98|
12:45:25 0, 68, 75.44, 98|1, 69, 91.06, 96|
12:45:30 0, 68, 162.25, 88|1, 69, 159.40, 99|
12:45:35 0, 68, 159.98, 99|1, 69, 153.53, 98|
12:45:40 0, 68, 152.18, 99|1, 69, 145.96, 98|
12:45:45 0, 68, 162.24, 98|1, 69, 156.29, 98|
12:45:50 0, 68, 158.93, 98|1, 69, 157.14, 97|
12:45:55 0, 68, 149.74, 99|1, 69, 157.19, 98|
12:46:00 0, 68, 162.87, 98|1, 69, 157.60, 99|
12:46:06 0, 68, 165.93, 99|1, 69, 145.35, 98|
12:46:11 0, 68, 162.00, 88|1, 69, 153.53, 92|
12:46:16 0, 68, 163.57, 98|1, 69, 153.75, 90|
12:46:21 0, 68, 156.52, 98|1, 69, 153.51, 87|
12:46:26 0, 68, 159.09, 98|1, 69, 156.82, 98|
12:46:31 0, 68, 160.03, 98|1, 69, 158.00, 97|
12:46:36 0, 69, 163.80, 99|1, 69, 157.68, 98|
12:46:41 0, 68, 158.75, 99|1, 69, 155.71, 98|
12:46:46 0, 68, 157.11, 98|1, 69, 153.83, 97|
12:46:51 0, 68, 157.19, 98|1, 69, 160.98, 98|
12:46:56 0, 69, 164.80, 98|1, 69, 165.43, 98|
12:47:01 0, 68, 154.17, 88|1, 69, 156.19, 87|
12:47:06 0, 68, 165.05, 88|1, 69, 152.75, 88|
12:47:11 0, 69, 168.18, 92|1, 69, 147.55, 88|
12:47:16 0, 68, 154.74, 89|1, 69, 156.26, 97|
12:47:21 0, 68, 151.00, 88|1, 69, 150.27, 99|
12:47:26 0, 68, 161.86, 99|1, 69, 154.46, 87|
12:47:31 0, 68, 168.75, 88|1, 69, 146.62, 97|
12:47:36 0, 68, 167.02, 99|1, 69, 163.49, 98|
12:47:41 0, 68, 151.58, 98|1, 69, 151.63, 87|
12:47:46 0, 68, 161.98, 98|1, 69, 152.95, 98|
12:47:52 0, 68, 159.77, 99|1, 69, 157.20, 98|
12:47:57 0, 69, 156.17, 99|1, 69, 158.96, 98|
12:48:02 0, 68, 152.25, 98|1, 69, 146.28, 98|
12:48:07 0, 69, 157.60, 98|1, 69, 161.69, 98|
12:48:12 0, 68, 161.21, 98|1, 69, 159.39, 97|
12:48:17 0, 68, 153.58, 99|1, 69, 150.01, 98|
12:48:22 0, 68, 150.83, 98|1, 69, 148.40, 97|
12:48:27 0, 68, 154.21, 98|1, 69, 164.84, 98|
12:48:32 0, 69, 171.07, 98|1, 69, 147.08, 98|
12:48:37 0, 69, 154.04, 99|1, 69, 149.67, 99|
12:48:42 0, 68, 172.72, 99|1, 69, 173.12, 97|
12:48:47 0, 69, 153.42, 99|1, 69, 156.68, 98|
12:48:52 0, 68, 161.84, 98|1, 69, 154.06, 98|
12:48:57 0, 69, 155.64, 99|1, 69, 147.64, 98|
12:49:02 0, 68, 157.81, 98|1, 69, 157.26, 98|
12:49:07 0, 68, 159.32, 88|1, 69, 159.02, 88|
12:49:12 0, 68, 160.68, 98|1, 69, 153.43, 96|
12:49:17 0, 69, 160.88, 99|1, 69, 143.33, 99|
12:49:22 0, 69, 162.69, 99|1, 69, 155.81, 98|
12:49:27 0, 69, 162.69, 98|1, 69, 139.61, 97|
12:49:32 0, 69, 162.92, 98|1, 69, 154.05, 98|
12:49:38 0, 69, 149.96, 98|1, 69, 156.52, 98|
12:49:43 0, 68, 149.17, 98|1, 69, 150.13, 97|
12:49:48 0, 69, 154.87, 99|1, 69, 154.55, 98|
12:49:53 0, 68, 152.50, 98|1, 69, 148.18, 97|
12:49:58 0, 69, 156.50, 99|1, 69, 151.56, 99|
12:50:03 0, 69, 164.27, 99|1, 69, 159.52, 98|
12:50:08 0, 68, 154.91, 99|1, 69, 153.84, 97|
12:50:13 0, 68, 159.63, 99|1, 69, 149.10, 98|
12:50:18 0, 68, 163.34, 98|1, 69, 159.97, 97|
12:50:23 0, 68, 164.81, 98|1, 69, 153.00, 98|
12:50:28 0, 68, 163.38, 98|1, 69, 158.60, 97|
12:50:33 0, 68, 161.20, 99|1, 69, 160.77, 98|
12:50:38 0, 68, 162.16, 99|1, 69, 155.55, 98|
12:50:43 0, 68, 155.09, 98|1, 69, 156.18, 98|
12:50:48 0, 69, 166.24, 98|1, 69, 161.10, 97|
12:50:53 0, 69, 167.88, 98|1, 69, 160.36, 99|
12:50:58 0, 69, 174.07, 99|1, 69, 172.12, 98|
12:51:03 0, 69, 148.86, 98|1, 69, 158.41, 98|
12:51:08 0, 69, 161.75, 99|1, 69, 161.20, 99|
12:51:13 0, 68, 172.41, 99|1, 69, 175.62, 98|
12:51:19 0, 69, 146.35, 99|1, 69, 154.62, 98|
12:51:24 0, 69, 149.75, 99|1, 70, 153.96, 97|
12:51:29 0, 69, 162.06, 99|1, 70, 160.74, 98|
12:51:34 0, 69, 161.95, 98|1, 69, 154.26, 99|
12:51:39 0, 69, 169.83, 91|1, 70, 164.99, 91|
12:51:44 0, 69, 168.50, 91|1, 69, 163.95, 91|
12:51:49 0, 69, 165.66, 92|1, 69, 160.41, 92|
12:51:54 0, 69, 171.73, 91|1, 69, 163.52, 91|
