12:51:58 0, 63, 32.98, 0|1, 63, 32.94, 0|
12:52:03 0, 64, 167.48, 94|1, 65, 147.23, 94|
12:52:08 0, 66, 153.99, 94|1, 67, 159.97, 94|
12:52:13 0, 66, 157.09, 94|1, 67, 136.52, 92|
12:52:18 0, 66, 163.78, 94|1, 67, 139.83, 95|
12:52:23 0, 67, 167.15, 85|1, 67, 146.93, 94|
12:52:28 0, 67, 160.41, 94|1, 68, 139.45, 94|
12:52:33 0, 67, 163.24, 94|1, 68, 154.68, 94|
12:52:38 0, 67, 147.35, 94|1, 68, 144.80, 94|
12:52:43 0, 67, 150.77, 94|1, 68, 147.24, 93|
12:52:48 0, 67, 156.98, 84|1, 68, 151.81, 85|
12:52:53 0, 68, 161.42, 94|1, 68, 159.25, 94|
12:52:58 0, 68, 160.03, 94|1, 68, 161.38, 95|
12:53:03 0, 68, 156.74, 94|1, 68, 166.48, 95|
12:53:08 0, 68, 154.79, 94|1, 69, 149.05, 95|
12:53:13 0, 68, 161.76, 94|1, 68, 153.74, 85|
12:53:18 0, 68, 168.32, 94|1, 69, 156.52, 94|
12:53:23 0, 68, 170.67, 94|1, 69, 156.59, 93|
12:53:29 0, 68, 163.66, 94|1, 69, 164.82, 95|
12:53:34 0, 68, 156.54, 94|1, 69, 153.68, 94|
12:53:39 0, 68, 161.38, 94|1, 69, 151.70, 95|
12:53:44 0, 68, 161.78, 94|1, 69, 147.86, 93|
12:53:49 0, 68, 155.24, 94|1, 69, 156.56, 92|
12:53:54 0, 68, 158.10, 95|1, 69, 154.61, 93|
12:53:59 0, 68, 166.92, 94|1, 69, 145.14, 93|
12:54:04 0, 68, 163.73, 94|1, 69, 159.10, 94|
12:54:09 0, 68, 159.21, 94|1, 69, 161.21, 94|
12:54:14 0, 68, 154.82, 95|1, 69, 153.99, 84|
12:54:19 0, 68, 154.63, 95|1, 69, 154.54, 94|
12:54:24 0, 69, 157.06, 94|1, 69, 157.93, 95|
12:54:29 0, 69, 160.52, 94|1, 69, 157.28, 95|
12:54:34 0, 68, 164.71, 94|1, 69, 153.38, 93|
12:54:39 0, 68, 156.96, 94|1, 69, 154.70, 96|
12:54:44 0, 69, 156.89, 94|1, 69, 157.84, 93|
12:54:49 0, 68, 163.73, 94|1, 69, 159.48, 95|
12:54:54 0, 69, 160.95, 94|1, 69, 160.04, 96|
12:54:59 0, 68, 160.12, 92|1, 69, 152.27, 84|
12:55:04 0, 68, 155.39, 94|1, 69, 154.37, 94|
12:55:09 0, 68, 164.58, 94|1, 69, 149.46, 95|
12:55:15 0, 68, 164.58, 94|1, 69, 144.86, 96|
12:55:20 0, 69, 159.78, 94|1, 69, 159.26, 94|
12:55:25 0, 69, 160.28, 94|1, 69, 159.41, 95|
12:55:30 0, 68, 169.84, 95|1, 69, 147.97, 94|
12:55:35 0, 69, 159.87, 94|1, 69, 153.30, 93|
12:55:40 0, 69, 160.72, 94|1, 69, 162.30, 96|
12:55:45 0, 68, 151.87, 94|1, 69, 158.77, 95|
12:55:50 0, 68, 155.85, 94|1, 69, 149.78, 94|
12:55:55 0, 69, 165.37, 94|1, 69, 156.97, 94|
12:56:00 0, 68, 149.73, 94|1, 69, 151.97, 94|
12:56:05 0, 68, 154.14, 94|1, 69, 156.21, 94|
12:56:10 0, 69, 158.61, 94|1, 69, 148.66, 95|
12:56:15 0, 69, 152.16, 94|1, 69, 155.25, 94|
12:56:20 0, 68, 150.13, 95|1, 69, 156.42, 95|
12:56:25 0, 69, 166.94, 94|1, 69, 156.77, 94|
12:56:30 0, 68, 158.10, 94|1, 69, 152.59, 94|
12:56:35 0, 68, 157.11, 91|1, 69, 150.22, 93|
12:56:40 0, 69, 155.76, 95|1, 69, 152.25, 94|
12:56:45 0, 69, 166.31, 94|1, 69, 150.06, 95|
12:56:50 0, 69, 162.39, 94|1, 69, 156.82, 94|
12:56:56 0, 69, 164.58, 95|1, 70, 156.49, 92|
12:57:01 0, 69, 151.99, 94|1, 69, 160.05, 94|
12:57:06 0, 69, 163.24, 94|1, 69, 157.75, 94|
12:57:11 0, 68, 151.78, 94|1, 69, 151.31, 95|
12:57:16 0, 68, 165.96, 95|1, 69, 148.01, 94|
12:57:21 0, 68, 157.19, 94|1, 69, 153.92, 93|
12:57:26 0, 68, 163.35, 94|1, 69, 159.26, 94|
12:57:31 0, 68, 150.35, 94|1, 69, 146.44, 95|
12:57:36 0, 68, 155.62, 95|1, 69, 163.95, 94|
12:57:41 0, 68, 161.27, 95|1, 70, 158.71, 95|
12:57:46 0, 68, 155.63, 94|1, 69, 154.61, 92|
12:57:51 0, 68, 161.27, 94|1, 69, 155.97, 93|
12:57:56 0, 68, 168.90, 94|1, 69, 147.18, 94|
12:58:01 0, 68, 161.57, 85|1, 69, 151.89, 83|
12:58:06 0, 68, 161.82, 94|1, 69, 155.68, 94|
12:58:11 0, 69, 154.85, 94|1, 69, 155.55, 94|
12:58:16 0, 68, 163.78, 95|1, 69, 161.36, 93|
12:58:21 0, 69, 164.71, 94|1, 69, 156.27, 94|
12:58:26 0, 69, 157.38, 95|1, 70, 160.27, 93|
12:58:31 0, 68, 170.69, 94|1, 69, 172.08, 94|
12:58:36 0, 68, 156.25, 95|1, 69, 145.88, 95|
12:58:42 0, 68, 159.24, 95|1, 69, 160.97, 95|
12:58:47 0, 68, 165.13, 95|1, 70, 154.01, 94|
12:58:52 0, 69, 164.17, 95|1, 70, 156.95, 95|
12:58:57 0, 69, 164.34, 95|1, 70, 153.23, 95|
12:59:02 0, 68, 149.65, 94|1, 69, 160.23, 94|
12:59:07 0, 68, 145.55, 94|1, 69, 148.73, 93|
12:59:12 0, 68, 158.38, 94|1, 69, 152.69, 95|
12:59:17 0, 68, 163.34, 94|1, 69, 156.41, 93|
12:59:22 0, 68, 153.85, 94|1, 69, 152.83, 93|
12:59:27 0, 68, 170.92, 94|1, 69, 147.38, 93|
12:59:32 0, 68, 155.16, 95|1, 69, 157.76, 84|
12:59:37 0, 69, 154.91, 85|1, 69, 155.55, 85|
12:59:42 0, 68, 158.86, 94|1, 69, 157.20, 95|
12:59:47 0, 69, 144.27, 95|1, 70, 152.65, 95|
12:59:52 0, 68, 158.07, 95|1, 69, 157.38, 93|
12:59:57 0, 68, 164.24, 94|1, 69, 165.18, 93|
13:00:02 0, 68, 160.41, 95|1, 69, 157.91, 94|
13:00:07 0, 68, 156.70, 94|1, 69, 151.25, 93|
13:00:12 0, 68, 161.76, 94|1, 69, 139.34, 95|
13:00:17 0, 69, 170.39, 95|1, 69, 159.29, 94|
13:00:22 0, 68, 165.76, 66|1, 69, 155.69, 66|
13:00:28 0, 68, 163.40, 94|1, 69, 149.28, 95|
13:00:33 0, 68, 160.94, 94|1, 69, 157.44, 95|
13:00:38 0, 68, 158.06, 94|1, 69, 154.54, 94|
13:00:43 0, 68, 162.07, 95|1, 69, 155.81, 95|
13:00:48 0, 69, 161.45, 94|1, 69, 143.13, 94|
13:00:53 0, 69, 161.62, 94|1, 69, 159.37, 94|
13:00:58 0, 68, 164.34, 94|1, 69, 157.35, 95|
13:01:03 0, 68, 163.87, 95|1, 69, 149.46, 94|
13:01:08 0, 68, 160.43, 95|1, 69, 151.98, 94|
13:01:13 0, 68, 154.15, 94|1, 69, 152.49, 95|
13:01:18 0, 69, 157.75, 94|1, 69, 158.22, 94|
13:01:23 0, 68, 160.09, 94|1, 70, 142.92, 94|
13:01:28 0, 68, 163.88, 95|1, 70, 161.76, 94|
13:01:33 0, 68, 151.01, 94|1, 69, 142.35, 95|
13:01:38 0, 68, 149.20, 95|1, 70, 142.91, 94|
13:01:43 0, 69, 171.09, 92|1, 70, 166.46, 93|
13:01:48 0, 69, 166.20, 93|1, 70, 173.42, 93|
13:01:53 0, 69, 175.87, 92|1, 70, 167.05, 93|
13:01:58 0, 68, 171.17, 93|1, 69, 165.10, 93|
