16:02:25 0, 47, 28.67, 0|1, 49, 28.17, 0|
16:02:30 0, 47, 35.39, 0|1, 50, 34.39, 0|
16:02:35 0, 47, 35.15, 0|1, 49, 34.39, 0|
16:02:40 0, 47, 35.15, 0|1, 49, 34.39, 0|
16:02:45 0, 47, 35.15, 0|1, 50, 34.39, 0|
16:02:50 0, 47, 35.15, 0|1, 49, 34.39, 0|
16:02:56 0, 47, 34.91, 0|1, 49, 34.41, 0|
16:03:02 0, 47, 35.15, 0|1, 49, 34.39, 0|
16:03:10 0, 47, 34.91, 0|1, 49, 34.39, 0|
16:03:15 0, 47, 35.15, 0|1, 50, 34.39, 0|
16:03:20 0, 47, 35.15, 0|1, 49, 34.39, 0|
16:03:25 0, 47, 35.15, 0|1, 50, 34.39, 0|
16:03:30 0, 47, 34.91, 0|1, 49, 34.39, 0|
16:03:35 0, 47, 35.15, 0|1, 50, 34.39, 0|
16:03:41 0, 47, 35.15, 0|1, 50, 34.41, 0|
16:03:46 0, 47, 35.15, 0|1, 49, 34.39, 0|
16:03:51 0, 47, 35.15, 0|1, 50, 34.17, 0|
16:03:56 0, 47, 35.15, 0|1, 49, 34.41, 0|
16:04:01 0, 47, 35.15, 0|1, 50, 34.39, 0|
16:04:07 0, 47, 34.91, 0|1, 49, 34.39, 0|
16:04:12 0, 47, 35.15, 0|1, 49, 34.41, 0|
16:04:17 0, 47, 35.15, 0|1, 50, 34.39, 0|
16:04:22 0, 47, 35.15, 0|1, 50, 34.41, 0|
16:04:27 0, 47, 35.15, 0|1, 49, 34.39, 0|
16:04:32 0, 47, 35.15, 0|1, 49, 34.39, 0|
16:04:38 0, 48, 35.15, 0|1, 50, 34.39, 0|
16:04:43 0, 47, 35.15, 0|1, 49, 34.39, 0|
16:04:48 0, 47, 35.15, 0|1, 49, 34.39, 0|
16:04:53 0, 48, 35.39, 0|1, 50, 34.39, 0|
16:04:58 0, 47, 35.63, 0|1, 49, 34.39, 0|
16:05:06 0, 48, 35.61, 0|1, 50, 40.84, 61|
16:05:11 0, 47, 35.63, 0|1, 49, 35.35, 0|
16:05:16 0, 47, 35.39, 0|1, 49, 34.39, 0|
16:05:21 0, 48, 35.39, 0|1, 49, 34.41, 0|
16:05:26 0, 47, 35.39, 0|1, 49, 34.39, 0|
16:05:31 0, 49, 41.36, 0|1, 52, 80.53, 100|
16:05:36 0, 51, 181.30, 40|1, 54, 40.08, 58|
16:05:41 0, 50, 40.42, 40|1, 55, 40.86, 57|
16:05:46 0, 52, 44.46, 39|1, 56, 169.26, 57|
16:05:51 0, 52, 177.47, 42|1, 56, 41.76, 59|
16:05:56 0, 52, 41.84, 40|1, 57, 180.55, 58|
16:06:01 0, 51, 42.32, 29|1, 55, 123.58, 18|
16:06:06 0, 51, 40.83, 40|1, 57, 128.16, 58|
16:06:11 0, 53, 71.61, 40|1, 57, 153.17, 57|
16:06:17 0, 52, 157.17, 41|1, 58, 54.67, 59|
16:06:22 0, 53, 46.14, 40|1, 58, 170.23, 57|
16:06:27 0, 53, 181.25, 42|1, 57, 43.20, 60|
16:06:32 0, 53, 136.16, 100|1, 56, 41.55, 0|
16:06:37 0, 53, 168.90, 40|1, 58, 46.54, 57|
16:06:42 0, 52, 40.63, 41|1, 59, 171.88, 59|
16:06:47 0, 53, 178.55, 41|1, 58, 42.24, 58|
16:06:52 0, 52, 39.68, 40|1, 59, 162.67, 57|
16:06:57 0, 54, 62.10, 41|1, 58, 151.14, 59|
