16:21:24 0, 46, 28.67, 0|1, 50, 39.42, 0|
16:21:30 0, 46, 39.94, 0|1, 50, 39.42, 66|
16:21:35 0, 47, 40.67, 0|1, 50, 40.14, 0|
16:21:40 0, 50, 172.13, 40|1, 53, 41.04, 54|
16:21:45 0, 50, 40.88, 45|1, 56, 178.79, 58|
16:21:50 0, 50, 167.00, 45|1, 56, 47.98, 58|
16:21:55 0, 52, 62.58, 40|1, 56, 157.18, 55|
16:22:00 0, 51, 40.16, 40|1, 57, 165.37, 54|
16:22:05 0, 51, 39.94, 40|1, 57, 42.76, 54|
16:22:10 0, 51, 42.53, 43|1, 57, 173.87, 57|
16:22:15 0, 52, 150.96, 45|1, 58, 60.11, 56|
16:22:20 0, 53, 107.32, 40|1, 57, 130.19, 55|
16:22:25 0, 52, 42.08, 40|1, 59, 182.69, 54|
16:22:30 0, 53, 168.96, 40|1, 58, 52.27, 56|
16:22:35 0, 52, 41.12, 40|1, 58, 41.79, 58|
16:22:40 0, 52, 156.38, 43|1, 59, 50.83, 53|
16:22:45 0, 53, 56.38, 40|1, 58, 158.21, 54|
16:22:50 0, 53, 42.06, 40|1, 60, 153.19, 54|
16:22:55 0, 53, 154.89, 40|1, 60, 64.14, 58|
16:23:00 0, 54, 133.97, 40|1, 59, 108.47, 59|
