16:11:29 0, 51, 29.63, 0|1, 52, 28.65, 0|
16:11:34 0, 52, 181.80, 20|1, 52, 40.10, 1|
16:11:39 0, 51, 42.08, 0|1, 52, 40.62, 0|
16:11:44 0, 53, 41.12, 40|1, 56, 158.38, 58|
16:11:49 0, 54, 43.97, 41|1, 57, 178.75, 59|
16:11:54 0, 54, 183.85, 40|1, 56, 42.24, 57|
16:11:59 0, 54, 40.88, 40|1, 58, 159.56, 59|
16:12:05 0, 54, 58.06, 40|1, 58, 168.40, 57|
16:12:10 0, 54, 41.84, 40|1, 58, 43.95, 59|
16:12:15 0, 54, 57.34, 41|1, 58, 160.31, 59|
16:12:20 0, 54, 166.59, 40|1, 59, 51.76, 57|
16:12:25 0, 54, 40.88, 40|1, 59, 172.50, 59|
16:12:30 0, 54, 178.22, 41|1, 58, 42.96, 58|
16:12:35 0, 54, 41.10, 40|1, 59, 169.18, 59|
16:12:40 0, 55, 126.52, 40|1, 59, 124.89, 58|
16:12:45 0, 54, 41.60, 42|1, 59, 169.51, 57|
16:12:50 0, 55, 62.10, 40|1, 59, 156.48, 59|
16:12:55 0, 54, 115.56, 41|1, 60, 77.18, 59|
16:13:00 0, 55, 58.54, 40|1, 59, 162.28, 58|
16:13:05 0, 54, 157.63, 40|1, 60, 54.15, 59|
16:13:10 0, 55, 49.00, 41|1, 59, 161.19, 59|
