16:54:22 0, 47, 28.67, 0|1, 49, 28.17, 0|
16:54:27 0, 47, 50.86, 2|1, 50, 39.17, 2|
16:54:32 0, 47, 39.46, 0|1, 50, 39.90, 0|
16:54:37 0, 52, 143.68, 100|1, 54, 51.55, 100|
16:54:42 0, 53, 180.33, 100|1, 56, 161.92, 100|
16:54:47 0, 53, 156.45, 100|1, 52, 40.81, 0|
16:54:52 0, 54, 162.88, 100|1, 55, 41.53, 0|
16:54:57 0, 51, 41.12, 0|1, 56, 84.49, 96|
16:55:02 0, 54, 40.88, 100|1, 55, 164.73, 2|
16:55:07 0, 56, 153.04, 100|1, 55, 40.11, 0|
16:55:12 0, 53, 41.84, 0|1, 57, 138.49, 100|
16:55:17 0, 55, 42.54, 0|1, 57, 169.28, 100|
16:55:22 0, 55, 138.31, 98|1, 56, 41.79, 0|
16:55:27 0, 55, 42.30, 0|1, 58, 146.39, 100|
16:55:32 0, 57, 45.18, 100|1, 56, 156.79, 0|
16:55:37 0, 55, 41.36, 0|1, 58, 155.68, 100|
16:55:42 0, 57, 43.98, 67|1, 57, 161.16, 31|
16:55:47 0, 54, 42.08, 8|1, 58, 115.44, 37|
16:55:52 0, 58, 141.41, 100|1, 56, 41.55, 0|
16:55:57 0, 58, 149.67, 100|1, 56, 41.29, 0|
16:56:03 0, 57, 63.74, 47|1, 58, 164.51, 50|
16:56:08 0, 56, 97.73, 44|1, 59, 92.78, 53|
16:56:13 0, 57, 96.90, 45|1, 58, 132.68, 52|
16:56:18 0, 56, 83.92, 47|1, 59, 137.55, 50|
16:56:23 0, 57, 107.56, 46|1, 58, 116.47, 52|
16:56:28 0, 56, 143.11, 0|1, 59, 136.43, 100|
16:56:33 0, 56, 79.08, 0|1, 59, 149.69, 100|
16:56:38 0, 58, 165.55, 100|1, 57, 42.73, 0|
16:56:43 0, 58, 151.48, 100|1, 60, 148.04, 100|
16:56:48 0, 56, 42.56, 0|1, 60, 141.89, 100|
16:56:53 0, 59, 152.12, 100|1, 59, 43.45, 58|
16:56:58 0, 59, 152.66, 100|1, 61, 138.72, 100|
16:57:03 0, 59, 158.01, 100|1, 57, 42.24, 0|
16:57:08 0, 59, 139.01, 100|1, 59, 41.29, 0|
16:57:13 0, 56, 42.54, 0|1, 61, 178.05, 100|
16:57:18 0, 60, 181.47, 100|1, 58, 42.24, 0|
16:57:23 0, 60, 161.07, 100|1, 60, 45.12, 100|
16:57:28 0, 59, 177.33, 100|1, 57, 42.24, 0|
16:57:33 0, 60, 161.24, 100|1, 60, 44.40, 70|
16:57:38 0, 57, 43.50, 0|1, 61, 178.57, 100|
16:57:43 0, 60, 154.36, 100|1, 61, 171.56, 100|
16:57:49 0, 59, 165.01, 100|1, 59, 41.28, 0|
16:57:54 0, 58, 116.67, 47|1, 59, 140.24, 50|
16:57:59 0, 58, 43.26, 46|1, 61, 182.34, 54|
16:58:04 0, 58, 175.42, 45|1, 60, 49.87, 52|
16:58:09 0, 58, 81.32, 45|1, 60, 144.99, 52|
16:58:14 0, 57, 41.57, 48|1, 61, 144.63, 49|
16:58:19 0, 59, 140.59, 100|1, 57, 42.73, 0|
16:58:24 0, 59, 167.49, 100|1, 59, 41.76, 0|
16:58:29 0, 56, 48.76, 4|1, 60, 48.01, 40|
16:58:34 0, 57, 42.54, 0|1, 60, 149.74, 100|
16:58:39 0, 58, 44.46, 0|1, 60, 153.92, 100|
16:58:44 0, 59, 156.72, 100|1, 61, 153.04, 100|
16:58:49 0, 59, 139.32, 25|1, 61, 153.52, 100|
16:58:54 0, 59, 141.23, 100|1, 58, 43.20, 0|
16:58:59 0, 59, 143.68, 100|1, 61, 154.45, 100|
16:59:04 0, 58, 43.26, 0|1, 61, 133.84, 100|
16:59:09 0, 60, 150.05, 100|1, 61, 147.77, 100|
16:59:14 0, 59, 176.66, 100|1, 61, 159.81, 100|
16:59:19 0, 60, 176.76, 100|1, 59, 43.20, 0|
16:59:24 0, 60, 141.44, 100|1, 62, 152.59, 100|
16:59:30 0, 59, 43.02, 0|1, 61, 155.98, 100|
16:59:35 0, 59, 148.62, 11|1, 61, 161.36, 100|
16:59:40 0, 58, 43.74, 0|1, 63, 164.06, 100|
16:59:45 0, 58, 65.90, 25|1, 60, 166.18, 9|
16:59:50 0, 58, 45.40, 46|1, 61, 106.45, 52|
16:59:55 0, 59, 184.05, 47|1, 60, 44.86, 50|
17:00:00 0, 59, 52.08, 47|1, 61, 177.76, 50|
17:00:05 0, 58, 77.64, 44|1, 61, 102.05, 50|
