16:13:27 0, 49, 29.15, 0|1, 53, 29.13, 0|
16:13:32 0, 49, 40.66, 0|1, 53, 40.62, 9|
16:13:37 0, 49, 41.36, 0|1, 53, 40.62, 0|
16:13:43 0, 49, 40.18, 0|1, 53, 41.10, 0|
16:13:48 0, 49, 39.94, 0|1, 53, 40.86, 0|
16:13:53 0, 52, 134.54, 45|1, 56, 58.44, 50|
16:13:58 0, 52, 43.28, 47|1, 57, 106.46, 51|
16:14:03 0, 53, 44.94, 45|1, 57, 178.06, 52|
16:14:08 0, 53, 180.07, 47|1, 56, 67.93, 51|
16:14:13 0, 54, 171.37, 45|1, 57, 48.67, 50|
16:14:18 0, 53, 42.54, 46|1, 58, 132.62, 50|
16:14:23 0, 54, 172.85, 45|1, 58, 47.26, 51|
16:14:28 0, 53, 74.48, 48|1, 58, 125.93, 49|
16:14:33 0, 54, 45.18, 45|1, 58, 178.02, 53|
16:14:38 0, 55, 143.15, 46|1, 57, 96.43, 51|
16:14:43 0, 55, 180.54, 47|1, 58, 43.20, 52|
16:14:49 0, 54, 76.07, 46|1, 59, 132.75, 51|
16:14:54 0, 55, 117.38, 45|1, 57, 120.33, 52|
16:14:59 0, 54, 169.41, 47|1, 59, 50.11, 50|
16:15:04 0, 54, 86.97, 45|1, 59, 100.74, 53|
16:15:09 0, 55, 48.28, 46|1, 59, 170.19, 51|
16:15:14 0, 56, 107.74, 48|1, 58, 119.60, 51|
16:15:19 0, 55, 172.11, 45|1, 59, 50.35, 53|
