16:09:32 0, 50, 29.15, 0|1, 53, 29.11, 0|
16:09:37 0, 50, 172.90, 4|1, 53, 40.56, 11|
16:09:42 0, 50, 41.84, 0|1, 53, 41.10, 0|
16:09:47 0, 53, 163.98, 54|1, 56, 47.74, 44|
16:09:52 0, 53, 41.33, 55|1, 56, 183.63, 46|
16:09:57 0, 54, 176.04, 54|1, 56, 40.82, 44|
16:10:02 0, 54, 138.01, 52|1, 57, 67.73, 46|
16:10:07 0, 55, 58.77, 55|1, 56, 158.28, 44|
16:10:12 0, 54, 43.05, 53|1, 56, 43.24, 46|
16:10:17 0, 55, 70.89, 53|1, 56, 158.84, 46|
16:10:22 0, 55, 168.32, 55|1, 57, 43.44, 44|
16:10:27 0, 56, 44.22, 53|1, 57, 173.02, 47|
16:10:32 0, 56, 178.55, 55|1, 56, 39.87, 44|
16:10:37 0, 56, 69.37, 53|1, 57, 130.05, 44|
16:10:42 0, 56, 51.84, 54|1, 57, 172.93, 46|
16:10:47 0, 56, 163.45, 54|1, 57, 48.22, 44|
16:10:52 0, 57, 46.35, 53|1, 57, 176.61, 46|
16:10:57 0, 57, 179.96, 55|1, 56, 40.08, 44|
16:11:02 0, 56, 43.74, 54|1, 57, 179.30, 44|
16:11:07 0, 57, 66.86, 55|1, 57, 163.31, 45|
16:11:13 0, 56, 146.47, 55|1, 58, 57.27, 44|
