17:00:24 0, 52, 29.63, 0|1, 54, 29.13, 0|
17:00:29 0, 52, 42.32, 0|1, 54, 41.34, 36|
17:00:34 0, 52, 40.88, 0|1, 54, 40.14, 0|
17:00:39 0, 56, 148.88, 100|1, 57, 43.68, 75|
17:00:44 0, 57, 164.77, 100|1, 59, 142.66, 100|
17:00:49 0, 57, 184.93, 100|1, 55, 42.25, 0|
17:00:54 0, 57, 147.63, 100|1, 57, 40.35, 0|
17:00:59 0, 54, 41.84, 0|1, 58, 97.02, 66|
17:01:04 0, 57, 43.74, 36|1, 58, 184.41, 100|
17:01:09 0, 59, 148.87, 100|1, 57, 42.00, 0|
17:01:14 0, 56, 160.57, 0|1, 59, 179.09, 100|
17:01:20 0, 57, 43.50, 0|1, 59, 164.33, 100|
17:01:25 0, 57, 176.62, 100|1, 58, 42.48, 0|
17:01:30 0, 57, 42.54, 0|1, 60, 168.23, 100|
17:01:35 0, 59, 44.22, 99|1, 59, 144.34, 59|
17:01:40 0, 57, 43.98, 0|1, 60, 142.99, 100|
17:01:45 0, 59, 44.70, 100|1, 59, 155.55, 26|
17:01:50 0, 56, 40.64, 0|1, 60, 45.85, 34|
17:01:55 0, 60, 152.04, 100|1, 58, 42.24, 0|
17:02:00 0, 60, 147.38, 100|1, 58, 42.24, 0|
17:02:05 0, 57, 134.70, 42|1, 61, 71.96, 55|
17:02:10 0, 58, 108.45, 41|1, 60, 122.22, 58|
17:02:15 0, 57, 43.26, 42|1, 61, 184.15, 58|
17:02:20 0, 57, 169.72, 42|1, 61, 54.87, 56|
17:02:25 0, 58, 71.57, 38|1, 60, 153.08, 56|
17:02:30 0, 57, 154.46, 0|1, 61, 141.23, 100|
17:02:35 0, 57, 91.62, 0|1, 61, 142.36, 100|
17:02:40 0, 59, 181.02, 100|1, 59, 43.66, 0|
17:02:45 0, 59, 139.07, 100|1, 62, 175.97, 100|
17:02:50 0, 57, 42.08, 0|1, 62, 145.76, 100|
17:02:55 0, 60, 164.83, 100|1, 60, 43.92, 53|
17:03:00 0, 61, 156.58, 100|1, 62, 154.74, 100|
17:03:06 0, 60, 153.19, 100|1, 58, 43.69, 0|
17:03:11 0, 61, 146.20, 100|1, 60, 43.68, 0|
17:03:16 0, 57, 43.74, 0|1, 62, 151.00, 100|
17:03:21 0, 61, 148.47, 100|1, 59, 41.76, 0|
17:03:26 0, 61, 145.10, 100|1, 61, 44.38, 25|
17:03:31 0, 61, 149.20, 100|1, 59, 42.72, 0|
17:03:36 0, 61, 164.07, 100|1, 61, 43.20, 50|
17:03:41 0, 58, 43.98, 0|1, 63, 178.04, 100|
17:03:46 0, 62, 144.13, 100|1, 62, 48.46, 100|
17:03:51 0, 60, 175.97, 100|1, 60, 43.20, 0|
17:03:56 0, 59, 162.04, 42|1, 61, 121.11, 58|
17:04:01 0, 59, 44.70, 41|1, 62, 177.97, 58|
17:04:06 0, 58, 42.29, 39|1, 63, 169.76, 54|
17:04:11 0, 59, 176.15, 37|1, 62, 43.90, 55|
17:04:16 0, 58, 43.74, 42|1, 62, 172.28, 57|
17:04:21 0, 60, 181.16, 100|1, 59, 43.90, 0|
17:04:26 0, 61, 185.50, 100|1, 60, 43.68, 0|
17:04:31 0, 58, 142.41, 0|1, 61, 45.12, 50|
17:04:36 0, 58, 44.22, 0|1, 62, 152.04, 100|
17:04:41 0, 59, 43.02, 0|1, 62, 159.92, 100|
17:04:47 0, 60, 159.33, 100|1, 62, 150.84, 100|
17:04:52 0, 60, 181.91, 100|1, 63, 153.04, 100|
17:04:57 0, 60, 159.68, 100|1, 60, 44.17, 0|
17:05:02 0, 61, 165.62, 100|1, 63, 186.90, 100|
17:05:07 0, 59, 44.22, 0|1, 63, 154.33, 100|
17:05:12 0, 61, 169.53, 100|1, 63, 178.77, 100|
17:05:17 0, 61, 189.32, 100|1, 63, 154.46, 100|
17:05:22 0, 61, 135.16, 100|1, 60, 44.17, 0|
17:05:27 0, 61, 140.02, 100|1, 63, 147.94, 100|
17:05:32 0, 59, 44.94, 0|1, 62, 157.40, 100|
17:05:37 0, 61, 139.40, 100|1, 63, 177.06, 100|
17:05:42 0, 58, 44.25, 0|1, 63, 58.96, 66|
17:05:47 0, 58, 160.78, 42|1, 63, 59.87, 54|
17:05:52 0, 60, 184.73, 42|1, 62, 42.72, 56|
17:05:57 0, 59, 45.18, 42|1, 62, 175.18, 57|
17:06:02 0, 59, 44.22, 42|1, 63, 159.08, 58|
17:06:07 0, 59, 185.62, 41|1, 62, 45.58, 58|
