16:07:16 0, 48, 29.15, 0|1, 53, 28.87, 0|
16:07:21 0, 48, 35.87, 0|1, 53, 35.59, 0|
16:07:26 0, 49, 187.29, 30|1, 53, 66.98, 1|
16:07:31 0, 48, 40.90, 0|1, 52, 39.66, 0|
16:07:36 0, 48, 131.90, 0|1, 52, 39.63, 0|
16:07:41 0, 51, 51.39, 49|1, 56, 173.46, 54|
16:07:46 0, 51, 166.56, 44|1, 56, 90.11, 53|
16:07:51 0, 52, 97.72, 45|1, 57, 101.69, 48|
16:07:56 0, 53, 79.42, 51|1, 56, 152.46, 54|
16:08:01 0, 53, 158.80, 48|1, 57, 65.82, 55|
16:08:06 0, 53, 56.14, 44|1, 57, 172.86, 50|
16:08:11 0, 52, 42.54, 0|1, 57, 139.76, 100|
16:08:16 0, 53, 147.46, 51|1, 58, 71.96, 55|
16:08:21 0, 54, 56.14, 44|1, 58, 168.85, 55|
16:08:26 0, 53, 171.44, 44|1, 58, 53.23, 48|
16:08:31 0, 54, 48.52, 50|1, 58, 153.51, 48|
16:08:36 0, 55, 106.08, 51|1, 58, 131.78, 50|
16:08:41 0, 54, 131.99, 48|1, 59, 84.53, 55|
16:08:46 0, 54, 81.28, 44|1, 58, 149.23, 55|
16:08:52 0, 54, 161.16, 44|1, 59, 58.67, 47|
16:08:57 0, 55, 50.44, 51|1, 59, 156.26, 48|
16:09:02 0, 55, 110.59, 51|1, 59, 130.54, 51|
16:09:07 0, 55, 123.65, 45|1, 59, 87.83, 55|
16:09:12 0, 56, 74.67, 44|1, 59, 159.23, 55|
