16:16:10 0, 49, 40.42, 0|1, 51, 28.63, 0|
16:16:15 0, 48, 41.14, 2|1, 51, 39.66, 2|
16:16:20 0, 48, 39.94, 0|1, 51, 39.17, 0|
16:16:25 0, 51, 159.51, 40|1, 55, 53.47, 57|
16:16:30 0, 51, 105.06, 43|1, 56, 79.29, 54|
16:16:35 0, 51, 40.39, 40|1, 57, 167.07, 57|
16:16:40 0, 52, 41.36, 40|1, 57, 183.30, 58|
16:16:45 0, 52, 42.32, 42|1, 57, 173.96, 56|
16:16:50 0, 51, 39.46, 0|1, 56, 41.34, 0|
16:16:55 0, 52, 41.12, 39|1, 58, 176.50, 55|
16:17:00 0, 52, 42.78, 40|1, 58, 180.96, 58|
16:17:05 0, 53, 51.13, 42|1, 58, 172.18, 56|
16:17:11 0, 53, 173.93, 40|1, 58, 43.66, 58|
16:17:16 0, 53, 166.52, 40|1, 59, 48.46, 58|
16:17:21 0, 53, 125.24, 25|1, 57, 41.79, 0|
16:17:26 0, 53, 178.31, 42|1, 58, 42.94, 57|
16:17:31 0, 53, 153.30, 40|1, 59, 54.39, 55|
16:17:36 0, 53, 40.61, 40|1, 60, 144.59, 58|
16:17:41 0, 54, 47.08, 42|1, 59, 169.40, 56|
16:17:46 0, 54, 137.62, 40|1, 59, 103.99, 58|
