16:18:06 0, 49, 28.91, 0|1, 53, 28.87, 0|
16:18:11 0, 49, 40.42, 58|1, 53, 37.01, 0|
16:18:16 0, 49, 39.94, 0|1, 53, 40.62, 0|
16:18:22 0, 48, 39.94, 0|1, 52, 40.62, 0|
16:18:32 0, 48, 39.70, 0|1, 52, 39.66, 0|
16:18:37 0, 48, 39.70, 0|1, 52, 39.42, 0|
16:18:42 0, 49, 125.79, 100|1, 51, 35.32, 0|
16:18:47 0, 50, 99.74, 44|1, 56, 134.56, 53|
16:18:52 0, 52, 181.90, 44|1, 56, 42.46, 50|
16:18:57 0, 51, 40.88, 48|1, 57, 183.11, 54|
16:19:02 0, 52, 157.55, 47|1, 57, 51.79, 53|
16:19:07 0, 53, 92.89, 44|1, 56, 130.22, 50|
16:19:12 0, 52, 125.71, 68|1, 55, 39.39, 4|
16:19:17 0, 53, 172.13, 46|1, 57, 47.26, 50|
16:19:22 0, 53, 67.81, 48|1, 57, 153.02, 54|
16:19:27 0, 53, 41.36, 46|1, 58, 182.37, 53|
16:19:32 0, 53, 145.12, 48|1, 59, 70.33, 53|
16:19:37 0, 54, 175.57, 45|1, 57, 41.28, 53|
16:19:43 0, 54, 135.88, 100|1, 56, 44.65, 0|
16:19:48 0, 54, 181.63, 48|1, 58, 43.90, 52|
16:19:53 0, 54, 46.12, 48|1, 58, 170.76, 53|
16:19:58 0, 54, 84.58, 47|1, 59, 136.40, 53|
16:20:03 0, 54, 157.86, 46|1, 59, 59.39, 52|
16:20:08 0, 55, 181.61, 44|1, 58, 41.28, 54|
