23:31:45 0, 48, 28.67, 0|1, 50, 28.15, 0|
23:31:50 0, 48, 35.63, 0|1, 50, 34.39, 0|
23:31:55 0, 48, 35.63, 0|1, 50, 34.39, 0|
23:32:00 0, 48, 35.63, 0|1, 50, 34.39, 0|
23:32:05 0, 48, 35.63, 0|1, 49, 34.39, 0|
23:32:10 0, 48, 35.63, 0|1, 50, 34.39, 0|
23:32:16 0, 48, 35.63, 0|1, 50, 34.39, 0|
23:32:21 0, 48, 35.63, 0|1, 50, 34.39, 0|
23:32:26 0, 48, 35.63, 0|1, 50, 34.39, 0|
23:32:31 0, 48, 35.63, 0|1, 50, 34.39, 0|
23:32:36 0, 48, 35.63, 0|1, 50, 34.39, 0|
23:32:41 0, 48, 35.63, 0|1, 49, 34.39, 0|
23:32:46 0, 48, 35.63, 0|1, 49, 34.39, 0|
23:32:51 0, 48, 35.63, 0|1, 50, 34.39, 0|
23:32:56 0, 48, 35.63, 0|1, 50, 34.39, 0|
23:33:01 0, 48, 35.63, 0|1, 49, 34.39, 0|
23:33:06 0, 48, 35.63, 0|1, 49, 34.39, 0|
23:33:11 0, 48, 35.63, 0|1, 49, 34.39, 0|
23:33:16 0, 48, 35.63, 0|1, 49, 34.39, 0|
23:33:25 0, 48, 35.63, 0|1, 50, 34.39, 0|
23:33:30 0, 48, 35.63, 0|1, 49, 34.39, 0|
23:33:38 0, 48, 35.63, 0|1, 49, 34.39, 0|
23:33:45 0, 48, 35.63, 0|1, 50, 34.39, 0|
23:33:50 0, 48, 35.63, 0|1, 50, 34.39, 0|
23:33:55 0, 48, 35.63, 0|1, 50, 34.39, 0|
23:34:00 0, 48, 35.63, 0|1, 50, 34.39, 0|
23:34:05 0, 48, 35.63, 0|1, 50, 34.39, 0|
23:34:10 0, 48, 35.63, 0|1, 50, 34.39, 0|
23:34:15 0, 48, 35.63, 0|1, 50, 34.39, 0|
23:34:20 0, 48, 35.63, 0|1, 49, 34.39, 0|
23:34:25 0, 48, 35.63, 0|1, 50, 34.39, 1|
23:34:30 0, 48, 35.63, 2|1, 49, 34.39, 1|
23:34:35 0, 48, 35.63, 0|1, 50, 34.39, 1|
23:34:40 0, 48, 35.63, 0|1, 50, 34.39, 0|
23:34:45 0, 48, 35.63, 0|1, 49, 34.39, 0|
23:34:50 0, 48, 35.63, 0|1, 50, 34.39, 0|
23:34:55 0, 53, 176.08, 99|1, 55, 172.37, 98|
23:35:00 0, 55, 146.94, 99|1, 57, 149.78, 97|
23:35:05 0, 56, 122.79, 99|1, 58, 132.57, 97|
23:35:10 0, 57, 140.03, 99|1, 59, 145.75, 99|
23:35:15 0, 58, 157.68, 99|1, 60, 132.03, 97|
23:35:20 0, 59, 170.53, 99|1, 61, 157.35, 98|
23:35:26 0, 60, 158.64, 99|1, 62, 154.01, 97|
23:35:31 0, 60, 150.47, 99|1, 62, 151.34, 96|
23:35:36 0, 61, 177.94, 99|1, 63, 172.90, 98|
23:35:41 0, 62, 175.35, 99|1, 64, 174.40, 98|
23:35:46 0, 63, 175.12, 99|1, 64, 165.09, 98|
23:35:51 0, 63, 169.10, 99|1, 65, 162.60, 98|
23:35:56 0, 63, 142.55, 99|1, 65, 155.81, 98|
23:36:01 0, 63, 176.29, 99|1, 65, 181.51, 98|
23:36:06 0, 63, 133.78, 99|1, 65, 147.15, 98|
23:36:11 0, 64, 137.44, 99|1, 65, 144.48, 95|
23:36:16 0, 64, 178.88, 99|1, 65, 152.91, 98|
23:36:21 0, 63, 134.54, 99|1, 65, 115.80, 98|
23:36:26 0, 64, 134.90, 99|1, 65, 111.48, 98|
23:36:31 0, 64, 147.29, 99|1, 66, 158.96, 98|
23:36:36 0, 64, 159.48, 99|1, 65, 161.52, 98|
23:36:41 0, 64, 154.39, 99|1, 66, 127.37, 98|
23:36:46 0, 64, 139.90, 99|1, 66, 119.03, 99|
23:36:51 0, 64, 144.07, 99|1, 65, 140.79, 99|
23:36:56 0, 64, 148.65, 99|1, 66, 157.01, 99|
23:37:02 0, 65, 172.40, 99|1, 66, 162.08, 97|
23:37:07 0, 65, 158.86, 99|1, 66, 155.38, 99|
23:37:12 0, 65, 161.37, 99|1, 66, 161.98, 99|
23:37:17 0, 65, 175.12, 99|1, 66, 170.03, 95|
23:37:22 0, 65, 141.61, 99|1, 66, 150.13, 99|
23:37:27 0, 66, 174.27, 99|1, 66, 171.81, 99|
23:37:32 0, 66, 181.27, 99|1, 66, 178.35, 97|
23:37:37 0, 66, 141.87, 99|1, 66, 141.25, 98|
23:37:42 0, 66, 144.24, 99|1, 67, 156.06, 97|
23:37:47 0, 66, 145.72, 99|1, 67, 142.14, 98|
23:37:52 0, 66, 143.04, 99|1, 67, 156.27, 99|
23:37:57 0, 67, 173.49, 99|1, 67, 157.82, 98|
23:38:02 0, 67, 184.77, 99|1, 67, 148.68, 97|
23:38:07 0, 67, 154.37, 99|1, 67, 160.82, 99|
23:38:12 0, 67, 166.21, 100|1, 67, 154.84, 100|
23:38:17 0, 67, 171.21, 100|1, 67, 177.83, 99|
23:38:22 0, 67, 146.43, 97|1, 67, 139.46, 99|
23:38:27 0, 67, 144.45, 100|1, 68, 144.00, 96|
23:38:32 0, 67, 163.98, 99|1, 68, 167.35, 98|
23:38:38 0, 67, 149.26, 99|1, 68, 142.51, 97|
23:38:43 0, 68, 173.12, 99|1, 68, 176.33, 97|
23:38:48 0, 68, 141.94, 99|1, 68, 116.00, 94|
23:38:53 0, 68, 143.75, 99|1, 68, 158.80, 97|
23:38:58 0, 68, 160.89, 100|1, 68, 172.43, 99|
23:39:03 0, 68, 155.41, 100|1, 69, 111.26, 100|
23:39:08 0, 68, 171.32, 100|1, 69, 164.84, 98|
23:39:13 0, 68, 174.07, 100|1, 69, 170.16, 99|
23:39:18 0, 68, 152.33, 99|1, 69, 166.49, 97|
23:39:23 0, 68, 143.81, 99|1, 69, 154.49, 99|
23:39:28 0, 69, 122.87, 99|1, 69, 125.20, 96|
23:39:33 0, 69, 175.94, 100|1, 69, 171.94, 99|
23:39:38 0, 69, 186.34, 99|1, 69, 172.53, 97|
23:39:43 0, 69, 163.27, 99|1, 69, 160.47, 99|
23:39:48 0, 69, 174.65, 100|1, 69, 167.39, 100|
23:39:53 0, 69, 165.99, 99|1, 69, 173.70, 98|
23:39:58 0, 69, 164.59, 100|1, 69, 169.23, 99|
23:40:03 0, 69, 177.60, 100|1, 69, 176.09, 100|
23:40:08 0, 69, 200.08, 100|1, 69, 191.51, 100|
23:40:14 0, 69, 204.55, 100|1, 69, 185.62, 100|
23:40:19 0, 69, 196.07, 100|1, 70, 121.27, 100|
23:40:24 0, 69, 165.77, 100|1, 70, 165.32, 100|
23:40:29 0, 69, 172.97, 100|1, 70, 174.45, 100|
23:40:34 0, 69, 167.90, 99|1, 69, 161.41, 97|
23:40:39 0, 69, 109.11, 99|1, 69, 124.44, 98|
23:40:44 0, 69, 131.84, 100|1, 69, 144.86, 100|
23:40:49 0, 69, 161.48, 99|1, 69, 154.65, 99|
23:40:54 0, 69, 161.35, 67|1, 69, 153.18, 61|
23:40:59 0, 69, 144.93, 99|1, 69, 158.08, 97|
23:41:04 0, 69, 151.16, 99|1, 69, 157.92, 98|
23:41:09 0, 69, 149.35, 99|1, 69, 140.14, 98|
23:41:14 0, 69, 158.91, 99|1, 69, 162.83, 98|
23:41:19 0, 69, 146.84, 99|1, 69, 151.90, 98|
23:41:24 0, 69, 132.54, 86|1, 69, 143.45, 89|
23:41:29 0, 69, 159.24, 99|1, 69, 168.70, 97|
23:41:34 0, 69, 149.58, 99|1, 69, 139.44, 98|
23:41:39 0, 69, 198.47, 99|1, 69, 164.38, 98|
23:41:45 0, 69, 146.37, 99|1, 69, 149.63, 93|
23:41:50 0, 69, 132.61, 99|1, 69, 163.30, 96|
23:41:55 0, 69, 145.41, 99|1, 69, 157.46, 98|
23:42:00 0, 69, 174.77, 99|1, 70, 167.82, 97|
23:42:05 0, 69, 168.63, 99|1, 70, 165.21, 98|
23:42:10 0, 69, 146.13, 99|1, 69, 143.79, 97|
23:42:15 0, 70, 146.11, 99|1, 69, 146.15, 98|
23:42:20 0, 70, 139.56, 99|1, 70, 145.59, 97|
23:42:25 0, 69, 150.84, 99|1, 70, 146.99, 99|
23:42:30 0, 69, 149.59, 99|1, 69, 140.33, 99|
23:42:35 0, 69, 159.33, 100|1, 70, 109.89, 99|
23:42:40 0, 70, 170.95, 99|1, 70, 155.59, 98|
23:42:45 0, 69, 168.37, 99|1, 69, 154.16, 99|
23:42:50 0, 69, 146.60, 99|1, 69, 151.42, 99|
23:42:55 0, 69, 155.08, 99|1, 69, 187.01, 99|
23:43:00 0, 70, 139.02, 99|1, 70, 160.11, 99|
23:43:05 0, 69, 180.40, 99|1, 69, 114.85, 99|
23:43:10 0, 69, 166.24, 99|1, 70, 162.01, 98|
23:43:15 0, 70, 129.62, 100|1, 70, 133.69, 99|
23:43:21 0, 69, 168.22, 100|1, 69, 119.76, 95|
23:43:26 0, 69, 177.13, 99|1, 70, 187.85, 98|
23:43:31 0, 69, 160.80, 100|1, 69, 159.08, 96|
23:43:36 0, 69, 159.62, 99|1, 69, 163.26, 95|
23:43:41 0, 70, 129.53, 100|1, 70, 150.00, 100|
23:43:46 0, 69, 175.23, 100|1, 70, 168.28, 99|
23:43:51 0, 69, 168.46, 99|1, 69, 188.56, 97|
23:43:56 0, 69, 149.42, 100|1, 70, 140.71, 100|
23:44:01 0, 69, 162.07, 99|1, 69, 144.26, 97|
23:44:06 0, 70, 195.15, 100|1, 69, 188.06, 100|
23:44:11 0, 69, 130.01, 99|1, 69, 155.22, 93|
23:44:16 0, 69, 167.66, 99|1, 70, 165.07, 99|
23:44:21 0, 69, 137.11, 100|1, 70, 146.68, 100|
23:44:26 0, 69, 155.07, 100|1, 70, 154.97, 100|
23:44:31 0, 69, 150.76, 99|1, 69, 135.89, 94|
23:44:36 0, 69, 146.58, 99|1, 69, 143.20, 100|
23:44:41 0, 69, 126.91, 99|1, 69, 110.61, 99|
23:44:46 0, 69, 123.67, 100|1, 69, 148.11, 96|
23:44:51 0, 70, 197.25, 100|1, 70, 192.08, 100|
23:44:57 0, 69, 177.13, 100|1, 70, 174.08, 98|
23:45:02 0, 69, 143.51, 99|1, 69, 149.84, 96|
23:45:07 0, 69, 169.17, 99|1, 70, 189.03, 100|
23:45:12 0, 69, 175.46, 100|1, 70, 171.24, 100|
23:45:17 0, 68, 143.52, 99|1, 68, 136.20, 97|
23:45:22 0, 68, 160.37, 99|1, 69, 140.62, 97|
23:45:27 0, 69, 157.41, 99|1, 69, 122.61, 99|
23:45:32 0, 69, 189.29, 99|1, 69, 182.55, 97|
23:45:37 0, 69, 110.24, 99|1, 69, 123.54, 98|
23:45:42 0, 69, 179.60, 99|1, 69, 119.50, 98|
23:45:47 0, 69, 158.39, 99|1, 69, 108.40, 98|
23:45:52 0, 69, 117.60, 99|1, 69, 113.48, 98|
23:45:57 0, 69, 129.12, 99|1, 69, 139.04, 98|
23:46:02 0, 69, 158.28, 99|1, 69, 155.22, 98|
23:46:07 0, 69, 117.71, 99|1, 69, 107.03, 97|
23:46:12 0, 69, 149.83, 99|1, 70, 157.95, 97|
23:46:17 0, 69, 174.26, 100|1, 69, 192.32, 97|
23:46:22 0, 69, 108.99, 100|1, 69, 122.59, 96|
23:46:28 0, 69, 129.13, 99|1, 69, 145.90, 96|
23:46:33 0, 69, 143.10, 99|1, 69, 144.56, 99|
23:46:38 0, 69, 160.15, 99|1, 69, 131.39, 98|
23:46:43 0, 69, 162.06, 99|1, 69, 181.26, 97|
23:46:48 0, 69, 154.70, 99|1, 70, 170.65, 97|
23:46:53 0, 69, 160.06, 100|1, 69, 154.76, 98|
23:46:58 0, 69, 158.47, 99|1, 69, 119.03, 96|
23:47:03 0, 69, 149.58, 99|1, 69, 150.30, 95|
23:47:08 0, 69, 170.73, 99|1, 69, 152.91, 99|
23:47:13 0, 69, 192.82, 100|1, 70, 174.82, 97|
23:47:18 0, 69, 145.41, 99|1, 69, 150.34, 96|
23:47:23 0, 69, 129.05, 100|1, 69, 158.08, 97|
23:47:28 0, 69, 147.08, 99|1, 69, 145.21, 97|
23:47:33 0, 69, 143.04, 100|1, 70, 146.06, 100|
23:47:38 0, 69, 132.46, 99|1, 70, 147.46, 99|
23:47:43 0, 69, 133.31, 99|1, 70, 147.46, 97|
23:47:48 0, 69, 147.31, 99|1, 69, 167.82, 98|
23:47:53 0, 69, 145.89, 99|1, 69, 140.56, 99|
23:47:58 0, 69, 146.60, 99|1, 69, 144.50, 97|
23:48:04 0, 69, 121.85, 99|1, 69, 146.76, 95|
23:48:09 0, 68, 140.98, 97|1, 68, 127.83, 96|
23:48:14 0, 69, 175.48, 99|1, 70, 154.65, 99|
23:48:19 0, 69, 183.86, 99|1, 69, 197.15, 97|
23:48:24 0, 70, 174.52, 99|1, 70, 174.68, 100|
23:48:29 0, 69, 129.93, 100|1, 69, 156.40, 95|
23:48:34 0, 69, 151.86, 99|1, 70, 162.12, 97|
23:48:39 0, 69, 165.30, 100|1, 70, 143.88, 99|
23:48:44 0, 69, 155.12, 99|1, 70, 130.75, 100|
23:48:49 0, 69, 177.48, 99|1, 70, 188.33, 98|
23:48:54 0, 69, 175.12, 99|1, 69, 184.93, 97|
23:48:59 0, 69, 180.91, 99|1, 69, 163.63, 98|
23:49:04 0, 69, 198.00, 99|1, 69, 178.53, 98|
23:49:09 0, 69, 195.29, 99|1, 69, 174.18, 94|
23:49:14 0, 69, 147.05, 99|1, 70, 144.02, 94|
23:49:19 0, 69, 147.39, 100|1, 70, 130.84, 100|
23:49:24 0, 69, 169.23, 99|1, 70, 170.78, 99|
23:49:29 0, 68, 148.87, 99|1, 69, 143.05, 99|
23:49:34 0, 69, 137.59, 100|1, 69, 159.25, 100|
23:49:39 0, 68, 145.64, 99|1, 69, 140.56, 98|
23:49:45 0, 69, 115.17, 100|1, 70, 144.15, 96|
23:49:50 0, 68, 146.37, 99|1, 69, 166.25, 97|
23:49:55 0, 69, 196.80, 100|1, 70, 186.71, 100|
23:50:00 0, 68, 147.29, 99|1, 69, 140.54, 98|
23:50:05 0, 68, 168.37, 100|1, 70, 174.08, 99|
23:50:10 0, 68, 149.11, 100|1, 70, 143.53, 99|
23:50:15 0, 68, 160.28, 99|1, 69, 176.90, 98|
23:50:20 0, 68, 145.64, 99|1, 69, 150.55, 98|
23:50:25 0, 68, 152.33, 99|1, 69, 159.13, 98|
23:50:30 0, 68, 161.60, 100|1, 69, 174.93, 98|
23:50:35 0, 68, 171.56, 100|1, 69, 179.06, 98|
23:50:40 0, 68, 176.79, 100|1, 70, 174.70, 97|
23:50:45 0, 68, 170.39, 100|1, 70, 167.57, 100|
23:50:50 0, 68, 168.28, 99|1, 69, 173.84, 98|
23:50:55 0, 68, 160.66, 99|1, 70, 170.18, 99|
23:51:00 0, 68, 196.60, 99|1, 69, 154.00, 97|
23:51:05 0, 68, 201.73, 99|1, 69, 126.02, 99|
23:51:10 0, 68, 196.93, 100|1, 70, 199.94, 97|
23:51:16 0, 68, 176.64, 100|1, 70, 173.61, 100|
23:51:21 0, 68, 146.84, 99|1, 69, 161.17, 98|
23:51:26 0, 68, 154.84, 100|1, 69, 172.75, 100|
23:51:31 0, 68, 173.11, 100|1, 69, 172.18, 100|
23:51:36 0, 68, 181.96, 99|1, 69, 145.05, 98|
23:51:41 0, 68, 170.97, 100|1, 69, 180.32, 100|
23:51:46 0, 67, 145.64, 99|1, 69, 143.79, 98|
23:51:51 0, 68, 178.08, 100|1, 69, 165.09, 100|
23:51:56 0, 68, 168.37, 99|1, 69, 141.97, 98|
23:52:01 0, 68, 173.34, 100|1, 70, 169.59, 100|
23:52:06 0, 67, 159.79, 99|1, 69, 113.38, 99|
23:52:11 0, 68, 172.26, 99|1, 69, 170.31, 100|
23:52:16 0, 68, 167.06, 100|1, 69, 161.43, 100|
23:52:21 0, 67, 148.39, 99|1, 69, 152.47, 95|
23:52:26 0, 67, 159.82, 99|1, 69, 162.02, 99|
23:52:31 0, 68, 173.34, 100|1, 70, 171.24, 100|
23:52:36 0, 68, 59.74, 100|1, 69, 56.79, 96|
23:52:41 0, 68, 140.91, 100|1, 69, 140.78, 94|
23:52:46 0, 67, 181.51, 99|1, 69, 130.20, 97|
23:52:52 0, 68, 175.23, 100|1, 70, 174.92, 100|
23:52:57 0, 68, 194.11, 99|1, 70, 147.89, 97|
23:53:02 0, 67, 136.89, 99|1, 69, 116.72, 96|
23:53:07 0, 67, 174.88, 86|1, 69, 185.62, 85|
23:53:12 0, 67, 119.68, 99|1, 69, 135.63, 98|
23:53:17 0, 67, 179.12, 99|1, 68, 161.73, 98|
23:53:22 0, 67, 150.91, 99|1, 69, 140.55, 97|
23:53:27 0, 67, 195.76, 99|1, 69, 142.45, 98|
23:53:32 0, 67, 155.02, 99|1, 69, 126.64, 99|
23:53:37 0, 67, 145.10, 99|1, 69, 143.14, 98|
23:53:42 0, 67, 153.75, 99|1, 69, 148.92, 98|
23:53:47 0, 67, 147.78, 99|1, 69, 154.87, 98|
23:53:52 0, 67, 144.44, 99|1, 69, 145.50, 98|
23:53:57 0, 68, 151.46, 99|1, 69, 149.12, 99|
23:54:02 0, 67, 168.34, 99|1, 69, 158.35, 97|
23:54:07 0, 68, 135.15, 99|1, 69, 148.10, 95|
23:54:12 0, 67, 190.32, 99|1, 69, 169.55, 98|
23:54:17 0, 67, 176.43, 99|1, 69, 173.58, 99|
23:54:22 0, 67, 139.56, 99|1, 69, 141.41, 99|
23:54:28 0, 68, 155.18, 99|1, 69, 143.56, 98|
23:54:33 0, 68, 130.32, 100|1, 69, 141.00, 100|
23:54:38 0, 67, 168.03, 99|1, 69, 167.51, 97|
23:54:43 0, 67, 109.75, 99|1, 69, 119.57, 92|
23:54:48 0, 67, 131.68, 99|1, 69, 144.95, 99|
23:54:53 0, 67, 165.07, 100|1, 69, 192.45, 97|
23:54:58 0, 68, 202.45, 99|1, 70, 188.42, 99|
23:55:03 0, 68, 168.83, 99|1, 69, 170.78, 98|
23:55:08 0, 67, 130.79, 99|1, 69, 142.10, 97|
23:55:13 0, 68, 171.32, 99|1, 69, 179.05, 97|
23:55:18 0, 68, 148.63, 100|1, 69, 148.57, 97|
23:55:23 0, 68, 122.24, 99|1, 69, 143.68, 97|
23:55:28 0, 67, 169.77, 99|1, 69, 167.35, 99|
23:55:33 0, 68, 178.44, 100|1, 69, 174.45, 99|
23:55:38 0, 68, 175.01, 99|1, 70, 169.60, 98|
23:55:43 0, 68, 168.13, 99|1, 69, 152.83, 97|
23:55:48 0, 67, 180.90, 99|1, 69, 120.61, 99|
23:55:53 0, 67, 150.62, 100|1, 69, 143.29, 94|
23:55:59 0, 68, 167.42, 100|1, 70, 167.57, 100|
23:56:04 0, 68, 193.05, 99|1, 69, 187.72, 98|
23:56:09 0, 68, 196.58, 100|1, 70, 172.38, 100|
23:56:14 0, 67, 125.97, 99|1, 69, 105.43, 94|
23:56:19 0, 68, 176.19, 99|1, 70, 176.33, 98|
23:56:24 0, 68, 169.77, 100|1, 70, 121.88, 100|
23:56:29 0, 67, 161.23, 99|1, 69, 128.08, 96|
23:56:34 0, 67, 186.30, 99|1, 69, 167.66, 98|
23:56:39 0, 67, 151.71, 99|1, 69, 150.95, 99|
23:56:44 0, 67, 145.18, 99|1, 69, 144.98, 97|
23:56:49 0, 67, 146.37, 99|1, 69, 140.79, 98|
23:56:54 0, 67, 146.22, 99|1, 69, 117.59, 98|
23:56:59 0, 67, 114.87, 99|1, 69, 125.15, 98|
23:57:04 0, 67, 162.69, 99|1, 69, 159.61, 96|
23:57:09 0, 68, 170.86, 100|1, 70, 169.69, 100|
23:57:14 0, 67, 151.48, 99|1, 69, 139.84, 98|
23:57:19 0, 67, 116.94, 100|1, 69, 123.95, 96|
23:57:24 0, 67, 165.06, 100|1, 69, 172.66, 99|
23:57:29 0, 67, 164.91, 99|1, 69, 121.58, 95|
23:57:35 0, 68, 169.20, 99|1, 69, 172.66, 98|
23:57:40 0, 67, 109.27, 100|1, 69, 132.97, 100|
23:57:45 0, 67, 162.04, 76|1, 69, 143.53, 98|
23:57:50 0, 68, 178.20, 100|1, 70, 176.09, 100|
23:57:55 0, 67, 191.27, 99|1, 69, 186.67, 98|
23:58:00 0, 68, 146.90, 99|1, 69, 140.53, 94|
23:58:05 0, 68, 146.84, 99|1, 69, 150.10, 98|
23:58:10 0, 67, 154.46, 99|1, 69, 145.21, 99|
23:58:15 0, 68, 178.66, 99|1, 70, 176.11, 100|
23:58:20 0, 68, 177.98, 100|1, 70, 177.42, 100|
23:58:25 0, 68, 176.79, 100|1, 70, 172.90, 100|
23:58:30 0, 68, 172.87, 100|1, 69, 171.96, 99|
23:58:35 0, 68, 169.43, 99|1, 70, 174.23, 99|
23:58:40 0, 68, 158.86, 99|1, 69, 154.96, 98|
23:58:45 0, 67, 109.51, 99|1, 69, 126.01, 97|
23:58:50 0, 68, 126.03, 99|1, 69, 148.49, 94|
23:58:55 0, 68, 158.87, 100|1, 70, 163.90, 100|
23:59:00 0, 68, 169.20, 100|1, 70, 172.90, 99|
23:59:05 0, 67, 155.55, 81|1, 69, 156.39, 79|
23:59:11 0, 68, 145.38, 100|1, 69, 147.00, 100|
23:59:16 0, 68, 178.68, 99|1, 70, 172.19, 100|
23:59:21 0, 68, 166.18, 99|1, 69, 136.93, 98|
23:59:26 0, 68, 171.10, 100|1, 70, 169.35, 100|
23:59:31 0, 67, 148.15, 99|1, 69, 151.52, 98|
23:59:36 0, 68, 172.63, 100|1, 70, 170.06, 100|
23:59:41 0, 68, 176.55, 99|1, 69, 175.09, 97|
23:59:46 0, 68, 172.40, 99|1, 70, 171.02, 100|
23:59:51 0, 68, 184.91, 99|1, 69, 142.92, 94|
23:59:56 0, 68, 144.22, 99|1, 69, 150.34, 96|
00:00:01 0, 68, 175.70, 100|1, 70, 175.15, 100|
00:00:06 0, 68, 173.83, 100|1, 69, 172.52, 100|
00:00:11 0, 67, 165.66, 99|1, 69, 192.67, 97|
00:00:16 0, 68, 175.24, 99|1, 69, 170.07, 99|
00:00:21 0, 68, 173.58, 100|1, 70, 174.92, 100|
00:00:26 0, 68, 144.55, 100|1, 70, 124.82, 100|
00:00:31 0, 68, 178.10, 100|1, 69, 180.32, 100|
00:00:36 0, 68, 172.50, 100|1, 70, 171.96, 98|
00:00:41 0, 68, 158.86, 100|1, 69, 166.75, 98|
00:00:47 0, 63, 46.87, 0|1, 65, 46.09, 0|
