15:52:52 0, 55, 30.59, 0|1, 55, 29.83, 0|
15:52:57 0, 55, 38.50, 28|1, 55, 36.77, 28|
15:53:02 0, 59, 170.14, 99|1, 60, 161.12, 86|
15:53:07 0, 61, 128.96, 99|1, 62, 163.04, 97|
15:53:12 0, 62, 181.74, 99|1, 63, 182.34, 97|
15:53:17 0, 63, 139.66, 99|1, 64, 139.82, 97|
15:53:22 0, 64, 184.68, 99|1, 65, 140.39, 98|
15:53:27 0, 64, 134.66, 99|1, 65, 158.94, 98|
15:53:32 0, 64, 168.27, 88|1, 66, 159.94, 99|
15:53:37 0, 65, 138.85, 99|1, 66, 136.20, 96|
15:53:42 0, 65, 139.08, 99|1, 66, 133.83, 98|
15:53:47 0, 66, 162.70, 99|1, 66, 153.63, 99|
15:53:52 0, 66, 165.99, 99|1, 67, 158.74, 97|
15:53:57 0, 66, 158.26, 99|1, 67, 140.21, 97|
15:54:02 0, 66, 160.50, 99|1, 67, 164.81, 98|
15:54:07 0, 66, 174.77, 99|1, 67, 175.71, 97|
15:54:13 0, 67, 158.30, 99|1, 67, 158.00, 98|
15:54:18 0, 67, 190.69, 99|1, 67, 172.15, 97|
15:54:23 0, 67, 169.99, 99|1, 68, 159.01, 97|
15:54:28 0, 67, 161.95, 99|1, 68, 124.85, 98|
15:54:33 0, 67, 140.98, 99|1, 68, 155.48, 98|
15:54:38 0, 67, 125.56, 99|1, 68, 141.79, 99|
15:54:43 0, 67, 149.83, 99|1, 68, 143.08, 98|
15:54:48 0, 67, 159.78, 99|1, 68, 155.35, 96|
15:54:53 0, 67, 149.11, 99|1, 68, 144.00, 98|
15:54:58 0, 67, 142.10, 99|1, 68, 143.29, 97|
15:55:03 0, 67, 139.64, 99|1, 68, 132.82, 98|
15:55:08 0, 68, 149.50, 99|1, 68, 136.84, 98|
15:55:13 0, 68, 187.77, 99|1, 68, 153.37, 99|
15:55:18 0, 68, 175.21, 99|1, 68, 172.42, 98|
15:55:23 0, 68, 148.57, 99|1, 68, 134.31, 97|
15:55:28 0, 68, 139.57, 92|1, 68, 116.57, 98|
15:55:33 0, 68, 175.27, 99|1, 68, 166.50, 99|
15:55:38 0, 68, 135.79, 99|1, 69, 142.11, 98|
15:55:44 0, 68, 123.90, 99|1, 68, 88.03, 99|
15:55:49 0, 68, 174.42, 99|1, 68, 189.05, 99|
15:55:54 0, 68, 112.47, 99|1, 68, 140.54, 95|
15:55:59 0, 67, 159.23, 99|1, 68, 179.16, 98|
15:56:04 0, 68, 168.25, 99|1, 68, 152.01, 99|
15:56:09 0, 68, 101.89, 99|1, 68, 113.95, 97|
15:56:14 0, 68, 107.55, 99|1, 68, 139.37, 99|
15:56:19 0, 68, 184.80, 99|1, 69, 194.58, 99|
15:56:24 0, 68, 156.25, 99|1, 68, 176.70, 98|
15:56:29 0, 68, 145.51, 99|1, 68, 126.72, 97|
15:56:34 0, 68, 187.97, 99|1, 68, 162.83, 99|
15:56:39 0, 68, 121.04, 99|1, 69, 77.89, 97|
15:56:44 0, 68, 187.30, 99|1, 69, 178.06, 99|
15:56:49 0, 68, 178.55, 99|1, 69, 190.20, 99|
15:56:54 0, 64, 47.11, 0|1, 64, 39.41, 0|
