15:44:35 0, 47, 28.67, 0|1, 50, 28.17, 0|
15:44:40 0, 48, 35.15, 0|1, 50, 34.39, 0|
15:44:45 0, 48, 35.15, 0|1, 50, 34.41, 0|
15:44:50 0, 48, 35.15, 0|1, 50, 34.39, 0|
15:44:55 0, 48, 35.15, 0|1, 50, 34.39, 0|
15:45:00 0, 48, 35.15, 0|1, 49, 34.39, 0|
15:45:05 0, 47, 35.15, 0|1, 50, 34.39, 0|
15:45:10 0, 48, 35.15, 0|1, 50, 34.39, 0|
15:45:15 0, 47, 35.15, 0|1, 49, 34.39, 0|
15:45:20 0, 47, 35.15, 0|1, 49, 34.39, 0|
15:45:25 0, 48, 35.15, 0|1, 49, 34.39, 0|
15:45:30 0, 47, 35.15, 0|1, 50, 34.39, 0|
15:45:35 0, 48, 35.15, 0|1, 50, 34.39, 0|
15:45:40 0, 47, 35.15, 0|1, 49, 34.39, 0|
15:45:47 0, 48, 35.15, 0|1, 49, 34.39, 0|
15:45:52 0, 48, 35.15, 0|1, 50, 34.41, 0|
15:45:57 0, 48, 35.15, 0|1, 50, 34.39, 0|
15:46:02 0, 48, 35.15, 0|1, 50, 34.39, 0|
15:46:07 0, 53, 147.79, 96|1, 56, 147.08, 96|
15:46:13 0, 55, 154.55, 96|1, 57, 147.64, 96|
15:46:18 0, 56, 152.13, 96|1, 58, 141.64, 96|
15:46:23 0, 57, 152.00, 96|1, 59, 146.03, 96|
15:46:28 0, 57, 143.74, 96|1, 60, 141.03, 96|
15:46:33 0, 58, 157.47, 96|1, 60, 145.30, 96|
15:46:38 0, 59, 156.59, 95|1, 61, 153.78, 95|
15:46:43 0, 60, 147.14, 95|1, 62, 147.64, 95|
15:46:48 0, 61, 155.99, 95|1, 62, 147.36, 96|
15:46:53 0, 61, 151.93, 96|1, 63, 151.85, 95|
15:46:58 0, 62, 150.52, 95|1, 63, 151.33, 90|
15:47:03 0, 62, 151.54, 96|1, 64, 154.87, 95|
15:47:08 0, 63, 150.35, 96|1, 64, 152.98, 96|
15:47:13 0, 63, 156.50, 95|1, 65, 149.50, 95|
15:47:18 0, 63, 150.95, 95|1, 65, 151.80, 95|
15:47:23 0, 63, 153.03, 95|1, 65, 152.25, 95|
15:47:28 0, 63, 156.55, 86|1, 65, 151.21, 86|
15:47:33 0, 64, 161.43, 95|1, 65, 156.44, 96|
15:47:38 0, 64, 165.49, 97|1, 65, 169.93, 96|
15:47:43 0, 64, 169.45, 97|1, 66, 173.15, 97|
15:47:49 0, 65, 160.98, 97|1, 66, 158.09, 96|
15:47:54 0, 65, 173.00, 97|1, 66, 163.28, 97|
15:47:59 0, 65, 169.80, 97|1, 66, 166.39, 96|
15:48:04 0, 65, 173.31, 97|1, 66, 167.30, 96|
15:48:09 0, 65, 173.33, 97|1, 66, 164.46, 97|
15:48:14 0, 66, 98.08, 97|1, 67, 88.55, 96|
15:48:19 0, 66, 164.46, 97|1, 67, 162.70, 97|
15:48:24 0, 66, 166.69, 97|1, 67, 164.21, 96|
15:48:29 0, 66, 174.92, 97|1, 67, 166.07, 97|
15:48:34 0, 66, 162.37, 97|1, 67, 160.84, 87|
15:48:39 0, 66, 174.98, 97|1, 67, 163.17, 97|
15:48:44 0, 67, 166.99, 97|1, 67, 162.51, 97|
15:48:49 0, 67, 168.50, 97|1, 67, 162.90, 97|
15:48:54 0, 66, 156.72, 98|1, 67, 158.24, 98|
15:48:59 0, 66, 162.84, 98|1, 67, 144.25, 97|
15:49:04 0, 66, 161.27, 98|1, 67, 147.40, 98|
15:49:09 0, 67, 156.81, 98|1, 67, 156.65, 98|
15:49:14 0, 66, 147.13, 99|1, 67, 143.07, 88|
15:49:19 0, 67, 160.18, 98|1, 66, 147.24, 97|
15:49:24 0, 67, 164.19, 98|1, 67, 140.78, 97|
15:49:30 0, 67, 157.60, 98|1, 67, 150.55, 98|
15:49:35 0, 67, 158.07, 98|1, 67, 157.94, 98|
15:49:40 0, 67, 158.62, 98|1, 67, 160.43, 98|
15:49:45 0, 67, 156.39, 98|1, 67, 157.45, 98|
15:49:50 0, 67, 165.52, 98|1, 67, 152.34, 98|
15:49:55 0, 67, 162.46, 98|1, 67, 156.30, 99|
15:50:00 0, 67, 169.28, 98|1, 67, 147.32, 97|
15:50:05 0, 67, 164.09, 98|1, 67, 149.46, 98|
15:50:10 0, 67, 164.81, 97|1, 67, 156.24, 98|
15:50:15 0, 67, 162.69, 98|1, 67, 147.92, 99|
15:50:20 0, 67, 129.37, 99|1, 67, 161.74, 98|
15:50:25 0, 67, 160.88, 99|1, 67, 138.11, 98|
15:50:30 0, 67, 174.61, 99|1, 68, 162.77, 97|
15:50:35 0, 67, 182.21, 88|1, 67, 171.81, 90|
15:50:40 0, 67, 177.95, 99|1, 67, 162.88, 99|
15:50:45 0, 67, 153.33, 99|1, 67, 160.66, 97|
15:50:50 0, 67, 167.63, 99|1, 68, 168.01, 98|
15:50:55 0, 68, 142.24, 99|1, 68, 138.24, 98|
15:51:00 0, 67, 162.28, 99|1, 68, 164.92, 99|
15:51:06 0, 68, 165.60, 99|1, 68, 144.19, 94|
15:51:11 0, 67, 142.10, 99|1, 68, 135.16, 96|
15:51:16 0, 67, 181.59, 99|1, 68, 173.95, 97|
15:51:21 0, 68, 141.05, 99|1, 68, 157.46, 95|
15:51:26 0, 68, 130.00, 99|1, 68, 104.47, 98|
15:51:31 0, 68, 190.36, 99|1, 68, 177.97, 97|
15:51:36 0, 68, 144.08, 99|1, 68, 159.59, 96|
15:51:41 0, 67, 46.14, 99|1, 67, 43.71, 97|
15:51:46 0, 68, 137.27, 99|1, 68, 115.07, 98|
15:51:51 0, 68, 170.26, 99|1, 68, 194.68, 97|
15:51:56 0, 68, 141.20, 99|1, 68, 141.90, 96|
15:52:01 0, 68, 164.56, 99|1, 68, 179.38, 99|
15:52:06 0, 68, 125.26, 99|1, 68, 150.91, 96|
15:52:11 0, 68, 152.01, 99|1, 68, 154.23, 96|
15:52:16 0, 66, 51.16, 88|1, 66, 50.14, 87|
