18:24:50 0, 47, 28.67, 0|1, 49, 28.17, 0|
18:24:55 0, 48, 35.63, 0|1, 50, 34.39, 0|
18:25:00 0, 48, 35.61, 0|1, 50, 34.39, 0|
18:25:05 0, 48, 35.63, 0|1, 50, 34.39, 0|
18:25:10 0, 47, 35.63, 0|1, 50, 34.39, 0|
18:25:16 0, 48, 35.63, 0|1, 50, 34.39, 0|
18:25:21 0, 47, 36.09, 27|1, 50, 34.87, 27|
18:25:26 0, 53, 149.66, 99|1, 55, 148.66, 98|
18:25:31 0, 54, 155.79, 98|1, 57, 138.56, 98|
18:25:36 0, 55, 157.13, 98|1, 58, 142.67, 97|
18:25:41 0, 56, 149.67, 98|1, 59, 152.98, 98|
18:25:46 0, 57, 147.93, 89|1, 60, 140.77, 88|
18:25:51 0, 58, 145.23, 98|1, 60, 152.99, 98|
18:25:56 0, 59, 153.51, 98|1, 61, 148.89, 98|
18:26:01 0, 60, 155.88, 98|1, 62, 138.71, 98|
18:26:06 0, 61, 158.85, 98|1, 63, 138.98, 98|
18:26:11 0, 61, 159.95, 98|1, 63, 137.72, 97|
18:26:16 0, 62, 158.83, 98|1, 64, 144.15, 97|
18:26:21 0, 63, 163.09, 98|1, 65, 130.13, 98|
18:26:26 0, 63, 157.29, 88|1, 65, 138.80, 91|
18:26:31 0, 63, 158.14, 88|1, 65, 157.45, 98|
18:26:36 0, 63, 156.26, 99|1, 65, 152.60, 97|
18:26:41 0, 63, 150.85, 98|1, 65, 153.77, 98|
18:26:46 0, 64, 149.02, 99|1, 65, 152.50, 99|
18:26:52 0, 64, 145.27, 99|1, 65, 150.24, 98|
18:26:57 0, 64, 162.31, 99|1, 66, 145.39, 98|
18:27:02 0, 64, 147.99, 99|1, 66, 151.63, 98|
18:27:07 0, 64, 148.70, 94|1, 66, 148.60, 86|
18:27:12 0, 64, 160.00, 98|1, 66, 155.00, 93|
18:27:17 0, 64, 156.81, 98|1, 66, 154.76, 97|
18:27:22 0, 65, 158.29, 98|1, 66, 157.29, 97|
18:27:27 0, 65, 152.48, 98|1, 66, 154.80, 99|
18:27:32 0, 65, 153.66, 98|1, 66, 152.72, 98|
18:27:37 0, 65, 154.03, 98|1, 66, 159.23, 98|
18:27:42 0, 65, 160.31, 98|1, 66, 155.66, 98|
18:27:47 0, 65, 158.45, 98|1, 66, 159.08, 98|
18:27:52 0, 65, 122.57, 94|1, 66, 131.86, 98|
18:27:57 0, 65, 160.66, 88|1, 66, 146.24, 98|
18:28:02 0, 65, 158.06, 88|1, 66, 155.96, 87|
18:28:07 0, 66, 153.58, 88|1, 67, 160.27, 87|
18:28:12 0, 65, 164.01, 98|1, 67, 170.53, 88|
18:28:17 0, 65, 148.31, 88|1, 67, 150.55, 98|
18:28:22 0, 66, 183.94, 98|1, 67, 158.48, 98|
18:28:27 0, 66, 159.46, 99|1, 67, 157.60, 98|
18:28:33 0, 66, 154.61, 89|1, 67, 152.82, 97|
18:28:38 0, 66, 150.28, 98|1, 67, 144.80, 98|
18:28:43 0, 66, 152.39, 99|1, 67, 152.11, 97|
18:28:48 0, 66, 161.82, 98|1, 67, 138.73, 97|
18:28:53 0, 66, 159.00, 98|1, 67, 158.93, 98|
18:28:58 0, 66, 156.39, 98|1, 67, 146.78, 98|
18:29:03 0, 66, 165.12, 99|1, 67, 154.85, 97|
18:29:08 0, 66, 174.29, 99|1, 67, 166.65, 97|
18:29:13 0, 66, 154.68, 99|1, 67, 151.86, 97|
18:29:18 0, 66, 157.82, 98|1, 67, 162.08, 98|
18:29:23 0, 66, 153.08, 98|1, 68, 153.14, 97|
18:29:28 0, 67, 168.90, 98|1, 68, 158.54, 98|
18:29:33 0, 67, 157.42, 98|1, 68, 156.19, 98|
18:29:38 0, 67, 163.14, 99|1, 68, 154.68, 99|
18:29:43 0, 67, 161.59, 99|1, 68, 155.09, 97|
18:29:48 0, 67, 173.92, 92|1, 68, 167.38, 92|
18:29:53 0, 68, 166.13, 92|1, 68, 162.76, 91|
18:29:58 0, 68, 166.95, 91|1, 69, 161.23, 91|
