18:30:02 0, 62, 32.74, 0|1, 63, 37.73, 0|
18:30:07 0, 61, 118.49, 4|1, 62, 108.74, 11|
18:30:12 0, 66, 153.07, 99|1, 67, 158.11, 98|
18:30:17 0, 66, 167.57, 99|1, 67, 152.49, 97|
18:30:22 0, 66, 159.29, 98|1, 67, 153.19, 99|
18:30:27 0, 66, 174.99, 99|1, 68, 156.39, 98|
18:30:32 0, 67, 161.39, 99|1, 68, 173.34, 98|
18:30:37 0, 67, 160.67, 99|1, 68, 165.30, 99|
18:30:43 0, 67, 168.54, 99|1, 68, 160.65, 98|
18:30:48 0, 67, 178.17, 99|1, 68, 165.78, 98|
18:30:53 0, 67, 154.92, 89|1, 69, 167.37, 93|
18:30:58 0, 68, 158.75, 98|1, 69, 149.46, 99|
18:31:03 0, 67, 168.73, 99|1, 69, 174.88, 99|
18:31:08 0, 68, 160.55, 99|1, 69, 146.64, 99|
18:31:13 0, 68, 169.91, 99|1, 69, 166.42, 97|
18:31:18 0, 68, 156.05, 99|1, 69, 157.21, 98|
18:31:23 0, 68, 154.72, 99|1, 69, 157.07, 99|
18:31:28 0, 68, 177.12, 99|1, 70, 173.59, 98|
18:31:33 0, 68, 171.85, 99|1, 70, 150.43, 98|
18:31:38 0, 68, 165.44, 99|1, 69, 172.55, 96|
18:31:43 0, 68, 169.45, 99|1, 69, 173.03, 98|
18:31:48 0, 68, 161.19, 99|1, 69, 159.92, 98|
18:31:53 0, 68, 157.50, 99|1, 69, 163.58, 98|
18:31:58 0, 68, 167.91, 99|1, 69, 162.91, 98|
18:32:03 0, 68, 166.75, 99|1, 69, 166.74, 99|
18:32:08 0, 68, 174.45, 99|1, 69, 164.23, 98|
18:32:13 0, 68, 149.19, 99|1, 69, 158.54, 97|
18:32:18 0, 68, 165.24, 98|1, 69, 164.73, 99|
18:32:24 0, 68, 144.38, 99|1, 70, 162.24, 97|
18:32:29 0, 68, 165.26, 99|1, 70, 149.92, 99|
18:32:34 0, 68, 161.84, 99|1, 69, 145.99, 98|
18:32:39 0, 68, 166.21, 99|1, 69, 164.53, 98|
18:32:44 0, 68, 164.13, 99|1, 70, 163.65, 98|
18:32:49 0, 68, 156.98, 99|1, 69, 148.88, 99|
18:32:54 0, 68, 172.65, 99|1, 70, 147.90, 98|
18:32:59 0, 68, 164.21, 99|1, 70, 172.74, 98|
18:33:04 0, 68, 165.64, 99|1, 69, 171.62, 99|
18:33:09 0, 68, 168.50, 99|1, 70, 172.80, 98|
18:33:14 0, 68, 169.91, 99|1, 69, 171.25, 99|
18:33:19 0, 68, 185.32, 99|1, 70, 166.57, 99|
18:33:24 0, 68, 165.49, 99|1, 70, 164.38, 99|
18:33:29 0, 68, 178.90, 99|1, 70, 170.90, 98|
18:33:34 0, 68, 161.82, 99|1, 69, 151.00, 99|
18:33:39 0, 68, 164.19, 99|1, 69, 162.41, 98|
18:33:44 0, 68, 175.32, 99|1, 69, 156.63, 98|
18:33:49 0, 68, 156.27, 99|1, 70, 167.23, 98|
18:33:54 0, 68, 78.61, 99|1, 69, 98.05, 98|
18:33:59 0, 68, 182.34, 98|1, 69, 166.76, 98|
18:34:05 0, 68, 156.73, 99|1, 70, 145.52, 98|
18:34:10 0, 68, 156.04, 99|1, 69, 154.87, 98|
18:34:15 0, 68, 152.27, 99|1, 69, 160.04, 98|
18:34:20 0, 68, 160.92, 99|1, 69, 164.86, 98|
18:34:25 0, 68, 162.89, 99|1, 69, 157.20, 98|
18:34:30 0, 68, 150.43, 99|1, 70, 166.38, 99|
18:34:35 0, 68, 166.44, 99|1, 69, 164.71, 97|
18:34:40 0, 68, 156.60, 99|1, 69, 147.23, 98|
18:34:45 0, 68, 170.30, 99|1, 69, 161.83, 99|
18:34:50 0, 68, 166.23, 99|1, 69, 146.60, 98|
18:34:55 0, 68, 162.06, 99|1, 70, 177.17, 99|
18:35:00 0, 68, 160.67, 99|1, 69, 172.18, 98|
18:35:05 0, 68, 69.74, 99|1, 69, 89.35, 98|
18:35:10 0, 68, 166.65, 92|1, 69, 162.29, 91|
18:35:15 0, 68, 166.05, 91|1, 69, 163.96, 91|
18:35:20 0, 68, 166.70, 92|1, 69, 166.36, 92|
