10:07:38 0, 56, 31.06, 0|1, 57, 30.31, 0|
10:07:43 0, 56, 38.26, 0|1, 57, 38.69, 0|
10:07:48 0, 55, 39.22, 0|1, 56, 38.69, 0|
10:07:53 0, 60, 167.06, 99|1, 61, 167.43, 99|
10:07:58 0, 61, 163.76, 99|1, 62, 122.43, 97|
10:08:03 0, 61, 156.01, 99|1, 63, 182.67, 99|
10:08:08 0, 62, 105.58, 99|1, 64, 120.79, 98|
10:08:13 0, 63, 173.40, 99|1, 65, 114.04, 97|
10:08:18 0, 63, 184.66, 99|1, 65, 185.40, 97|
10:08:23 0, 63, 169.06, 99|1, 65, 163.30, 98|
10:08:28 0, 63, 138.55, 99|1, 65, 127.92, 96|
10:08:33 0, 63, 199.73, 62|1, 65, 191.06, 85|
10:08:38 0, 64, 167.46, 70|1, 66, 161.93, 67|
10:08:43 0, 65, 167.67, 90|1, 66, 168.31, 86|
10:08:48 0, 63, 128.91, 0|1, 64, 123.90, 6|
10:08:53 0, 64, 117.70, 99|1, 66, 152.48, 96|
10:08:59 0, 64, 137.98, 99|1, 66, 141.57, 98|
10:09:04 0, 64, 143.75, 99|1, 66, 146.54, 97|
10:09:09 0, 64, 142.04, 99|1, 66, 118.32, 99|
10:09:14 0, 64, 189.85, 44|1, 66, 176.76, 49|
10:09:19 0, 65, 143.60, 99|1, 66, 156.30, 97|
10:09:24 0, 64, 140.83, 99|1, 66, 142.26, 96|
10:09:29 0, 65, 148.86, 99|1, 66, 142.20, 98|
10:09:34 0, 64, 132.56, 41|1, 65, 138.35, 53|
10:09:39 0, 65, 177.16, 82|1, 67, 177.25, 86|
10:09:44 0, 66, 167.36, 90|1, 67, 159.05, 86|
10:09:49 0, 64, 125.78, 96|1, 65, 127.16, 96|
10:09:54 0, 65, 170.14, 99|1, 67, 183.14, 98|
10:09:59 0, 65, 147.29, 99|1, 67, 139.61, 98|
10:10:04 0, 65, 106.91, 99|1, 67, 125.84, 98|
10:10:09 0, 65, 184.33, 99|1, 66, 167.77, 98|
10:10:14 0, 65, 159.04, 97|1, 66, 134.64, 99|
10:10:19 0, 65, 177.23, 99|1, 67, 143.15, 98|
10:10:24 0, 65, 141.45, 99|1, 67, 150.77, 97|
10:10:29 0, 65, 134.51, 99|1, 67, 111.90, 100|
10:10:35 0, 65, 144.02, 67|1, 66, 144.38, 63|
10:10:40 0, 66, 165.76, 89|1, 67, 171.49, 87|
10:10:45 0, 66, 153.21, 87|1, 68, 148.34, 88|
