10:02:46 0, 47, 28.67, 0|1, 49, 28.15, 0|
10:02:51 0, 47, 35.61, 0|1, 50, 34.87, 0|
10:02:56 0, 47, 35.39, 0|1, 49, 34.39, 0|
10:03:01 0, 47, 36.09, 0|1, 49, 35.11, 16|
10:03:07 0, 48, 35.39, 0|1, 50, 34.39, 0|
10:03:12 0, 53, 144.61, 99|1, 55, 147.85, 98|
10:03:17 0, 54, 143.36, 99|1, 57, 136.03, 98|
10:03:22 0, 55, 149.89, 99|1, 58, 148.27, 98|
10:03:27 0, 56, 146.06, 99|1, 59, 145.82, 98|
10:03:32 0, 57, 154.59, 98|1, 59, 152.22, 99|
10:03:37 0, 58, 157.06, 99|1, 60, 149.44, 98|
10:03:42 0, 59, 158.46, 99|1, 61, 153.46, 97|
10:03:47 0, 59, 147.20, 99|1, 62, 151.97, 99|
10:03:52 0, 60, 173.06, 99|1, 62, 166.17, 99|
10:03:57 0, 61, 145.96, 99|1, 63, 150.30, 97|
10:04:02 0, 62, 159.64, 99|1, 64, 161.23, 98|
10:04:07 0, 62, 165.23, 99|1, 64, 138.51, 98|
10:04:12 0, 63, 161.57, 99|1, 65, 159.67, 98|
10:04:17 0, 63, 158.59, 99|1, 65, 148.87, 99|
10:04:22 0, 64, 156.21, 86|1, 66, 142.03, 89|
10:04:27 0, 64, 174.93, 86|1, 66, 158.59, 87|
10:04:32 0, 62, 126.03, 96|1, 64, 121.58, 96|
10:04:37 0, 63, 120.64, 98|1, 65, 93.69, 98|
10:04:42 0, 63, 143.84, 95|1, 64, 144.95, 71|
10:04:48 0, 63, 156.12, 99|1, 65, 153.13, 98|
10:04:53 0, 63, 156.88, 89|1, 65, 151.42, 99|
10:04:58 0, 64, 165.99, 98|1, 65, 165.06, 99|
10:05:03 0, 64, 154.13, 99|1, 65, 147.49, 98|
10:05:08 0, 64, 159.54, 99|1, 65, 138.73, 99|
10:05:13 0, 63, 159.65, 91|1, 65, 149.60, 98|
10:05:18 0, 64, 158.94, 88|1, 65, 153.03, 98|
10:05:23 0, 64, 159.95, 80|1, 65, 145.99, 87|
10:05:28 0, 64, 172.43, 99|1, 65, 169.50, 98|
10:05:33 0, 64, 149.49, 99|1, 65, 149.27, 98|
10:05:38 0, 64, 171.81, 99|1, 65, 154.72, 98|
10:05:43 0, 64, 119.78, 99|1, 65, 100.26, 88|
10:05:48 0, 65, 99.19, 90|1, 66, 86.64, 84|
10:05:53 0, 65, 173.77, 90|1, 66, 163.59, 89|
10:05:58 0, 64, 161.58, 98|1, 65, 147.10, 96|
10:06:03 0, 64, 165.45, 98|1, 65, 145.62, 98|
10:06:08 0, 64, 152.26, 98|1, 65, 155.01, 98|
10:06:13 0, 64, 160.64, 98|1, 65, 146.22, 98|
10:06:18 0, 64, 158.77, 99|1, 65, 145.82, 99|
10:06:23 0, 64, 157.52, 98|1, 66, 156.59, 98|
10:06:28 0, 64, 158.85, 99|1, 65, 148.67, 97|
10:06:34 0, 64, 147.91, 99|1, 66, 153.99, 98|
10:06:39 0, 65, 150.11, 98|1, 66, 150.05, 98|
10:06:44 0, 65, 156.72, 98|1, 66, 152.18, 99|
10:06:49 0, 65, 150.91, 99|1, 66, 152.11, 97|
10:06:54 0, 65, 159.95, 99|1, 66, 149.46, 99|
10:06:59 0, 65, 166.08, 99|1, 66, 156.12, 98|
10:07:04 0, 65, 155.21, 88|1, 66, 160.41, 86|
10:07:09 0, 65, 170.26, 90|1, 66, 169.57, 89|
10:07:14 0, 65, 163.90, 87|1, 67, 165.70, 88|
10:07:19 0, 66, 154.42, 90|1, 67, 154.63, 88|
