10:38:53 0, 59, 31.78, 0|1, 38, 26.00, 0|
10:38:58 0, 62, 142.72, 100|1, 38, 25.97, 0|
10:39:03 0, 64, 158.14, 100|1, 38, 25.98, 0|
10:39:08 0, 64, 168.60, 91|1, 38, 25.98, 0|
10:39:13 0, 65, 157.63, 100|1, 38, 25.98, 0|
10:39:18 0, 65, 189.26, 100|1, 38, 26.21, 0|
10:39:23 0, 65, 157.30, 100|1, 38, 26.22, 0|
10:39:28 0, 65, 143.35, 100|1, 38, 26.23, 0|
10:39:33 0, 65, 183.83, 100|1, 38, 26.21, 0|
10:39:38 0, 66, 181.76, 100|1, 38, 26.21, 0|
10:39:43 0, 66, 156.84, 100|1, 38, 26.22, 0|
10:39:48 0, 66, 176.26, 100|1, 38, 26.22, 0|
10:39:53 0, 66, 143.60, 100|1, 38, 26.22, 0|
10:39:58 0, 66, 172.31, 100|1, 38, 25.97, 0|
10:40:03 0, 66, 167.32, 100|1, 38, 25.97, 0|
10:40:08 0, 66, 185.64, 100|1, 38, 25.98, 0|
10:40:13 0, 66, 149.11, 100|1, 38, 26.21, 0|
10:40:18 0, 66, 139.10, 100|1, 38, 25.97, 0|
10:40:23 0, 66, 160.52, 100|1, 38, 25.97, 0|
10:40:28 0, 66, 140.51, 100|1, 38, 26.22, 0|
10:40:34 0, 66, 148.10, 90|1, 38, 26.22, 0|
10:40:39 0, 66, 142.26, 100|1, 38, 25.98, 0|
10:40:44 0, 66, 149.59, 100|1, 38, 25.97, 0|
10:40:49 0, 66, 122.87, 100|1, 38, 26.22, 0|
10:40:54 0, 66, 193.54, 100|1, 38, 25.97, 0|
10:40:59 0, 66, 150.69, 100|1, 38, 26.21, 0|
10:41:04 0, 66, 179.62, 100|1, 38, 25.98, 0|
10:41:09 0, 66, 152.10, 100|1, 38, 26.21, 0|
10:41:14 0, 67, 157.79, 100|1, 38, 25.98, 0|
10:41:19 0, 66, 170.63, 100|1, 38, 25.97, 0|
10:41:24 0, 67, 143.12, 100|1, 38, 25.98, 0|
10:41:29 0, 67, 171.23, 100|1, 38, 25.98, 0|
10:41:34 0, 67, 163.27, 100|1, 38, 25.98, 0|
10:41:39 0, 67, 165.01, 100|1, 38, 25.97, 0|
10:41:44 0, 67, 146.84, 100|1, 38, 25.98, 0|
10:41:49 0, 67, 145.30, 100|1, 38, 25.98, 0|
10:41:54 0, 67, 157.68, 100|1, 38, 25.97, 0|
10:41:59 0, 67, 169.42, 100|1, 38, 26.22, 0|
10:42:04 0, 67, 145.41, 100|1, 38, 25.98, 0|
10:42:09 0, 67, 152.80, 100|1, 38, 25.97, 0|
10:42:15 0, 67, 145.40, 100|1, 38, 25.98, 0|
10:42:20 0, 67, 176.42, 100|1, 38, 25.98, 0|
10:42:25 0, 67, 175.32, 100|1, 38, 25.97, 0|
10:42:30 0, 67, 171.91, 100|1, 38, 25.97, 0|
10:42:35 0, 67, 166.69, 100|1, 38, 25.97, 0|
10:42:40 0, 67, 164.07, 100|1, 38, 25.98, 0|
10:42:45 0, 67, 151.21, 100|1, 38, 25.97, 0|
10:42:50 0, 67, 145.17, 100|1, 38, 25.98, 0|
10:42:55 0, 67, 146.82, 100|1, 38, 25.98, 0|
10:43:00 0, 67, 156.34, 100|1, 38, 25.98, 0|
10:43:05 0, 67, 171.17, 100|1, 38, 26.22, 0|
10:43:10 0, 67, 152.18, 100|1, 38, 26.21, 0|
10:43:15 0, 67, 148.00, 91|1, 38, 26.21, 0|
10:43:20 0, 67, 161.60, 100|1, 38, 26.21, 0|
10:43:25 0, 67, 179.47, 100|1, 38, 25.97, 0|
10:43:30 0, 67, 168.37, 100|1, 38, 25.98, 0|
10:43:35 0, 67, 168.37, 100|1, 38, 26.22, 0|
10:43:40 0, 67, 154.78, 100|1, 38, 25.98, 0|
10:43:45 0, 67, 144.39, 100|1, 38, 25.98, 0|
10:43:51 0, 67, 177.59, 100|1, 38, 26.22, 0|
10:43:56 0, 67, 149.66, 97|1, 38, 25.98, 0|
10:44:01 0, 67, 157.84, 100|1, 38, 25.98, 0|
10:44:06 0, 67, 151.25, 100|1, 38, 25.98, 0|
10:44:11 0, 67, 165.49, 100|1, 38, 26.21, 0|
10:44:16 0, 67, 147.53, 100|1, 38, 25.98, 0|
10:44:21 0, 67, 142.26, 91|1, 38, 26.22, 0|
10:44:26 0, 67, 153.37, 100|1, 38, 25.98, 0|
10:44:31 0, 67, 180.20, 100|1, 38, 25.97, 0|
10:44:36 0, 67, 157.22, 100|1, 38, 25.98, 0|
10:44:41 0, 67, 164.69, 100|1, 38, 25.98, 0|
10:44:46 0, 67, 162.91, 100|1, 38, 25.98, 0|
10:44:51 0, 67, 163.98, 86|1, 38, 25.98, 0|
10:44:56 0, 67, 163.02, 100|1, 38, 25.98, 0|
10:45:01 0, 67, 169.43, 100|1, 38, 25.98, 0|
10:45:06 0, 66, 179.82, 91|1, 38, 25.97, 0|
10:45:11 0, 67, 153.20, 100|1, 38, 25.98, 0|
10:45:16 0, 67, 175.24, 100|1, 38, 26.22, 0|
10:45:21 0, 67, 172.88, 100|1, 38, 26.21, 0|
10:45:26 0, 67, 159.79, 100|1, 38, 25.97, 0|
10:45:32 0, 67, 145.63, 100|1, 38, 26.22, 0|
10:45:37 0, 67, 157.59, 100|1, 38, 25.97, 0|
10:45:42 0, 67, 158.94, 91|1, 38, 25.98, 0|
10:45:47 0, 67, 143.11, 100|1, 38, 26.22, 0|
10:45:52 0, 67, 159.41, 100|1, 38, 25.98, 0|
10:45:57 0, 67, 167.29, 100|1, 38, 26.22, 0|
10:46:02 0, 67, 172.66, 100|1, 38, 25.98, 0|
10:46:07 0, 67, 145.17, 100|1, 38, 25.98, 0|
10:46:12 0, 67, 169.19, 100|1, 38, 26.21, 0|
10:46:17 0, 67, 156.37, 100|1, 38, 25.98, 0|
10:46:22 0, 67, 137.67, 100|1, 38, 26.22, 0|
10:46:27 0, 67, 169.99, 91|1, 38, 26.21, 0|
10:46:32 0, 67, 178.40, 100|1, 38, 25.97, 0|
10:46:37 0, 67, 146.65, 100|1, 38, 26.22, 0|
10:46:42 0, 67, 181.71, 100|1, 38, 25.97, 0|
10:46:47 0, 67, 145.88, 100|1, 38, 25.97, 0|
10:46:52 0, 67, 167.98, 100|1, 38, 26.21, 0|
10:46:57 0, 67, 142.86, 100|1, 38, 25.98, 0|
10:47:02 0, 67, 175.17, 100|1, 38, 25.97, 0|
10:47:07 0, 68, 167.66, 100|1, 38, 25.98, 0|
10:47:12 0, 68, 164.06, 100|1, 38, 25.98, 0|
10:47:18 0, 68, 167.51, 100|1, 38, 26.21, 0|
10:47:23 0, 68, 171.67, 100|1, 38, 25.97, 0|
10:47:28 0, 68, 154.93, 100|1, 38, 25.98, 0|
10:47:33 0, 68, 160.18, 100|1, 38, 26.22, 0|
10:47:38 0, 68, 180.78, 100|1, 38, 26.22, 0|
10:47:43 0, 68, 168.22, 100|1, 38, 26.22, 0|
10:47:48 0, 68, 179.85, 100|1, 38, 25.97, 0|
10:47:53 0, 68, 170.13, 100|1, 38, 25.97, 0|
10:47:58 0, 68, 149.93, 100|1, 38, 25.98, 0|
10:48:03 0, 68, 174.04, 100|1, 38, 25.97, 0|
10:48:08 0, 68, 170.61, 100|1, 38, 25.97, 0|
10:48:13 0, 68, 172.03, 100|1, 38, 25.97, 0|
10:48:18 0, 68, 177.82, 100|1, 38, 26.21, 0|
10:48:23 0, 68, 163.71, 100|1, 38, 26.21, 0|
10:48:28 0, 68, 157.69, 100|1, 38, 25.97, 0|
10:48:33 0, 68, 173.56, 100|1, 38, 25.97, 0|
10:48:38 0, 68, 170.71, 100|1, 38, 26.21, 0|
10:48:43 0, 68, 172.50, 100|1, 38, 25.97, 0|
10:48:48 0, 68, 164.59, 100|1, 38, 25.97, 0|
10:48:53 0, 68, 175.23, 100|1, 38, 25.98, 0|
10:48:59 0, 68, 168.35, 100|1, 38, 25.97, 0|
10:49:04 0, 68, 162.07, 100|1, 38, 26.21, 0|
10:49:09 0, 68, 171.34, 100|1, 38, 25.97, 0|
10:49:14 0, 68, 170.01, 100|1, 38, 25.98, 0|
10:49:19 0, 69, 171.41, 100|1, 38, 25.97, 0|
10:49:24 0, 68, 174.04, 100|1, 38, 25.98, 0|
10:49:29 0, 69, 180.80, 100|1, 38, 25.97, 0|
10:49:34 0, 69, 181.27, 100|1, 38, 26.21, 0|
10:49:39 0, 69, 148.51, 100|1, 38, 25.98, 0|
10:49:44 0, 68, 169.31, 100|1, 38, 25.98, 0|
10:49:49 0, 69, 160.04, 100|1, 38, 25.98, 0|
10:49:54 0, 69, 176.64, 100|1, 38, 25.98, 0|
10:49:59 0, 69, 174.40, 100|1, 38, 25.98, 0|
10:50:04 0, 69, 155.63, 100|1, 38, 25.98, 0|
10:50:09 0, 68, 172.65, 100|1, 38, 25.97, 0|
10:50:14 0, 69, 173.12, 100|1, 38, 26.21, 0|
10:50:19 0, 68, 164.20, 100|1, 38, 26.22, 0|
10:50:24 0, 68, 167.04, 100|1, 38, 25.97, 0|
10:50:29 0, 69, 163.26, 100|1, 38, 26.21, 0|
10:50:34 0, 69, 168.47, 100|1, 38, 25.97, 0|
10:50:39 0, 68, 180.31, 100|1, 38, 26.22, 0|
10:50:45 0, 68, 153.98, 100|1, 38, 25.97, 0|
