11:06:37 0, 56, 43.29, 0|1, 38, 26.24, 0|
11:06:43 0, 55, 43.77, 0|1, 39, 31.76, 0|
11:06:48 0, 54, 42.32, 0|1, 39, 32.00, 0|
11:06:53 0, 60, 145.66, 100|1, 39, 31.96, 0|
11:06:58 0, 61, 153.92, 100|1, 39, 31.96, 0|
11:07:03 0, 62, 168.35, 100|1, 39, 31.96, 0|
11:07:08 0, 63, 179.15, 100|1, 39, 31.96, 0|
11:07:13 0, 64, 176.64, 100|1, 39, 32.20, 0|
11:07:18 0, 64, 147.07, 100|1, 39, 32.20, 0|
11:07:23 0, 65, 178.29, 100|1, 39, 32.20, 0|
11:07:28 0, 65, 178.19, 100|1, 39, 32.20, 0|
11:07:33 0, 65, 155.41, 100|1, 39, 32.20, 0|
11:07:38 0, 66, 177.59, 100|1, 39, 31.96, 0|
11:07:43 0, 66, 147.68, 100|1, 39, 32.20, 0|
11:07:48 0, 66, 165.38, 100|1, 39, 31.96, 0|
11:07:53 0, 66, 172.53, 100|1, 39, 32.20, 0|
11:07:58 0, 66, 184.68, 100|1, 39, 32.20, 0|
11:08:03 0, 67, 171.31, 100|1, 39, 31.96, 0|
11:08:08 0, 67, 168.84, 99|1, 39, 31.96, 0|
11:08:13 0, 67, 165.80, 98|1, 39, 32.20, 0|
11:08:18 0, 67, 170.14, 98|1, 39, 32.20, 0|
11:08:24 0, 68, 180.42, 99|1, 39, 31.96, 0|
11:08:29 0, 68, 158.41, 99|1, 39, 31.96, 0|
11:08:34 0, 68, 166.71, 99|1, 39, 31.96, 0|
11:08:39 0, 68, 173.45, 99|1, 39, 31.96, 0|
11:08:44 0, 66, 132.68, 100|1, 39, 31.96, 0|
11:08:49 0, 68, 154.32, 100|1, 39, 31.72, 0|
11:08:54 0, 68, 179.13, 100|1, 39, 31.96, 0|
11:08:59 0, 68, 176.55, 100|1, 39, 31.96, 0|
11:09:04 0, 68, 156.97, 100|1, 39, 31.96, 0|
11:09:09 0, 68, 173.80, 100|1, 39, 31.96, 0|
11:09:14 0, 68, 164.67, 100|1, 39, 31.96, 0|
11:09:19 0, 68, 152.08, 100|1, 39, 31.96, 0|
11:09:24 0, 68, 166.23, 100|1, 39, 31.96, 0|
11:09:29 0, 68, 139.79, 100|1, 39, 31.96, 0|
11:09:34 0, 68, 170.16, 100|1, 39, 32.20, 0|
11:09:39 0, 68, 144.72, 100|1, 39, 31.96, 0|
11:09:44 0, 68, 153.84, 100|1, 39, 31.96, 0|
11:09:49 0, 68, 177.59, 100|1, 39, 31.96, 0|
11:09:54 0, 68, 158.85, 100|1, 39, 32.20, 0|
11:09:59 0, 68, 185.62, 100|1, 39, 31.96, 0|
11:10:05 0, 69, 166.24, 99|1, 39, 32.20, 0|
11:10:10 0, 69, 170.61, 99|1, 39, 32.20, 0|
11:10:15 0, 69, 179.24, 99|1, 39, 31.96, 0|
11:10:20 0, 69, 173.00, 98|1, 39, 32.20, 0|
11:10:25 0, 69, 170.95, 99|1, 39, 31.96, 0|
11:10:30 0, 69, 174.26, 99|1, 39, 31.96, 0|
11:10:35 0, 69, 170.02, 99|1, 39, 31.96, 0|
