10:54:02 0, 51, 29.39, 0|1, 39, 26.24, 0|
10:54:07 0, 56, 150.29, 100|1, 39, 26.46, 0|
10:54:12 0, 58, 161.70, 100|1, 39, 26.46, 0|
10:54:17 0, 59, 154.22, 100|1, 39, 26.22, 0|
10:54:22 0, 61, 151.00, 100|1, 39, 26.46, 0|
10:54:27 0, 62, 154.46, 100|1, 39, 26.46, 0|
10:54:32 0, 62, 166.95, 100|1, 39, 26.46, 0|
10:54:37 0, 63, 179.85, 100|1, 39, 26.21, 0|
10:54:42 0, 64, 181.02, 100|1, 39, 26.45, 0|
10:54:47 0, 65, 168.83, 100|1, 39, 26.45, 0|
10:54:53 0, 65, 155.89, 100|1, 39, 26.46, 0|
10:54:58 0, 65, 155.56, 100|1, 39, 26.22, 0|
10:55:03 0, 65, 169.91, 100|1, 39, 26.45, 0|
10:55:08 0, 65, 149.10, 100|1, 39, 26.21, 0|
10:55:13 0, 66, 152.82, 100|1, 39, 26.22, 0|
10:55:18 0, 66, 143.45, 100|1, 39, 26.22, 0|
10:55:23 0, 66, 168.59, 100|1, 38, 25.97, 0|
10:55:28 0, 66, 157.68, 100|1, 38, 25.97, 0|
10:55:33 0, 66, 153.99, 100|1, 38, 26.22, 0|
10:55:38 0, 66, 155.79, 100|1, 38, 25.98, 0|
10:55:43 0, 66, 163.26, 100|1, 38, 26.21, 0|
10:55:48 0, 66, 167.17, 100|1, 38, 25.97, 0|
10:55:53 0, 66, 163.03, 100|1, 38, 25.97, 0|
10:55:58 0, 67, 145.27, 100|1, 38, 25.98, 0|
10:56:03 0, 67, 146.69, 100|1, 38, 26.22, 0|
10:56:08 0, 67, 147.80, 100|1, 38, 26.22, 0|
10:56:13 0, 67, 176.88, 100|1, 38, 26.21, 0|
10:56:18 0, 67, 147.07, 100|1, 38, 25.98, 0|
10:56:23 0, 67, 154.45, 100|1, 38, 25.98, 0|
10:56:28 0, 67, 179.37, 100|1, 38, 26.21, 0|
10:56:34 0, 67, 173.81, 100|1, 38, 25.97, 0|
10:56:39 0, 67, 174.04, 100|1, 38, 26.22, 0|
10:56:44 0, 67, 172.26, 100|1, 38, 25.98, 0|
10:56:49 0, 67, 167.41, 100|1, 38, 26.21, 0|
