11:00:08 0, 59, 32.02, 0|1, 38, 26.00, 0|
11:00:13 0, 64, 156.04, 100|1, 38, 26.22, 0|
11:00:18 0, 65, 172.52, 100|1, 38, 26.22, 0|
11:00:23 0, 65, 160.66, 100|1, 38, 26.22, 0|
11:00:28 0, 65, 147.78, 100|1, 38, 26.22, 0|
11:00:33 0, 66, 163.73, 100|1, 38, 26.21, 0|
11:00:38 0, 66, 183.97, 100|1, 38, 26.21, 0|
11:00:43 0, 66, 172.40, 100|1, 38, 25.97, 0|
11:00:48 0, 66, 157.76, 100|1, 38, 25.97, 0|
11:00:53 0, 67, 180.80, 100|1, 38, 25.97, 0|
11:00:58 0, 67, 155.88, 100|1, 38, 25.97, 0|
11:01:04 0, 67, 171.56, 100|1, 38, 25.98, 0|
11:01:09 0, 67, 179.60, 100|1, 38, 25.97, 0|
11:01:14 0, 67, 168.98, 100|1, 38, 25.98, 0|
11:01:19 0, 67, 160.41, 100|1, 38, 25.98, 0|
11:01:24 0, 67, 169.53, 100|1, 38, 26.22, 0|
11:01:29 0, 67, 172.49, 100|1, 38, 25.97, 0|
11:01:34 0, 68, 181.27, 100|1, 38, 26.22, 0|
11:01:39 0, 68, 181.63, 100|1, 38, 26.21, 0|
11:01:44 0, 68, 185.15, 100|1, 38, 25.98, 0|
11:01:49 0, 68, 176.16, 100|1, 38, 26.21, 0|
11:01:54 0, 68, 151.25, 100|1, 38, 25.98, 0|
11:01:59 0, 68, 158.86, 100|1, 38, 25.98, 0|
11:02:04 0, 68, 172.96, 100|1, 38, 25.98, 0|
11:02:09 0, 68, 173.11, 100|1, 38, 25.97, 0|
11:02:14 0, 68, 158.39, 100|1, 38, 25.97, 0|
11:02:19 0, 68, 161.60, 100|1, 38, 25.98, 0|
11:02:24 0, 68, 162.31, 100|1, 38, 26.21, 0|
11:02:29 0, 68, 148.27, 100|1, 38, 26.22, 0|
11:02:34 0, 68, 170.85, 100|1, 38, 25.98, 0|
11:02:39 0, 68, 178.43, 100|1, 38, 25.97, 0|
11:02:44 0, 68, 178.68, 100|1, 38, 25.97, 0|
11:02:50 0, 68, 158.14, 100|1, 38, 25.98, 0|
11:02:55 0, 68, 179.62, 100|1, 38, 25.98, 0|
11:03:00 0, 68, 157.69, 100|1, 38, 26.22, 0|
11:03:05 0, 68, 183.03, 100|1, 38, 26.21, 0|
11:03:10 0, 68, 170.63, 100|1, 38, 26.22, 0|
11:03:15 0, 68, 158.39, 100|1, 38, 25.98, 0|
11:03:20 0, 68, 173.36, 100|1, 38, 26.21, 0|
11:03:25 0, 68, 171.69, 100|1, 38, 25.97, 0|
11:03:30 0, 69, 149.70, 100|1, 38, 25.98, 0|
11:03:35 0, 68, 169.28, 100|1, 38, 25.97, 0|
11:03:40 0, 69, 184.57, 100|1, 38, 25.97, 0|
11:03:45 0, 69, 160.42, 100|1, 38, 25.97, 0|
11:03:50 0, 69, 144.32, 100|1, 38, 25.98, 0|
11:03:55 0, 68, 156.72, 100|1, 38, 25.97, 0|
11:04:00 0, 68, 181.63, 100|1, 38, 26.21, 0|
11:04:05 0, 69, 154.96, 100|1, 38, 25.98, 0|
11:04:10 0, 68, 172.25, 96|1, 38, 25.97, 0|
11:04:15 0, 69, 183.14, 100|1, 38, 25.97, 0|
11:04:20 0, 69, 160.27, 100|1, 38, 25.97, 0|
11:04:25 0, 69, 160.12, 100|1, 38, 25.97, 0|
11:04:31 0, 69, 169.92, 100|1, 38, 25.98, 0|
11:04:36 0, 69, 149.45, 100|1, 38, 25.98, 0|
11:04:41 0, 69, 171.10, 100|1, 38, 26.21, 0|
11:04:46 0, 69, 161.06, 100|1, 38, 25.98, 0|
11:04:51 0, 69, 164.44, 100|1, 38, 25.98, 0|
11:04:56 0, 68, 171.93, 100|1, 38, 26.21, 0|
11:05:01 0, 69, 162.16, 100|1, 38, 25.98, 0|
11:05:06 0, 69, 171.78, 100|1, 38, 25.98, 0|
11:05:11 0, 69, 168.12, 100|1, 38, 25.98, 0|
11:05:16 0, 69, 163.96, 100|1, 38, 25.97, 0|
11:05:21 0, 69, 175.94, 100|1, 38, 25.97, 0|
11:05:26 0, 69, 160.17, 100|1, 38, 26.21, 0|
11:05:31 0, 69, 180.07, 100|1, 38, 25.97, 0|
11:05:36 0, 69, 155.72, 100|1, 38, 26.22, 0|
11:05:41 0, 69, 172.52, 100|1, 38, 25.98, 0|
11:05:46 0, 69, 167.04, 100|1, 38, 25.98, 0|
11:05:51 0, 69, 166.71, 100|1, 38, 25.98, 0|
11:05:56 0, 69, 166.39, 100|1, 38, 26.22, 0|
11:06:01 0, 69, 168.37, 100|1, 38, 25.97, 0|
