10:22:34 0, 47, 28.67, 0|1, 50, 28.41, 0|
10:22:39 0, 47, 35.39, 0|1, 49, 28.39, 0|
10:22:44 0, 47, 35.39, 0|1, 49, 28.17, 0|
10:22:49 0, 48, 35.39, 0|1, 50, 28.15, 0|
10:22:54 0, 48, 35.63, 0|1, 49, 28.41, 0|
10:22:59 0, 48, 35.39, 0|1, 49, 28.17, 0|
10:23:04 0, 48, 35.63, 0|1, 49, 28.16, 0|
10:23:11 0, 48, 35.63, 0|1, 49, 28.16, 0|
10:23:16 0, 48, 35.63, 0|1, 50, 28.16, 0|
10:23:21 0, 48, 35.63, 0|1, 50, 28.16, 0|
10:23:26 0, 48, 35.63, 0|1, 49, 28.41, 0|
10:23:31 0, 48, 35.63, 0|1, 49, 28.17, 0|
10:23:36 0, 48, 35.63, 0|1, 49, 28.17, 0|
10:23:41 0, 49, 35.63, 0|1, 49, 28.15, 0|
10:23:47 0, 48, 35.63, 0|1, 49, 28.15, 0|
10:23:52 0, 49, 35.63, 0|1, 50, 28.15, 0|
10:23:57 0, 49, 35.87, 0|1, 49, 28.41, 0|
10:24:02 0, 49, 35.87, 0|1, 49, 28.16, 0|
10:24:07 0, 49, 35.87, 0|1, 49, 28.17, 0|
10:24:13 0, 49, 35.87, 0|1, 49, 28.15, 0|
10:24:18 0, 49, 42.08, 65|1, 50, 28.39, 0|
10:24:23 0, 54, 153.22, 100|1, 49, 28.37, 0|
10:24:28 0, 56, 130.07, 100|1, 49, 28.14, 0|
10:24:33 0, 57, 172.46, 100|1, 48, 27.89, 0|
10:24:38 0, 58, 141.46, 100|1, 48, 27.89, 0|
10:24:43 0, 59, 181.63, 100|1, 47, 27.65, 0|
10:24:48 0, 60, 150.69, 100|1, 47, 27.65, 0|
10:24:53 0, 60, 172.37, 100|1, 46, 27.65, 0|
10:24:58 0, 61, 146.06, 100|1, 46, 27.65, 0|
10:25:03 0, 62, 162.25, 100|1, 45, 27.65, 0|
10:25:09 0, 63, 142.89, 100|1, 45, 27.43, 0|
10:25:14 0, 63, 139.57, 100|1, 45, 27.41, 0|
10:25:19 0, 63, 159.21, 100|1, 44, 27.41, 0|
10:25:24 0, 64, 171.25, 100|1, 44, 27.18, 0|
10:25:29 0, 64, 156.43, 100|1, 44, 27.17, 0|
10:25:34 0, 65, 174.79, 100|1, 43, 27.17, 0|
10:25:39 0, 65, 164.94, 100|1, 43, 27.17, 0|
10:25:44 0, 65, 182.78, 100|1, 43, 26.93, 0|
10:25:49 0, 65, 147.15, 100|1, 42, 26.94, 0|
10:25:54 0, 65, 183.64, 100|1, 42, 26.93, 0|
10:25:59 0, 65, 146.22, 100|1, 42, 26.93, 0|
10:26:04 0, 65, 172.18, 100|1, 42, 26.93, 0|
10:26:09 0, 65, 151.40, 100|1, 41, 26.69, 0|
10:26:14 0, 65, 159.95, 100|1, 41, 26.69, 0|
10:26:19 0, 65, 149.02, 100|1, 41, 26.45, 0|
10:26:24 0, 65, 167.98, 100|1, 41, 26.93, 0|
10:26:29 0, 65, 144.46, 100|1, 41, 26.70, 0|
10:26:34 0, 65, 158.10, 100|1, 40, 26.46, 0|
10:26:39 0, 65, 188.31, 100|1, 40, 26.45, 0|
10:26:44 0, 65, 171.20, 100|1, 40, 26.45, 0|
10:26:50 0, 65, 129.93, 100|1, 40, 26.45, 0|
10:26:55 0, 65, 138.13, 100|1, 40, 26.45, 0|
10:27:00 0, 65, 197.65, 100|1, 40, 26.45, 0|
10:27:05 0, 65, 186.53, 100|1, 40, 26.45, 0|
10:27:10 0, 65, 141.06, 100|1, 40, 26.21, 0|
10:27:15 0, 65, 142.49, 100|1, 39, 26.22, 0|
10:27:20 0, 66, 191.04, 100|1, 39, 26.21, 0|
10:27:25 0, 66, 135.45, 100|1, 39, 26.22, 0|
10:27:30 0, 66, 141.22, 100|1, 39, 26.22, 0|
10:27:35 0, 66, 174.90, 100|1, 39, 26.45, 0|
10:27:40 0, 66, 185.78, 100|1, 39, 26.21, 0|
10:27:45 0, 66, 136.11, 100|1, 39, 26.22, 0|
10:27:50 0, 66, 156.21, 100|1, 39, 26.21, 0|
10:27:55 0, 66, 138.17, 100|1, 39, 26.46, 0|
10:28:00 0, 66, 166.87, 100|1, 39, 26.22, 0|
10:28:05 0, 66, 169.53, 100|1, 39, 26.45, 0|
10:28:10 0, 66, 144.70, 100|1, 39, 26.22, 0|
10:28:15 0, 66, 171.51, 100|1, 39, 26.46, 0|
10:28:20 0, 66, 137.36, 100|1, 39, 26.22, 0|
10:28:25 0, 66, 149.43, 100|1, 39, 26.22, 0|
10:28:31 0, 66, 177.35, 100|1, 39, 26.21, 0|
10:28:36 0, 66, 151.40, 100|1, 39, 26.22, 0|
10:28:41 0, 66, 152.41, 100|1, 39, 25.97, 0|
10:28:46 0, 66, 178.56, 100|1, 38, 26.21, 0|
10:28:51 0, 66, 155.75, 100|1, 39, 26.21, 0|
10:28:56 0, 66, 144.55, 100|1, 38, 26.46, 0|
10:29:01 0, 66, 151.56, 100|1, 38, 26.21, 0|
10:29:06 0, 66, 144.78, 100|1, 39, 26.22, 0|
10:29:11 0, 66, 176.90, 100|1, 38, 25.97, 0|
10:29:16 0, 66, 148.87, 100|1, 38, 25.97, 0|
10:29:21 0, 66, 142.02, 100|1, 38, 26.22, 0|
10:29:26 0, 66, 175.38, 100|1, 38, 26.20, 0|
10:29:31 0, 67, 141.22, 100|1, 38, 25.98, 0|
10:29:36 0, 67, 142.96, 100|1, 38, 25.97, 0|
10:29:41 0, 66, 183.97, 100|1, 38, 26.21, 0|
10:29:46 0, 67, 176.19, 100|1, 38, 26.22, 0|
10:29:51 0, 66, 154.79, 100|1, 38, 25.98, 0|
10:29:56 0, 67, 142.97, 100|1, 38, 25.98, 0|
10:30:01 0, 67, 154.32, 100|1, 38, 25.98, 0|
10:30:06 0, 67, 173.12, 100|1, 38, 26.22, 0|
10:30:12 0, 66, 149.42, 100|1, 38, 25.98, 0|
10:30:17 0, 66, 159.19, 100|1, 38, 25.98, 0|
10:30:22 0, 66, 149.68, 100|1, 38, 25.97, 0|
10:30:27 0, 66, 165.99, 100|1, 38, 25.97, 0|
10:30:32 0, 67, 168.20, 100|1, 38, 25.98, 0|
10:30:37 0, 66, 178.80, 100|1, 38, 25.97, 0|
10:30:42 0, 67, 177.81, 100|1, 38, 25.97, 0|
10:30:47 0, 66, 137.35, 100|1, 38, 25.98, 0|
10:30:52 0, 67, 151.32, 100|1, 38, 26.21, 0|
10:30:57 0, 66, 140.51, 100|1, 38, 26.22, 0|
10:31:02 0, 67, 169.28, 100|1, 38, 25.97, 0|
10:31:07 0, 67, 179.09, 100|1, 38, 25.97, 0|
10:31:12 0, 67, 149.42, 100|1, 38, 25.98, 0|
10:31:17 0, 67, 182.34, 100|1, 38, 25.97, 0|
10:31:22 0, 67, 178.57, 100|1, 38, 25.98, 0|
10:31:27 0, 67, 142.25, 100|1, 38, 25.98, 0|
10:31:32 0, 67, 180.34, 100|1, 38, 26.21, 0|
10:31:37 0, 67, 145.73, 100|1, 38, 25.98, 0|
10:31:42 0, 67, 163.12, 100|1, 38, 25.98, 0|
10:31:48 0, 67, 181.76, 100|1, 38, 26.21, 0|
10:31:53 0, 67, 140.21, 100|1, 38, 25.98, 0|
10:31:58 0, 67, 144.47, 100|1, 38, 25.98, 0|
10:32:03 0, 67, 133.24, 100|1, 38, 25.98, 0|
10:32:08 0, 67, 177.62, 100|1, 38, 25.97, 0|
10:32:13 0, 67, 171.09, 100|1, 38, 25.98, 0|
10:32:18 0, 67, 167.26, 100|1, 38, 26.21, 0|
10:32:23 0, 67, 168.37, 100|1, 38, 26.22, 0|
10:32:28 0, 68, 161.32, 100|1, 38, 25.98, 0|
10:32:33 0, 68, 171.34, 100|1, 38, 26.22, 0|
10:32:38 0, 68, 166.01, 100|1, 38, 25.98, 0|
10:32:43 0, 68, 168.63, 100|1, 38, 25.98, 0|
10:32:48 0, 67, 174.99, 100|1, 38, 26.21, 0|
10:32:53 0, 68, 172.26, 100|1, 38, 26.21, 0|
10:32:58 0, 68, 161.37, 100|1, 38, 26.21, 0|
10:33:03 0, 68, 163.02, 100|1, 38, 25.97, 0|
10:33:08 0, 68, 152.80, 100|1, 38, 25.97, 0|
10:33:13 0, 68, 165.23, 100|1, 38, 26.22, 0|
10:33:18 0, 68, 175.70, 100|1, 38, 25.98, 0|
10:33:23 0, 68, 176.54, 100|1, 38, 26.21, 0|
10:33:29 0, 68, 152.43, 100|1, 38, 26.22, 0|
10:33:34 0, 68, 172.04, 100|1, 38, 25.98, 0|
10:33:39 0, 68, 171.07, 100|1, 38, 25.97, 0|
10:33:44 0, 68, 172.03, 100|1, 38, 26.22, 0|
10:33:49 0, 68, 176.16, 100|1, 38, 26.21, 0|
10:33:54 0, 68, 177.69, 100|1, 38, 25.97, 0|
10:33:59 0, 68, 160.88, 100|1, 38, 25.97, 0|
10:34:04 0, 68, 154.22, 100|1, 38, 25.98, 0|
10:34:09 0, 68, 145.98, 100|1, 38, 26.22, 0|
10:34:14 0, 68, 167.66, 100|1, 38, 26.22, 0|
10:34:19 0, 68, 170.38, 100|1, 38, 26.22, 0|
10:34:24 0, 68, 162.88, 100|1, 38, 25.97, 0|
10:34:29 0, 69, 171.32, 100|1, 38, 25.97, 0|
10:34:34 0, 68, 151.96, 100|1, 38, 25.98, 0|
10:34:39 0, 69, 173.22, 100|1, 38, 26.22, 0|
10:34:44 0, 69, 166.70, 100|1, 38, 26.21, 0|
10:34:49 0, 69, 180.78, 100|1, 38, 26.21, 0|
10:34:54 0, 68, 165.63, 100|1, 38, 25.98, 0|
10:34:59 0, 68, 173.11, 100|1, 38, 25.97, 0|
10:35:05 0, 68, 162.31, 100|1, 38, 25.97, 0|
10:35:10 0, 68, 182.09, 100|1, 38, 25.97, 0|
10:35:15 0, 68, 172.26, 100|1, 38, 25.98, 0|
10:35:20 0, 68, 176.41, 100|1, 38, 26.21, 0|
10:35:25 0, 69, 160.52, 100|1, 38, 26.22, 0|
10:35:30 0, 68, 166.94, 100|1, 38, 25.97, 0|
10:35:35 0, 69, 166.66, 100|1, 38, 25.98, 0|
10:35:40 0, 69, 180.68, 100|1, 38, 26.21, 0|
10:35:45 0, 69, 165.05, 100|1, 38, 26.21, 0|
10:35:50 0, 68, 171.32, 100|1, 38, 26.21, 0|
10:35:55 0, 69, 146.94, 100|1, 38, 25.98, 0|
10:36:00 0, 69, 173.20, 100|1, 38, 25.97, 0|
10:36:05 0, 69, 172.97, 100|1, 38, 26.22, 0|
10:36:10 0, 69, 162.31, 100|1, 38, 25.97, 0|
10:36:15 0, 68, 173.09, 100|1, 38, 25.97, 0|
10:36:20 0, 68, 182.56, 100|1, 38, 25.97, 0|
10:36:25 0, 69, 171.07, 100|1, 38, 25.97, 0|
10:36:30 0, 69, 189.06, 100|1, 38, 25.97, 0|
10:36:35 0, 68, 176.66, 100|1, 38, 25.97, 0|
10:36:40 0, 69, 153.04, 100|1, 38, 25.98, 0|
10:36:46 0, 69, 151.96, 100|1, 38, 25.98, 0|
10:36:51 0, 69, 162.80, 100|1, 38, 25.98, 0|
10:36:56 0, 68, 174.29, 100|1, 38, 25.97, 0|
10:37:01 0, 69, 151.23, 100|1, 38, 25.97, 0|
10:37:06 0, 69, 167.04, 100|1, 38, 25.97, 0|
10:37:11 0, 69, 150.43, 100|1, 38, 25.97, 0|
10:37:16 0, 69, 174.04, 100|1, 38, 25.98, 0|
10:37:21 0, 69, 169.65, 100|1, 38, 26.22, 0|
10:37:26 0, 68, 179.62, 100|1, 38, 25.98, 0|
10:37:31 0, 68, 154.22, 100|1, 38, 25.97, 0|
10:37:36 0, 68, 148.04, 100|1, 38, 25.98, 0|
10:37:41 0, 69, 154.09, 100|1, 38, 25.98, 0|
10:37:46 0, 69, 147.80, 100|1, 38, 26.22, 0|
10:37:51 0, 69, 145.98, 100|1, 38, 25.98, 0|
10:37:56 0, 68, 160.14, 100|1, 38, 26.22, 0|
10:38:01 0, 68, 163.26, 100|1, 38, 25.97, 0|
10:38:06 0, 69, 181.27, 100|1, 38, 25.97, 0|
10:38:11 0, 68, 172.25, 100|1, 38, 25.97, 0|
10:38:16 0, 69, 173.98, 100|1, 38, 26.21, 0|
10:38:21 0, 69, 168.69, 100|1, 38, 25.97, 0|
10:38:27 0, 69, 170.49, 98|1, 38, 25.98, 0|
10:38:32 0, 69, 167.67, 100|1, 38, 26.22, 0|
10:38:37 0, 69, 167.51, 100|1, 38, 26.21, 0|
