11:53:47 0, 47, 28.42, 0|1, 49, 28.41, 0|
11:53:52 0, 47, 35.39, 0|1, 50, 34.39, 0|
11:53:58 0, 47, 35.39, 0|1, 50, 34.39, 0|
11:54:03 0, 47, 35.39, 0|1, 50, 34.39, 0|
11:54:08 0, 47, 35.39, 0|1, 50, 34.39, 0|
11:54:13 0, 47, 35.39, 0|1, 49, 34.39, 0|
11:54:18 0, 48, 35.39, 0|1, 50, 34.39, 0|
11:54:24 0, 47, 35.39, 0|1, 50, 34.39, 0|
11:54:29 0, 47, 35.39, 0|1, 49, 34.39, 0|
11:54:34 0, 47, 35.39, 0|1, 50, 34.39, 0|
11:54:39 0, 47, 35.37, 0|1, 50, 34.39, 0|
11:54:44 0, 47, 35.39, 0|1, 49, 34.39, 0|
11:54:51 0, 47, 35.39, 0|1, 49, 34.39, 0|
11:54:56 0, 48, 35.37, 0|1, 50, 34.39, 0|
11:55:01 0, 47, 35.39, 0|1, 50, 34.39, 0|
11:55:08 0, 47, 35.39, 0|1, 49, 34.39, 0|
11:55:14 0, 47, 35.39, 0|1, 49, 34.39, 0|
11:55:21 0, 48, 35.39, 0|1, 50, 34.39, 0|
11:55:26 0, 47, 35.39, 0|1, 50, 34.39, 0|
11:55:31 0, 47, 35.39, 0|1, 49, 34.39, 0|
11:55:36 0, 47, 35.37, 0|1, 49, 34.39, 0|
11:55:41 0, 47, 35.39, 0|1, 49, 34.39, 0|
11:55:46 0, 47, 35.39, 0|1, 49, 34.39, 0|
11:55:51 0, 48, 35.39, 0|1, 50, 34.39, 0|
11:55:56 0, 47, 35.39, 0|1, 50, 34.39, 0|
11:56:01 0, 48, 35.63, 1|1, 50, 34.39, 0|
11:56:06 0, 48, 35.39, 1|1, 50, 34.39, 1|
11:56:12 0, 48, 35.39, 1|1, 50, 34.39, 1|
11:56:17 0, 47, 35.63, 0|1, 49, 34.39, 0|
11:56:22 0, 48, 35.37, 1|1, 50, 34.39, 0|
11:56:27 0, 48, 35.63, 0|1, 50, 34.63, 0|
11:56:32 0, 48, 35.39, 2|1, 49, 34.39, 1|
11:56:37 0, 48, 35.63, 0|1, 50, 34.63, 0|
11:56:42 0, 48, 35.63, 0|1, 49, 34.39, 0|
11:56:47 0, 47, 35.63, 0|1, 49, 34.39, 0|
11:56:52 0, 48, 35.63, 0|1, 49, 34.63, 0|
11:56:57 0, 48, 35.63, 0|1, 49, 34.63, 0|
