13:02:12 0, 60, 32.02, 0|1, 60, 31.52, 0|
13:02:17 0, 59, 43.76, 4|1, 60, 43.23, 51|
13:02:22 0, 58, 43.05, 0|1, 59, 42.54, 0|
13:02:27 0, 62, 177.46, 100|1, 61, 44.65, 0|
13:02:33 0, 63, 144.71, 100|1, 62, 44.40, 0|
13:02:38 0, 63, 179.02, 100|1, 63, 45.34, 61|
13:02:43 0, 64, 174.01, 100|1, 64, 44.62, 70|
13:02:48 0, 64, 171.17, 100|1, 65, 163.60, 100|
13:02:53 0, 64, 156.12, 100|1, 65, 158.07, 100|
13:02:58 0, 64, 171.79, 100|1, 65, 138.40, 100|
13:03:03 0, 64, 159.10, 100|1, 65, 145.65, 100|
13:03:08 0, 63, 148.71, 14|1, 65, 139.82, 100|
13:03:13 0, 63, 47.08, 0|1, 64, 140.93, 100|
13:03:18 0, 65, 158.97, 100|1, 62, 43.20, 0|
13:03:23 0, 65, 165.31, 100|1, 64, 44.38, 43|
13:03:28 0, 64, 156.59, 100|1, 65, 155.30, 100|
13:03:33 0, 64, 178.77, 100|1, 65, 154.62, 100|
13:03:38 0, 62, 45.66, 0|1, 64, 144.18, 100|
13:03:43 0, 62, 62.77, 49|1, 64, 134.22, 50|
13:03:48 0, 62, 185.28, 48|1, 64, 54.63, 50|
13:03:53 0, 63, 75.15, 46|1, 64, 164.13, 50|
13:03:58 0, 62, 146.84, 48|1, 65, 78.57, 50|
13:04:03 0, 63, 182.29, 46|1, 65, 87.91, 49|
13:04:09 0, 63, 73.48, 47|1, 64, 172.80, 50|
13:04:14 0, 62, 166.48, 100|1, 62, 45.58, 0|
13:04:19 0, 63, 185.42, 100|1, 65, 144.13, 100|
13:04:24 0, 63, 158.03, 100|1, 65, 151.63, 100|
13:04:29 0, 63, 185.23, 100|1, 65, 145.63, 100|
13:04:34 0, 63, 168.74, 80|1, 65, 168.55, 100|
13:04:39 0, 62, 171.66, 0|1, 65, 176.39, 100|
13:04:44 0, 62, 46.14, 0|1, 65, 142.45, 100|
13:04:49 0, 63, 46.14, 97|1, 64, 166.85, 0|
13:04:54 0, 65, 151.87, 100|1, 63, 44.40, 0|
13:04:59 0, 64, 156.65, 100|1, 64, 45.10, 0|
13:05:04 0, 64, 135.69, 100|1, 65, 134.39, 100|
13:05:09 0, 64, 140.98, 100|1, 65, 140.76, 100|
13:05:14 0, 63, 156.73, 47|1, 65, 128.29, 100|
13:05:19 0, 63, 46.83, 0|1, 64, 148.82, 100|
13:05:24 0, 62, 43.74, 0|1, 66, 155.76, 100|
13:05:29 0, 61, 43.97, 46|1, 65, 179.77, 48|
13:05:34 0, 62, 144.24, 49|1, 65, 77.14, 49|
13:05:39 0, 63, 160.00, 49|1, 64, 121.80, 50|
13:05:44 0, 63, 59.94, 50|1, 64, 180.93, 53|
13:05:50 0, 62, 141.31, 49|1, 65, 83.35, 53|
13:05:55 0, 62, 189.14, 49|1, 64, 82.81, 53|
13:06:00 0, 62, 57.58, 49|1, 64, 179.48, 54|
13:06:05 0, 63, 137.04, 100|1, 61, 45.10, 0|
13:06:10 0, 64, 150.84, 100|1, 63, 44.16, 0|
13:06:15 0, 64, 139.64, 100|1, 63, 44.17, 0|
13:06:20 0, 64, 146.99, 100|1, 63, 42.00, 0|
13:06:25 0, 64, 157.08, 100|1, 63, 43.44, 0|
13:06:30 0, 64, 149.67, 100|1, 64, 44.41, 47|
13:06:35 0, 64, 143.59, 100|1, 66, 183.39, 100|
13:06:40 0, 64, 161.12, 100|1, 65, 161.12, 100|
13:06:45 0, 64, 143.50, 100|1, 65, 141.71, 100|
13:06:50 0, 64, 143.50, 89|1, 65, 142.42, 100|
13:06:55 0, 62, 44.94, 0|1, 65, 143.63, 100|
13:07:00 0, 64, 48.04, 100|1, 63, 156.94, 0|
13:07:05 0, 65, 159.65, 100|1, 63, 45.12, 0|
13:07:10 0, 64, 143.10, 100|1, 65, 146.05, 100|
13:07:15 0, 64, 185.62, 100|1, 63, 44.86, 0|
13:07:20 0, 62, 54.94, 46|1, 65, 187.41, 50|
13:07:25 0, 62, 165.62, 46|1, 64, 61.55, 50|
13:07:31 0, 63, 74.19, 46|1, 64, 161.09, 50|
13:07:36 0, 62, 50.89, 46|1, 65, 145.62, 50|
13:07:41 0, 62, 168.22, 45|1, 64, 59.87, 51|
13:07:46 0, 63, 87.21, 46|1, 64, 161.87, 51|
13:07:51 0, 62, 93.73, 46|1, 65, 103.35, 52|
