13:07:52 0, 60, 45.90, 6|1, 62, 45.61, 24|
13:07:57 0, 58, 44.73, 0|1, 60, 45.13, 66|
13:08:02 0, 57, 43.29, 0|1, 59, 42.52, 0|
13:08:07 0, 61, 177.55, 100|1, 61, 44.14, 0|
13:08:12 0, 62, 154.08, 100|1, 63, 43.92, 67|
13:08:17 0, 60, 45.18, 0|1, 63, 154.09, 100|
13:08:22 0, 61, 44.22, 0|1, 63, 142.29, 64|
13:08:27 0, 62, 173.45, 100|1, 62, 44.14, 0|
13:08:32 0, 62, 171.69, 100|1, 64, 153.81, 100|
13:08:37 0, 61, 45.90, 0|1, 65, 140.15, 100|
13:08:42 0, 63, 163.51, 100|1, 65, 138.96, 100|
13:08:47 0, 63, 174.14, 100|1, 65, 158.05, 100|
13:08:52 0, 63, 137.59, 100|1, 61, 43.68, 0|
13:08:58 0, 63, 143.10, 100|1, 65, 136.49, 100|
13:09:03 0, 60, 42.32, 0|1, 65, 139.83, 100|
13:09:08 0, 63, 159.24, 100|1, 63, 44.14, 27|
13:09:13 0, 63, 144.84, 100|1, 65, 175.83, 100|
13:09:18 0, 63, 183.01, 100|1, 61, 43.92, 0|
13:09:23 0, 64, 167.74, 100|1, 65, 138.71, 100|
13:09:28 0, 60, 45.18, 0|1, 64, 158.60, 100|
13:09:33 0, 60, 133.97, 39|1, 64, 70.05, 55|
13:09:38 0, 60, 42.77, 38|1, 65, 158.66, 55|
13:09:43 0, 60, 44.46, 42|1, 65, 163.15, 57|
13:09:48 0, 60, 44.46, 42|1, 65, 162.34, 60|
13:09:53 0, 62, 175.90, 100|1, 61, 44.86, 0|
13:09:58 0, 62, 155.26, 100|1, 62, 44.16, 0|
13:10:03 0, 61, 163.35, 100|1, 64, 45.34, 33|
13:10:08 0, 61, 170.28, 81|1, 64, 181.12, 100|
13:10:13 0, 60, 44.22, 0|1, 64, 177.13, 100|
13:10:18 0, 62, 183.99, 100|1, 65, 140.43, 100|
13:10:23 0, 63, 171.32, 100|1, 65, 159.00, 100|
13:10:28 0, 63, 172.26, 100|1, 62, 42.72, 0|
13:10:33 0, 63, 148.97, 100|1, 64, 45.58, 45|
13:10:39 0, 60, 44.94, 0|1, 65, 148.73, 100|
13:10:44 0, 63, 174.61, 100|1, 62, 44.16, 0|
13:10:49 0, 63, 182.51, 100|1, 64, 45.34, 100|
13:10:54 0, 62, 45.66, 100|1, 63, 176.00, 0|
13:10:59 0, 63, 150.53, 100|1, 63, 43.93, 0|
13:11:04 0, 60, 43.01, 0|1, 65, 152.91, 100|
13:11:09 0, 63, 140.74, 100|1, 62, 42.00, 0|
13:11:14 0, 63, 147.54, 100|1, 62, 42.97, 1|
13:11:19 0, 60, 166.26, 42|1, 65, 58.68, 60|
13:11:24 0, 61, 180.14, 41|1, 64, 46.54, 59|
13:11:29 0, 60, 167.84, 42|1, 64, 47.47, 60|
13:11:34 0, 60, 161.54, 37|1, 65, 52.03, 56|
13:11:39 0, 59, 45.90, 28|1, 63, 127.10, 40|
13:11:44 0, 60, 44.22, 39|1, 63, 175.04, 27|
13:11:49 0, 62, 67.09, 100|1, 62, 134.33, 0|
13:11:54 0, 61, 133.54, 100|1, 64, 149.99, 100|
13:11:59 0, 61, 134.66, 100|1, 65, 159.01, 100|
13:12:04 0, 62, 147.15, 100|1, 61, 43.92, 0|
13:12:09 0, 62, 138.53, 100|1, 65, 173.56, 100|
13:12:14 0, 59, 40.63, 0|1, 65, 157.56, 100|
13:12:19 0, 62, 130.38, 100|1, 62, 42.97, 0|
13:12:25 0, 63, 135.23, 100|1, 63, 45.12, 0|
13:12:30 0, 61, 45.66, 0|1, 63, 147.79, 100|
13:12:35 0, 63, 143.97, 100|1, 62, 44.16, 0|
13:12:40 0, 59, 114.08, 0|1, 65, 135.24, 100|
13:12:45 0, 62, 45.90, 64|1, 63, 142.04, 0|
13:12:50 0, 63, 186.20, 100|1, 63, 44.64, 0|
13:12:55 0, 61, 43.26, 7|1, 63, 147.39, 100|
13:13:00 0, 61, 43.01, 0|1, 65, 170.03, 100|
13:13:05 0, 59, 43.74, 0|1, 65, 182.42, 100|
13:13:10 0, 61, 48.28, 42|1, 64, 173.73, 57|
13:13:15 0, 61, 54.01, 38|1, 64, 164.78, 56|
13:13:20 0, 61, 70.65, 38|1, 63, 153.63, 56|
13:13:25 0, 60, 59.94, 42|1, 64, 172.77, 57|
