12:32:23 0, 61, 45.90, 9|1, 62, 45.61, 19|
12:32:28 0, 58, 38.98, 0|1, 60, 42.76, 0|
12:32:33 0, 56, 38.50, 0|1, 58, 42.28, 0|
12:32:38 0, 61, 149.42, 99|1, 62, 146.92, 98|
12:32:43 0, 62, 150.60, 99|1, 63, 144.86, 98|
12:32:48 0, 62, 155.34, 99|1, 64, 147.32, 98|
12:32:53 0, 63, 160.08, 99|1, 65, 139.52, 98|
12:32:59 0, 63, 137.98, 99|1, 65, 144.33, 99|
12:33:04 0, 63, 140.04, 99|1, 65, 143.62, 98|
12:33:09 0, 64, 153.25, 99|1, 65, 152.57, 98|
12:33:14 0, 63, 155.72, 99|1, 65, 135.95, 98|
12:33:19 0, 64, 141.79, 99|1, 65, 141.33, 98|
12:33:24 0, 64, 174.71, 99|1, 65, 169.32, 98|
12:33:29 0, 64, 151.60, 99|1, 65, 149.04, 98|
12:33:34 0, 64, 148.72, 99|1, 65, 148.74, 99|
12:33:39 0, 64, 160.82, 99|1, 65, 159.87, 99|
12:33:44 0, 64, 155.66, 99|1, 65, 147.09, 98|
12:33:49 0, 65, 160.26, 92|1, 66, 165.81, 90|
12:33:54 0, 65, 161.37, 92|1, 66, 161.84, 90|
12:33:59 0, 65, 167.06, 92|1, 66, 162.08, 91|
12:34:04 0, 66, 165.82, 91|1, 67, 160.64, 91|
12:34:09 0, 65, 145.72, 99|1, 66, 144.25, 98|
12:34:14 0, 65, 162.46, 99|1, 66, 140.48, 99|
12:34:19 0, 65, 152.49, 99|1, 65, 148.73, 98|
12:34:24 0, 65, 149.83, 99|1, 66, 151.65, 97|
12:34:29 0, 65, 152.93, 99|1, 66, 146.76, 97|
12:34:34 0, 65, 150.52, 99|1, 66, 148.02, 99|
12:34:39 0, 65, 150.05, 99|1, 66, 149.18, 98|
12:34:45 0, 65, 144.07, 99|1, 66, 139.83, 98|
12:34:50 0, 65, 165.37, 99|1, 66, 142.21, 98|
12:34:55 0, 65, 157.62, 99|1, 66, 146.77, 99|
12:35:00 0, 65, 148.41, 99|1, 66, 144.41, 98|
12:35:05 0, 65, 179.02, 99|1, 66, 166.84, 97|
12:35:10 0, 65, 155.70, 99|1, 66, 143.25, 98|
12:35:15 0, 65, 155.63, 99|1, 66, 151.65, 98|
12:35:20 0, 66, 155.76, 91|1, 67, 159.95, 91|
12:35:25 0, 66, 167.60, 91|1, 67, 162.92, 91|
12:35:30 0, 67, 156.10, 92|1, 67, 161.48, 91|
12:35:35 0, 67, 162.95, 91|1, 67, 160.80, 91|
12:35:40 0, 66, 156.80, 99|1, 66, 141.10, 99|
12:35:45 0, 66, 158.72, 99|1, 66, 158.87, 98|
12:35:50 0, 66, 158.26, 99|1, 66, 146.85, 98|
12:35:55 0, 66, 153.59, 99|1, 66, 150.84, 98|
12:36:00 0, 66, 154.13, 99|1, 66, 137.16, 98|
12:36:05 0, 66, 147.60, 99|1, 66, 148.57, 99|
12:36:10 0, 66, 155.56, 98|1, 66, 145.50, 98|
12:36:15 0, 66, 142.51, 99|1, 66, 144.95, 98|
12:36:20 0, 66, 156.27, 99|1, 66, 150.85, 97|
12:36:26 0, 66, 153.36, 99|1, 67, 149.44, 98|
12:36:31 0, 66, 154.21, 99|1, 66, 150.70, 98|
12:36:36 0, 66, 134.90, 88|1, 66, 139.59, 98|
12:36:41 0, 66, 168.10, 99|1, 67, 158.15, 97|
12:36:46 0, 66, 150.66, 99|1, 67, 140.39, 98|
12:36:51 0, 67, 169.63, 91|1, 68, 163.71, 91|
12:36:56 0, 67, 169.21, 77|1, 68, 164.60, 91|
12:37:01 0, 68, 163.09, 92|1, 68, 164.52, 91|
12:37:06 0, 68, 176.43, 92|1, 68, 166.63, 91|
