12:37:09 0, 65, 48.07, 6|1, 65, 47.29, 17|
12:37:14 0, 62, 40.88, 0|1, 62, 39.17, 0|
12:37:19 0, 60, 39.94, 0|1, 61, 43.72, 0|
12:37:24 0, 64, 148.80, 99|1, 65, 149.84, 98|
12:37:29 0, 65, 150.44, 99|1, 66, 152.18, 98|
12:37:34 0, 65, 153.43, 98|1, 66, 153.83, 98|
12:37:39 0, 65, 156.67, 98|1, 66, 146.69, 97|
12:37:44 0, 65, 152.18, 99|1, 66, 151.65, 98|
12:37:49 0, 66, 152.94, 98|1, 66, 161.87, 99|
12:37:54 0, 66, 168.52, 99|1, 66, 151.48, 97|
12:37:59 0, 66, 164.52, 99|1, 66, 138.72, 97|
12:38:04 0, 66, 162.12, 99|1, 66, 148.27, 98|
12:38:09 0, 66, 153.15, 99|1, 67, 149.17, 98|
12:38:14 0, 66, 151.53, 99|1, 67, 159.70, 98|
12:38:19 0, 67, 161.68, 99|1, 67, 147.00, 99|
12:38:24 0, 67, 155.02, 99|1, 67, 150.84, 99|
12:38:29 0, 67, 155.72, 99|1, 67, 145.43, 98|
12:38:35 0, 67, 138.88, 85|1, 68, 147.82, 84|
12:38:40 0, 67, 165.54, 87|1, 68, 162.48, 89|
12:38:45 0, 66, 126.36, 30|1, 66, 123.44, 96|
12:38:50 0, 67, 161.70, 99|1, 67, 157.77, 98|
12:38:55 0, 66, 148.11, 74|1, 67, 123.33, 98|
12:39:00 0, 67, 158.47, 94|1, 67, 158.71, 98|
12:39:05 0, 67, 148.43, 86|1, 67, 143.15, 75|
12:39:10 0, 67, 156.01, 88|1, 67, 154.24, 98|
12:39:15 0, 67, 155.89, 89|1, 67, 150.21, 87|
12:39:20 0, 67, 158.39, 91|1, 68, 140.01, 87|
12:39:25 0, 67, 86.53, 94|1, 68, 95.54, 78|
12:39:30 0, 67, 129.85, 99|1, 68, 145.90, 98|
12:39:35 0, 67, 93.98, 99|1, 67, 99.71, 88|
12:39:40 0, 68, 156.50, 99|1, 68, 155.55, 98|
12:39:45 0, 67, 162.99, 99|1, 68, 140.69, 99|
12:39:50 0, 67, 157.51, 99|1, 68, 145.92, 98|
12:39:55 0, 68, 155.24, 99|1, 68, 161.01, 96|
12:40:00 0, 68, 176.76, 88|1, 69, 161.31, 90|
12:40:05 0, 68, 180.22, 87|1, 69, 177.27, 87|
12:40:10 0, 66, 115.22, 10|1, 66, 127.39, 31|
12:40:16 0, 67, 168.43, 99|1, 68, 150.79, 97|
12:40:21 0, 68, 144.87, 98|1, 68, 143.22, 99|
12:40:26 0, 68, 159.66, 99|1, 68, 153.91, 98|
12:40:31 0, 67, 159.05, 98|1, 68, 152.11, 99|
12:40:36 0, 68, 147.79, 99|1, 68, 142.11, 98|
12:40:41 0, 68, 154.97, 99|1, 68, 161.60, 98|
12:40:46 0, 68, 161.08, 99|1, 68, 154.93, 99|
12:40:51 0, 68, 158.29, 99|1, 68, 137.25, 98|
12:40:56 0, 68, 178.03, 99|1, 68, 170.62, 98|
12:41:01 0, 68, 161.87, 96|1, 68, 145.21, 98|
12:41:06 0, 68, 170.71, 99|1, 68, 171.00, 98|
12:41:11 0, 68, 107.33, 78|1, 69, 121.79, 78|
12:41:16 0, 68, 163.18, 99|1, 69, 159.72, 99|
12:41:21 0, 67, 135.07, 24|1, 67, 141.57, 56|
12:41:26 0, 69, 173.95, 66|1, 69, 165.55, 87|
12:41:31 0, 69, 169.30, 88|1, 70, 164.10, 88|
