13:32:51 0, 63, 47.35, 47|1, 66, 47.29, 6|
13:32:57 0, 60, 39.70, 0|1, 62, 39.17, 0|
13:33:02 0, 59, 39.46, 0|1, 61, 38.69, 0|
13:33:07 0, 64, 170.80, 99|1, 66, 164.27, 98|
13:33:12 0, 65, 147.44, 99|1, 67, 158.65, 95|
13:33:17 0, 65, 170.26, 99|1, 67, 176.32, 97|
13:33:22 0, 66, 164.17, 99|1, 68, 163.74, 97|
13:33:27 0, 66, 165.06, 98|1, 68, 156.85, 99|
13:33:32 0, 66, 172.71, 99|1, 68, 151.60, 96|
13:33:37 0, 66, 161.05, 98|1, 69, 157.15, 97|
13:33:42 0, 67, 162.40, 99|1, 69, 163.06, 96|
13:33:47 0, 66, 106.96, 16|1, 69, 157.46, 100|
13:33:52 0, 67, 154.84, 99|1, 69, 161.71, 97|
13:33:57 0, 67, 150.87, 99|1, 69, 142.06, 97|
13:34:02 0, 67, 150.29, 99|1, 69, 162.90, 96|
13:34:07 0, 67, 166.70, 88|1, 69, 146.48, 87|
13:34:12 0, 67, 155.96, 99|1, 69, 148.41, 96|
13:34:17 0, 67, 172.13, 98|1, 70, 177.33, 98|
13:34:22 0, 66, 157.54, 65|1, 69, 162.01, 95|
13:34:27 0, 66, 150.27, 74|1, 69, 153.62, 94|
13:34:32 0, 66, 163.81, 74|1, 69, 160.19, 95|
13:34:38 0, 66, 162.85, 82|1, 69, 156.65, 94|
13:34:43 0, 67, 163.56, 99|1, 69, 168.53, 98|
13:34:48 0, 67, 165.69, 99|1, 69, 156.12, 97|
13:34:53 0, 67, 168.62, 88|1, 69, 143.87, 98|
13:34:58 0, 67, 147.31, 99|1, 69, 150.13, 97|
13:35:03 0, 67, 150.22, 99|1, 69, 157.70, 96|
13:35:08 0, 67, 178.59, 99|1, 69, 154.20, 96|
13:35:13 0, 67, 169.91, 99|1, 69, 173.12, 96|
13:35:18 0, 67, 150.13, 88|1, 69, 163.71, 86|
13:35:23 0, 67, 152.27, 99|1, 69, 158.87, 98|
13:35:28 0, 67, 151.12, 99|1, 69, 152.90, 95|
13:35:33 0, 67, 172.41, 99|1, 70, 166.23, 97|
13:35:38 0, 67, 150.69, 88|1, 69, 151.18, 87|
13:35:43 0, 67, 159.95, 99|1, 69, 161.02, 96|
13:35:48 0, 67, 158.61, 99|1, 69, 157.34, 95|
13:35:53 0, 67, 162.07, 99|1, 70, 168.95, 98|
13:35:58 0, 67, 168.50, 56|1, 69, 171.34, 73|
13:36:03 0, 66, 168.96, 84|1, 69, 156.73, 94|
13:36:08 0, 66, 101.20, 84|1, 69, 162.55, 95|
13:36:13 0, 66, 169.48, 84|1, 69, 174.59, 95|
13:36:18 0, 66, 165.37, 92|1, 69, 151.24, 86|
13:36:24 0, 67, 159.85, 99|1, 69, 168.65, 95|
13:36:29 0, 67, 179.06, 99|1, 70, 163.85, 97|
13:36:34 0, 67, 162.69, 99|1, 70, 163.24, 95|
13:36:39 0, 67, 163.17, 98|1, 69, 156.69, 97|
13:36:44 0, 67, 164.20, 98|1, 69, 171.10, 98|
13:36:49 0, 66, 68.25, 33|1, 69, 172.64, 100|
13:36:54 0, 67, 170.75, 99|1, 70, 172.77, 97|
13:36:59 0, 67, 168.51, 99|1, 70, 150.57, 97|
13:37:04 0, 67, 168.48, 98|1, 69, 179.38, 98|
13:37:09 0, 67, 154.40, 99|1, 69, 168.68, 95|
13:37:14 0, 67, 181.11, 99|1, 70, 170.04, 96|
13:37:19 0, 67, 179.46, 99|1, 70, 165.82, 99|
13:37:24 0, 67, 146.68, 99|1, 69, 163.42, 99|
13:37:29 0, 67, 166.43, 99|1, 69, 159.70, 96|
13:37:34 0, 67, 177.01, 99|1, 70, 147.50, 99|
13:37:39 0, 67, 164.19, 80|1, 70, 160.11, 94|
13:37:44 0, 66, 99.92, 83|1, 69, 172.92, 95|
13:37:49 0, 66, 161.46, 74|1, 69, 156.65, 95|
