13:25:52 0, 56, 43.53, 0|1, 57, 42.04, 0|
13:25:57 0, 55, 43.05, 0|1, 57, 41.80, 0|
13:26:02 0, 54, 43.29, 29|1, 56, 42.52, 29|
13:26:07 0, 54, 37.54, 0|1, 55, 36.31, 0|
13:26:12 0, 53, 37.30, 0|1, 54, 36.07, 0|
13:26:17 0, 59, 142.18, 98|1, 61, 155.66, 99|
13:26:22 0, 60, 164.46, 98|1, 62, 167.80, 99|
13:26:27 0, 61, 168.22, 98|1, 63, 165.09, 99|
13:26:32 0, 62, 164.79, 98|1, 64, 146.64, 98|
13:26:37 0, 63, 162.91, 98|1, 65, 163.76, 96|
13:26:42 0, 64, 178.43, 98|1, 66, 170.41, 99|
13:26:47 0, 64, 172.34, 98|1, 66, 151.67, 99|
13:26:52 0, 65, 160.15, 98|1, 67, 141.27, 99|
13:26:58 0, 64, 154.76, 56|1, 67, 166.51, 100|
13:27:03 0, 65, 164.27, 98|1, 67, 145.55, 99|
13:27:08 0, 66, 148.90, 99|1, 68, 154.32, 99|
13:27:13 0, 66, 166.87, 99|1, 68, 157.81, 98|
13:27:18 0, 66, 160.47, 99|1, 68, 170.97, 98|
13:27:23 0, 66, 170.91, 99|1, 68, 160.88, 98|
13:27:28 0, 66, 165.98, 98|1, 69, 170.50, 97|
13:27:33 0, 65, 151.62, 75|1, 69, 170.13, 93|
13:27:38 0, 66, 159.52, 73|1, 69, 168.01, 93|
13:27:43 0, 66, 161.29, 74|1, 69, 166.79, 93|
13:27:48 0, 66, 167.09, 98|1, 69, 175.99, 98|
13:27:53 0, 66, 166.65, 98|1, 69, 156.15, 99|
13:27:58 0, 66, 153.40, 97|1, 69, 153.69, 99|
13:28:03 0, 67, 165.67, 88|1, 69, 173.05, 88|
13:28:08 0, 67, 157.36, 98|1, 70, 171.32, 99|
13:28:13 0, 67, 162.91, 98|1, 69, 168.97, 99|
13:28:18 0, 67, 172.60, 98|1, 69, 153.45, 98|
13:28:23 0, 67, 173.02, 98|1, 70, 156.58, 99|
13:28:28 0, 67, 148.78, 98|1, 69, 166.79, 99|
13:28:33 0, 67, 156.59, 98|1, 69, 145.83, 99|
13:28:39 0, 67, 159.51, 99|1, 69, 149.44, 99|
13:28:44 0, 67, 168.74, 99|1, 69, 169.15, 99|
13:28:49 0, 67, 174.52, 88|1, 70, 163.69, 99|
13:28:54 0, 67, 160.34, 98|1, 69, 165.92, 99|
13:28:59 0, 67, 176.87, 99|1, 69, 167.26, 99|
13:29:04 0, 67, 160.74, 98|1, 70, 169.68, 99|
13:29:09 0, 67, 88.57, 81|1, 70, 170.07, 93|
13:29:14 0, 66, 182.90, 73|1, 70, 172.65, 94|
13:29:19 0, 66, 86.45, 74|1, 70, 164.92, 94|
13:29:24 0, 66, 160.67, 98|1, 69, 161.01, 99|
13:29:29 0, 66, 170.75, 98|1, 69, 166.20, 98|
13:29:34 0, 67, 142.32, 98|1, 69, 165.28, 99|
13:29:39 0, 67, 168.74, 98|1, 69, 164.10, 98|
13:29:44 0, 67, 152.51, 99|1, 70, 147.09, 99|
13:29:49 0, 67, 145.82, 98|1, 69, 147.34, 99|
13:29:54 0, 66, 169.06, 99|1, 69, 164.13, 99|
13:29:59 0, 67, 143.75, 99|1, 69, 150.64, 97|
13:30:04 0, 67, 146.99, 98|1, 70, 149.99, 99|
13:30:09 0, 67, 178.65, 99|1, 69, 159.21, 99|
13:30:14 0, 67, 152.80, 99|1, 69, 151.28, 99|
13:30:19 0, 68, 123.32, 98|1, 70, 105.50, 99|
13:30:25 0, 67, 160.78, 99|1, 70, 161.61, 99|
13:30:30 0, 67, 155.47, 98|1, 70, 169.13, 99|
13:30:35 0, 67, 178.64, 98|1, 69, 168.63, 98|
13:30:40 0, 66, 51.40, 4|1, 68, 54.91, 62|
13:30:45 0, 66, 70.45, 82|1, 69, 97.28, 92|
13:30:50 0, 66, 139.88, 73|1, 69, 168.51, 94|
