13:30:55 0, 63, 46.63, 63|1, 66, 46.81, 6|
13:31:00 0, 60, 39.70, 0|1, 62, 39.17, 0|
13:31:05 0, 59, 39.92, 30|1, 61, 39.17, 29|
13:31:10 0, 58, 38.98, 0|1, 60, 37.97, 0|
13:31:15 0, 57, 38.50, 0|1, 59, 37.73, 0|
13:31:20 0, 62, 163.74, 99|1, 65, 156.83, 99|
13:31:25 0, 63, 165.57, 98|1, 66, 170.00, 98|
13:31:30 0, 64, 168.40, 98|1, 66, 168.86, 99|
13:31:35 0, 64, 160.62, 98|1, 67, 148.66, 99|
13:31:40 0, 65, 156.89, 98|1, 67, 154.72, 99|
13:31:45 0, 65, 164.71, 99|1, 68, 165.13, 99|
13:31:50 0, 65, 164.91, 99|1, 68, 142.61, 98|
13:31:55 0, 66, 164.79, 99|1, 68, 146.65, 99|
13:32:00 0, 64, 140.22, 45|1, 69, 172.87, 100|
13:32:05 0, 66, 155.52, 98|1, 69, 144.26, 99|
13:32:10 0, 66, 160.77, 99|1, 69, 171.32, 99|
13:32:15 0, 67, 181.03, 98|1, 69, 162.21, 99|
13:32:20 0, 67, 170.95, 98|1, 69, 151.34, 99|
13:32:25 0, 67, 163.94, 98|1, 69, 142.54, 99|
13:32:31 0, 67, 162.37, 98|1, 69, 165.27, 99|
13:32:36 0, 66, 173.64, 79|1, 70, 157.36, 95|
13:32:41 0, 66, 167.37, 52|1, 69, 158.07, 94|
13:32:46 0, 66, 170.89, 74|1, 69, 175.88, 94|
13:32:51 0, 65, 157.54, 44|1, 68, 156.53, 68|
