10:18:30 0, 55, 30.59, 0|1, 56, 29.83, 0|
10:18:35 0, 56, 173.46, 21|1, 55, 41.28, 0|
10:18:41 0, 60, 173.45, 100|1, 59, 138.24, 100|
10:18:46 0, 57, 42.78, 0|1, 61, 176.05, 100|
10:18:51 0, 61, 167.87, 100|1, 61, 163.27, 100|
10:18:56 0, 62, 163.01, 100|1, 62, 151.89, 100|
10:19:01 0, 61, 115.57, 100|1, 60, 143.22, 9|
10:19:06 0, 63, 136.89, 100|1, 63, 147.40, 100|
10:19:11 0, 62, 167.88, 100|1, 60, 42.94, 0|
10:19:16 0, 64, 146.22, 100|1, 64, 141.25, 100|
10:19:21 0, 60, 43.50, 0|1, 65, 163.62, 100|
10:19:26 0, 64, 171.69, 100|1, 62, 43.93, 52|
10:19:31 0, 65, 164.33, 90|1, 64, 149.85, 70|
10:19:36 0, 65, 155.79, 100|1, 64, 168.95, 100|
10:19:41 0, 62, 43.25, 0|1, 65, 174.31, 100|
10:19:46 0, 65, 173.90, 100|1, 64, 176.77, 100|
10:19:51 0, 65, 161.70, 100|1, 65, 156.13, 100|
10:19:56 0, 65, 162.77, 100|1, 65, 171.24, 100|
10:20:01 0, 66, 162.88, 100|1, 63, 45.10, 65|
10:20:06 0, 64, 154.38, 100|1, 63, 167.33, 100|
10:20:11 0, 65, 182.10, 100|1, 65, 160.53, 100|
10:20:16 0, 65, 172.68, 100|1, 65, 166.81, 100|
10:20:22 0, 65, 161.53, 100|1, 65, 145.46, 100|
10:20:27 0, 64, 159.91, 100|1, 60, 42.24, 0|
10:20:32 0, 65, 169.03, 100|1, 62, 44.86, 59|
10:20:37 0, 66, 160.99, 92|1, 64, 174.30, 100|
10:20:42 0, 66, 161.21, 100|1, 65, 164.82, 100|
10:20:47 0, 64, 180.43, 100|1, 61, 42.48, 0|
10:20:52 0, 65, 154.62, 100|1, 65, 158.30, 100|
10:20:57 0, 66, 141.62, 100|1, 65, 157.60, 100|
10:21:02 0, 66, 169.67, 100|1, 65, 181.38, 100|
10:21:07 0, 66, 170.61, 100|1, 65, 79.73, 100|
10:21:12 0, 66, 175.57, 100|1, 63, 44.14, 0|
10:21:17 0, 66, 163.57, 91|1, 64, 174.20, 26|
10:21:22 0, 66, 153.19, 91|1, 65, 157.53, 72|
10:21:27 0, 64, 167.13, 100|1, 62, 44.38, 0|
10:21:32 0, 65, 155.47, 100|1, 64, 156.27, 100|
10:21:37 0, 66, 162.09, 100|1, 65, 140.01, 100|
10:21:42 0, 66, 167.19, 100|1, 65, 170.62, 100|
10:21:47 0, 66, 179.37, 100|1, 65, 141.88, 100|
10:21:52 0, 66, 172.03, 100|1, 65, 145.12, 100|
10:21:58 0, 66, 166.48, 100|1, 66, 78.80, 94|
10:22:03 0, 66, 159.05, 100|1, 64, 44.86, 52|
10:22:08 0, 63, 167.76, 84|1, 64, 43.90, 40|
10:22:13 0, 65, 172.00, 100|1, 64, 142.59, 100|
10:22:18 0, 66, 172.88, 100|1, 65, 162.23, 100|
10:22:23 0, 66, 166.23, 100|1, 65, 184.21, 100|
10:22:28 0, 66, 164.21, 100|1, 65, 157.94, 100|
10:22:33 0, 66, 153.74, 100|1, 65, 163.15, 100|
10:22:38 0, 66, 162.16, 100|1, 65, 161.60, 100|
10:22:43 0, 66, 178.19, 100|1, 66, 177.02, 100|
10:22:48 0, 61, 43.01, 0|1, 66, 178.45, 100|
10:22:53 0, 66, 157.44, 92|1, 64, 173.24, 0|
10:22:58 0, 66, 162.16, 100|1, 65, 166.24, 100|
10:23:03 0, 66, 168.50, 100|1, 65, 167.35, 100|
10:23:08 0, 66, 171.00, 100|1, 65, 159.18, 100|
10:23:13 0, 66, 186.25, 100|1, 66, 157.84, 100|
10:23:18 0, 66, 176.19, 100|1, 65, 154.62, 100|
10:23:23 0, 67, 167.78, 100|1, 66, 153.77, 100|
10:23:28 0, 62, 43.74, 0|1, 66, 152.62, 100|
10:23:33 0, 66, 157.30, 100|1, 65, 166.86, 100|
10:23:39 0, 66, 154.09, 100|1, 63, 44.38, 65|
10:23:44 0, 66, 175.69, 100|1, 64, 160.68, 59|
10:23:49 0, 66, 163.88, 100|1, 65, 159.95, 100|
10:23:54 0, 66, 158.96, 100|1, 65, 177.24, 100|
10:23:59 0, 66, 160.69, 100|1, 66, 166.81, 100|
10:24:04 0, 67, 148.10, 100|1, 65, 171.84, 100|
10:24:09 0, 67, 160.64, 100|1, 66, 170.88, 100|
10:24:14 0, 67, 164.83, 100|1, 66, 179.03, 100|
10:24:19 0, 67, 161.39, 100|1, 66, 165.28, 100|
10:24:24 0, 67, 157.11, 100|1, 66, 140.47, 100|
10:24:29 0, 67, 168.37, 100|1, 66, 156.04, 100|
10:24:34 0, 67, 167.04, 100|1, 66, 141.74, 100|
10:24:39 0, 67, 154.79, 100|1, 66, 178.92, 100|
10:24:44 0, 67, 172.18, 100|1, 65, 156.04, 100|
10:24:49 0, 66, 48.04, 61|1, 65, 185.42, 0|
10:24:54 0, 66, 175.21, 100|1, 64, 153.15, 100|
10:24:59 0, 66, 169.43, 100|1, 65, 158.40, 100|
10:25:04 0, 67, 158.79, 100|1, 66, 164.98, 100|
10:25:09 0, 67, 163.73, 100|1, 66, 168.50, 100|
10:25:15 0, 67, 160.57, 100|1, 66, 156.51, 100|
10:25:20 0, 67, 153.02, 100|1, 66, 172.09, 100|
10:25:25 0, 67, 160.04, 100|1, 66, 155.59, 100|
10:25:30 0, 67, 168.57, 100|1, 66, 172.87, 100|
10:25:35 0, 67, 155.39, 100|1, 66, 151.40, 100|
10:25:40 0, 67, 155.64, 100|1, 66, 140.88, 100|
10:25:45 0, 67, 150.30, 100|1, 67, 168.83, 100|
10:25:50 0, 67, 178.75, 100|1, 66, 158.02, 100|
10:25:55 0, 68, 159.18, 100|1, 66, 173.14, 100|
10:26:00 0, 68, 172.50, 100|1, 66, 182.80, 100|
10:26:05 0, 68, 165.05, 100|1, 67, 154.03, 100|
10:26:10 0, 68, 161.84, 100|1, 67, 145.12, 100|
10:26:15 0, 66, 172.29, 100|1, 63, 45.82, 0|
10:26:20 0, 67, 159.19, 100|1, 66, 155.88, 100|
10:26:25 0, 67, 148.96, 100|1, 66, 154.01, 100|
10:26:30 0, 67, 149.03, 100|1, 66, 151.64, 100|
10:26:35 0, 67, 145.18, 100|1, 64, 43.20, 39|
10:26:40 0, 67, 150.78, 92|1, 66, 161.40, 16|
10:26:45 0, 68, 177.50, 100|1, 66, 147.64, 100|
10:26:51 0, 67, 167.58, 100|1, 66, 183.64, 100|
10:26:56 0, 68, 171.00, 100|1, 66, 156.98, 100|
10:27:01 0, 68, 169.92, 100|1, 66, 153.13, 100|
10:27:06 0, 68, 164.13, 100|1, 66, 172.64, 100|
10:27:11 0, 68, 161.37, 100|1, 66, 165.45, 100|
10:27:16 0, 68, 172.26, 94|1, 66, 176.08, 100|
10:27:21 0, 68, 141.68, 100|1, 66, 186.45, 10|
10:27:26 0, 68, 156.05, 100|1, 66, 45.58, 90|
10:27:31 0, 68, 157.91, 100|1, 67, 175.12, 100|
10:27:36 0, 63, 43.74, 0|1, 67, 178.55, 100|
10:27:41 0, 67, 180.58, 100|1, 64, 44.38, 100|
10:27:46 0, 67, 158.48, 90|1, 65, 178.58, 99|
10:27:51 0, 67, 169.28, 100|1, 66, 162.70, 100|
10:27:56 0, 67, 173.36, 100|1, 67, 161.48, 100|
10:28:01 0, 67, 160.09, 100|1, 66, 161.62, 100|
10:28:06 0, 68, 172.97, 100|1, 67, 154.87, 100|
10:28:11 0, 67, 167.65, 100|1, 67, 168.60, 100|
10:28:16 0, 68, 176.33, 100|1, 67, 175.59, 100|
10:28:21 0, 68, 163.98, 100|1, 67, 179.61, 100|
10:28:27 0, 68, 168.81, 100|1, 67, 144.42, 100|
10:28:32 0, 68, 181.16, 100|1, 67, 147.32, 100|
10:28:37 0, 68, 154.04, 100|1, 67, 175.37, 100|
10:28:42 0, 68, 169.05, 100|1, 67, 159.49, 100|
10:28:47 0, 68, 169.21, 100|1, 67, 160.29, 100|
10:28:52 0, 68, 156.12, 100|1, 67, 161.84, 100|
10:28:57 0, 66, 45.87, 2|1, 67, 159.23, 94|
10:29:02 0, 65, 63.54, 44|1, 65, 168.04, 56|
10:29:07 0, 64, 98.93, 43|1, 65, 117.37, 56|
10:29:12 0, 63, 129.37, 43|1, 64, 89.44, 54|
10:29:17 0, 63, 171.29, 47|1, 64, 58.67, 48|
10:29:22 0, 63, 167.05, 53|1, 64, 98.58, 47|
10:29:27 0, 63, 76.59, 52|1, 64, 163.27, 56|
