13:13:51 0, 52, 29.87, 0|1, 55, 29.83, 0|
13:13:56 0, 54, 157.42, 89|1, 57, 140.86, 99|
13:14:01 0, 58, 147.39, 99|1, 61, 150.77, 89|
13:14:06 0, 60, 169.92, 99|1, 63, 173.52, 97|
13:14:11 0, 61, 167.80, 99|1, 64, 171.81, 99|
13:14:16 0, 62, 173.15, 99|1, 64, 159.08, 97|
13:14:21 0, 62, 169.77, 99|1, 65, 163.17, 98|
13:14:27 0, 63, 161.33, 99|1, 66, 161.85, 99|
13:14:32 0, 63, 174.64, 99|1, 66, 147.60, 98|
13:14:37 0, 64, 167.20, 99|1, 66, 168.66, 99|
13:14:42 0, 64, 163.88, 99|1, 66, 160.15, 99|
13:14:47 0, 64, 166.94, 98|1, 67, 169.79, 99|
13:14:52 0, 65, 159.63, 89|1, 67, 166.24, 89|
13:14:57 0, 65, 144.64, 98|1, 67, 150.61, 99|
13:15:02 0, 65, 155.83, 99|1, 67, 158.16, 98|
13:15:07 0, 66, 154.37, 99|1, 68, 156.53, 98|
13:15:12 0, 66, 159.05, 99|1, 68, 157.10, 98|
13:15:17 0, 66, 165.30, 99|1, 68, 169.85, 99|
13:15:22 0, 66, 167.49, 99|1, 68, 156.47, 98|
13:15:27 0, 66, 168.50, 99|1, 68, 171.13, 99|
13:15:32 0, 66, 161.85, 99|1, 68, 164.01, 98|
13:15:37 0, 67, 150.07, 90|1, 68, 162.55, 98|
13:15:42 0, 67, 157.26, 99|1, 68, 155.35, 99|
13:15:47 0, 67, 181.65, 99|1, 69, 165.73, 98|
13:15:52 0, 67, 157.81, 99|1, 69, 162.91, 99|
13:15:57 0, 67, 152.90, 99|1, 69, 163.81, 98|
13:16:02 0, 67, 160.01, 99|1, 69, 142.91, 98|
13:16:07 0, 67, 173.34, 99|1, 69, 171.72, 98|
13:16:13 0, 67, 164.41, 99|1, 69, 159.57, 97|
13:16:18 0, 68, 171.47, 99|1, 69, 165.64, 99|
13:16:23 0, 68, 172.35, 89|1, 69, 171.10, 88|
13:16:28 0, 68, 164.34, 99|1, 70, 161.23, 99|
13:16:33 0, 68, 148.65, 99|1, 69, 156.91, 99|
13:16:38 0, 68, 163.55, 99|1, 69, 174.30, 98|
13:16:43 0, 68, 173.06, 99|1, 69, 162.63, 96|
13:16:48 0, 68, 150.85, 99|1, 69, 158.74, 98|
13:16:53 0, 68, 175.83, 98|1, 69, 166.03, 98|
13:16:58 0, 68, 156.72, 89|1, 69, 156.68, 88|
13:17:03 0, 68, 166.13, 99|1, 70, 166.18, 99|
13:17:08 0, 68, 160.64, 99|1, 69, 159.67, 99|
13:17:13 0, 68, 160.89, 99|1, 70, 164.51, 97|
13:17:18 0, 68, 147.70, 99|1, 69, 155.72, 98|
13:17:23 0, 68, 176.59, 99|1, 69, 149.47, 98|
13:17:28 0, 68, 166.02, 99|1, 69, 169.72, 98|
13:17:33 0, 68, 128.37, 99|1, 69, 139.68, 98|
13:17:38 0, 68, 155.00, 99|1, 70, 173.81, 98|
13:17:43 0, 68, 162.16, 99|1, 69, 165.30, 98|
13:17:48 0, 68, 154.92, 99|1, 70, 163.65, 98|
13:17:54 0, 68, 165.60, 99|1, 69, 172.27, 98|
13:17:59 0, 68, 178.57, 99|1, 70, 167.87, 98|
13:18:04 0, 68, 165.82, 99|1, 69, 171.00, 99|
13:18:09 0, 68, 175.01, 89|1, 69, 174.30, 88|
13:18:14 0, 68, 166.46, 99|1, 70, 173.51, 99|
13:18:19 0, 68, 173.92, 99|1, 69, 153.32, 97|
13:18:24 0, 68, 169.74, 99|1, 70, 145.05, 97|
13:18:29 0, 68, 157.57, 99|1, 69, 165.85, 98|
13:18:34 0, 68, 172.65, 99|1, 69, 164.98, 98|
13:18:39 0, 68, 161.66, 99|1, 69, 155.43, 98|
13:18:44 0, 68, 158.99, 99|1, 70, 164.03, 99|
13:18:49 0, 68, 152.57, 99|1, 70, 152.52, 99|
13:18:54 0, 68, 139.52, 99|1, 70, 153.94, 98|
13:18:59 0, 68, 174.42, 99|1, 69, 174.90, 98|
13:19:04 0, 68, 148.63, 98|1, 69, 155.48, 98|
13:19:09 0, 68, 167.95, 99|1, 69, 174.77, 98|
13:19:14 0, 68, 142.83, 99|1, 69, 152.99, 98|
13:19:19 0, 68, 147.85, 99|1, 69, 162.72, 88|
13:19:24 0, 68, 166.87, 98|1, 69, 162.98, 99|
13:19:29 0, 68, 182.34, 99|1, 70, 168.54, 98|
13:19:34 0, 68, 159.11, 99|1, 70, 165.66, 98|
13:19:40 0, 68, 170.05, 99|1, 70, 161.96, 98|
13:19:45 0, 68, 167.86, 99|1, 69, 165.05, 99|
13:19:50 0, 68, 150.04, 99|1, 69, 150.30, 88|
13:19:55 0, 68, 161.33, 99|1, 70, 147.65, 98|
13:20:00 0, 68, 161.68, 99|1, 70, 159.68, 98|
13:20:05 0, 68, 161.85, 99|1, 70, 164.78, 98|
13:20:10 0, 68, 164.81, 88|1, 69, 168.53, 90|
13:20:15 0, 68, 161.82, 98|1, 69, 167.28, 99|
13:20:20 0, 68, 171.16, 99|1, 70, 167.83, 98|
13:20:25 0, 68, 149.77, 99|1, 69, 160.38, 99|
13:20:30 0, 68, 134.99, 99|1, 69, 134.95, 97|
13:20:35 0, 68, 179.13, 98|1, 70, 180.59, 99|
13:20:40 0, 68, 169.42, 99|1, 69, 168.51, 98|
13:20:45 0, 68, 177.24, 99|1, 69, 161.04, 99|
13:20:50 0, 68, 172.87, 99|1, 69, 161.17, 99|
13:20:55 0, 68, 144.47, 99|1, 69, 151.44, 98|
13:21:00 0, 68, 171.54, 99|1, 69, 157.94, 98|
13:21:05 0, 68, 174.20, 89|1, 69, 154.59, 94|
13:21:10 0, 69, 173.11, 99|1, 70, 149.97, 98|
13:21:15 0, 68, 172.44, 99|1, 69, 162.79, 99|
13:21:21 0, 68, 163.73, 99|1, 69, 173.03, 98|
13:21:26 0, 68, 159.40, 99|1, 70, 152.60, 98|
13:21:31 0, 69, 170.71, 99|1, 70, 163.04, 98|
13:21:36 0, 68, 169.34, 99|1, 69, 146.24, 98|
13:21:41 0, 68, 147.68, 99|1, 69, 147.71, 98|
13:21:46 0, 68, 165.77, 99|1, 69, 154.20, 98|
13:21:51 0, 68, 162.71, 99|1, 70, 170.28, 97|
13:21:56 0, 68, 172.16, 99|1, 70, 177.74, 99|
13:22:01 0, 68, 174.02, 99|1, 69, 160.44, 98|
13:22:06 0, 68, 155.63, 99|1, 69, 168.18, 98|
13:22:11 0, 68, 157.99, 99|1, 69, 169.90, 98|
13:22:16 0, 68, 167.36, 99|1, 69, 165.38, 99|
13:22:21 0, 69, 132.64, 99|1, 70, 118.39, 98|
13:22:26 0, 68, 185.18, 99|1, 69, 162.28, 99|
13:22:31 0, 69, 168.44, 99|1, 69, 167.97, 99|
13:22:36 0, 68, 157.26, 99|1, 70, 172.40, 98|
13:22:41 0, 68, 164.35, 99|1, 69, 164.59, 98|
13:22:46 0, 68, 155.42, 99|1, 69, 154.49, 87|
13:22:51 0, 68, 159.78, 99|1, 70, 159.23, 99|
13:22:56 0, 68, 159.38, 99|1, 69, 164.40, 98|
13:23:01 0, 68, 172.75, 99|1, 69, 151.77, 98|
13:23:07 0, 68, 154.85, 99|1, 69, 167.93, 98|
13:23:12 0, 68, 175.24, 99|1, 69, 148.92, 99|
13:23:17 0, 68, 162.70, 99|1, 69, 162.95, 99|
13:23:22 0, 68, 146.85, 99|1, 70, 151.55, 98|
13:23:27 0, 67, 171.29, 99|1, 69, 137.25, 95|
13:23:32 0, 68, 167.46, 99|1, 69, 172.89, 98|
13:23:37 0, 68, 155.29, 99|1, 69, 158.87, 98|
13:23:42 0, 68, 156.51, 99|1, 69, 166.00, 99|
13:23:47 0, 68, 175.51, 99|1, 70, 148.52, 98|
13:23:52 0, 68, 150.62, 98|1, 69, 151.19, 99|
13:23:57 0, 68, 157.21, 99|1, 69, 156.30, 99|
13:24:02 0, 69, 172.88, 98|1, 70, 171.44, 96|
13:24:07 0, 68, 172.86, 99|1, 70, 175.28, 98|
13:24:12 0, 68, 156.89, 99|1, 69, 163.28, 98|
13:24:17 0, 68, 168.48, 99|1, 70, 164.94, 98|
13:24:22 0, 68, 156.71, 99|1, 69, 159.89, 98|
13:24:27 0, 68, 169.35, 88|1, 69, 171.71, 88|
13:24:32 0, 68, 156.27, 99|1, 70, 161.84, 98|
13:24:37 0, 68, 165.53, 99|1, 69, 158.87, 98|
13:24:42 0, 69, 167.56, 99|1, 70, 159.51, 99|
13:24:48 0, 68, 147.95, 88|1, 69, 154.80, 88|
13:24:53 0, 68, 180.09, 99|1, 70, 156.11, 99|
13:24:58 0, 68, 166.77, 92|1, 70, 164.49, 91|
13:25:03 0, 69, 141.25, 91|1, 70, 117.96, 91|
13:25:08 0, 68, 171.75, 91|1, 70, 170.99, 91|
13:25:13 0, 68, 162.16, 91|1, 69, 161.84, 91|
