12:01:08 0, 47, 28.67, 0|1, 49, 28.41, 0|
12:01:13 0, 50, 144.22, 98|1, 53, 139.53, 97|
12:01:18 0, 53, 156.43, 99|1, 56, 149.83, 98|
12:01:23 0, 54, 149.04, 98|1, 57, 136.18, 97|
12:01:28 0, 55, 150.44, 98|1, 58, 148.05, 98|
12:01:33 0, 56, 154.15, 98|1, 59, 132.44, 97|
12:01:38 0, 57, 152.50, 98|1, 60, 149.91, 97|
12:01:43 0, 58, 145.82, 99|1, 60, 146.51, 98|
12:01:48 0, 59, 151.09, 99|1, 61, 142.35, 98|
12:01:53 0, 59, 155.33, 98|1, 62, 155.04, 98|
12:01:58 0, 60, 157.41, 99|1, 62, 145.68, 99|
12:02:04 0, 61, 141.87, 98|1, 63, 144.80, 99|
12:02:09 0, 61, 158.71, 98|1, 63, 152.73, 97|
12:02:14 0, 62, 159.65, 98|1, 64, 146.69, 98|
12:02:19 0, 62, 152.42, 99|1, 64, 150.62, 98|
12:02:24 0, 62, 163.57, 98|1, 65, 153.24, 98|
12:02:29 0, 63, 153.99, 98|1, 65, 156.29, 97|
12:02:34 0, 63, 157.21, 98|1, 65, 158.94, 97|
12:02:39 0, 63, 160.55, 99|1, 65, 150.34, 97|
12:02:44 0, 63, 160.04, 98|1, 65, 152.50, 97|
12:02:49 0, 63, 158.86, 98|1, 65, 146.83, 98|
12:02:54 0, 63, 158.71, 98|1, 65, 154.84, 98|
12:02:59 0, 63, 161.93, 98|1, 65, 152.51, 99|
12:03:04 0, 63, 161.13, 98|1, 65, 152.74, 97|
12:03:09 0, 63, 160.88, 98|1, 65, 159.18, 97|
12:03:14 0, 63, 159.41, 98|1, 65, 155.03, 98|
12:03:19 0, 63, 159.10, 98|1, 65, 135.68, 97|
12:03:24 0, 63, 169.91, 99|1, 65, 151.35, 98|
12:03:29 0, 63, 149.08, 99|1, 65, 149.99, 98|
12:03:34 0, 64, 169.11, 98|1, 65, 153.40, 99|
12:03:39 0, 64, 163.13, 99|1, 65, 149.83, 98|
12:03:44 0, 64, 159.95, 98|1, 65, 145.22, 98|
12:03:50 0, 64, 155.01, 98|1, 65, 149.53, 98|
12:03:55 0, 64, 157.48, 99|1, 65, 156.85, 98|
12:04:00 0, 64, 151.73, 88|1, 65, 150.22, 88|
12:04:05 0, 64, 159.85, 99|1, 65, 148.02, 98|
12:04:10 0, 64, 157.60, 98|1, 65, 146.58, 98|
12:04:15 0, 64, 154.54, 98|1, 65, 155.47, 97|
12:04:20 0, 64, 154.78, 98|1, 65, 151.71, 98|
12:04:25 0, 64, 153.96, 98|1, 65, 147.40, 98|
12:04:30 0, 64, 160.27, 98|1, 65, 153.11, 98|
12:04:35 0, 64, 164.66, 98|1, 65, 155.17, 97|
12:04:40 0, 64, 151.71, 89|1, 65, 157.51, 88|
12:04:45 0, 64, 159.32, 98|1, 65, 154.76, 97|
12:04:50 0, 65, 160.44, 98|1, 65, 152.27, 99|
12:04:55 0, 65, 160.74, 98|1, 65, 160.36, 98|
12:05:00 0, 65, 155.46, 98|1, 65, 155.83, 98|
12:05:05 0, 65, 145.47, 98|1, 65, 142.81, 98|
12:05:10 0, 65, 156.56, 98|1, 65, 153.07, 97|
12:05:15 0, 65, 160.07, 98|1, 65, 149.68, 98|
12:05:20 0, 65, 159.89, 98|1, 65, 156.22, 99|
12:05:25 0, 65, 163.74, 93|1, 66, 148.01, 98|
12:05:30 0, 65, 162.04, 98|1, 65, 151.89, 98|
12:05:36 0, 65, 152.75, 98|1, 65, 146.47, 98|
12:05:41 0, 65, 161.84, 98|1, 65, 150.08, 98|
12:05:46 0, 65, 144.79, 99|1, 65, 147.86, 98|
12:05:51 0, 65, 155.77, 98|1, 66, 160.98, 99|
12:05:56 0, 65, 160.88, 98|1, 66, 154.92, 98|
12:06:01 0, 65, 157.06, 98|1, 66, 155.31, 97|
12:06:06 0, 66, 161.38, 98|1, 66, 157.61, 98|
12:06:11 0, 65, 165.28, 99|1, 66, 149.83, 98|
12:06:16 0, 65, 159.82, 98|1, 66, 153.12, 98|
12:06:21 0, 66, 147.39, 99|1, 66, 148.65, 97|
12:06:26 0, 66, 160.27, 98|1, 66, 150.80, 98|
12:06:31 0, 66, 173.34, 99|1, 66, 172.18, 99|
12:06:36 0, 66, 151.37, 99|1, 66, 149.43, 98|
12:06:41 0, 66, 151.46, 99|1, 66, 151.48, 98|
12:06:46 0, 66, 158.07, 99|1, 66, 150.86, 98|
12:06:51 0, 66, 182.20, 88|1, 66, 177.18, 87|
12:06:56 0, 66, 155.20, 88|1, 66, 151.00, 88|
12:07:01 0, 66, 168.56, 98|1, 66, 151.11, 98|
12:07:06 0, 66, 163.95, 98|1, 66, 153.28, 98|
12:07:11 0, 66, 164.58, 98|1, 66, 164.31, 98|
12:07:16 0, 66, 160.20, 98|1, 66, 155.63, 97|
12:07:21 0, 66, 161.98, 98|1, 66, 144.82, 98|
12:07:27 0, 66, 158.46, 99|1, 67, 157.83, 99|
12:07:32 0, 66, 160.64, 98|1, 67, 160.59, 98|
12:07:37 0, 67, 166.30, 99|1, 67, 157.60, 98|
12:07:42 0, 66, 157.35, 98|1, 67, 159.80, 98|
12:07:47 0, 66, 142.97, 98|1, 66, 141.61, 98|
12:07:52 0, 66, 139.25, 99|1, 66, 148.71, 99|
12:07:57 0, 66, 82.05, 98|1, 67, 75.55, 93|
12:08:02 0, 66, 155.16, 99|1, 67, 140.86, 98|
12:08:07 0, 66, 160.81, 99|1, 67, 156.35, 97|
12:08:12 0, 67, 153.57, 99|1, 67, 152.04, 98|
12:08:17 0, 66, 145.22, 98|1, 67, 144.34, 97|
12:08:22 0, 67, 155.55, 98|1, 67, 151.86, 97|
12:08:27 0, 67, 164.17, 98|1, 67, 150.87, 99|
12:08:32 0, 67, 155.41, 98|1, 67, 155.33, 98|
12:08:37 0, 67, 161.68, 98|1, 67, 154.84, 98|
12:08:42 0, 67, 148.49, 98|1, 67, 148.26, 98|
12:08:47 0, 67, 161.32, 98|1, 67, 159.56, 98|
12:08:52 0, 67, 166.49, 98|1, 67, 155.89, 98|
12:08:57 0, 67, 159.08, 98|1, 67, 156.82, 98|
12:09:02 0, 67, 164.08, 99|1, 67, 159.01, 98|
12:09:08 0, 67, 157.99, 98|1, 67, 157.85, 99|
12:09:13 0, 67, 154.53, 99|1, 67, 152.09, 98|
12:09:18 0, 67, 146.57, 98|1, 67, 150.93, 99|
12:09:23 0, 67, 158.79, 99|1, 67, 147.24, 98|
12:09:28 0, 67, 162.04, 98|1, 68, 156.82, 99|
12:09:33 0, 67, 156.64, 99|1, 67, 153.99, 97|
12:09:38 0, 67, 159.08, 98|1, 67, 158.23, 99|
12:09:43 0, 67, 164.49, 98|1, 67, 153.99, 98|
12:09:48 0, 67, 159.87, 99|1, 68, 155.50, 96|
12:09:53 0, 67, 167.49, 99|1, 67, 160.62, 97|
12:09:58 0, 67, 161.35, 98|1, 68, 149.13, 97|
12:10:03 0, 67, 159.64, 98|1, 67, 139.44, 99|
12:10:08 0, 67, 156.25, 99|1, 67, 165.77, 98|
12:10:13 0, 67, 150.20, 98|1, 68, 154.61, 98|
12:10:18 0, 67, 148.25, 99|1, 68, 156.12, 98|
12:10:23 0, 67, 154.43, 99|1, 68, 152.74, 97|
12:10:28 0, 67, 152.18, 99|1, 68, 146.60, 98|
12:10:33 0, 67, 150.13, 98|1, 68, 154.48, 98|
12:10:38 0, 67, 166.55, 98|1, 68, 160.61, 99|
12:10:43 0, 67, 155.95, 98|1, 68, 145.81, 98|
12:10:48 0, 67, 155.72, 99|1, 68, 146.31, 97|
12:10:54 0, 68, 165.34, 91|1, 68, 160.98, 91|
12:10:59 0, 68, 172.14, 92|1, 68, 163.70, 91|
12:11:04 0, 68, 166.45, 92|1, 69, 161.51, 92|
12:11:09 0, 68, 59.50, 91|1, 68, 57.28, 91|
