12:11:26 0, 58, 31.56, 0|1, 59, 30.80, 0|
12:11:31 0, 61, 142.41, 100|1, 58, 42.72, 0|
12:11:36 0, 62, 150.99, 100|1, 63, 163.35, 100|
12:11:41 0, 59, 44.46, 0|1, 63, 174.64, 100|
12:11:46 0, 61, 45.42, 0|1, 62, 165.87, 100|
12:11:51 0, 61, 45.90, 0|1, 63, 161.74, 100|
12:11:56 0, 63, 176.51, 100|1, 64, 52.48, 94|
12:12:01 0, 64, 148.49, 100|1, 64, 70.32, 100|
12:12:06 0, 61, 45.39, 0|1, 63, 179.85, 100|
12:12:11 0, 62, 44.70, 0|1, 64, 140.93, 100|
12:12:16 0, 64, 148.25, 100|1, 61, 43.69, 0|
12:12:21 0, 64, 147.61, 100|1, 64, 49.90, 82|
12:12:26 0, 64, 136.79, 100|1, 65, 57.24, 100|
12:12:31 0, 64, 142.64, 100|1, 65, 89.15, 100|
12:12:37 0, 61, 45.42, 0|1, 65, 166.82, 100|
12:12:42 0, 62, 44.91, 0|1, 64, 176.38, 100|
12:12:47 0, 62, 45.90, 0|1, 64, 145.67, 100|
12:12:52 0, 62, 46.60, 0|1, 64, 160.85, 100|
12:12:57 0, 62, 41.81, 0|1, 64, 169.42, 100|
12:13:02 0, 64, 161.93, 100|1, 65, 62.23, 100|
12:13:07 0, 64, 150.22, 100|1, 65, 48.43, 100|
12:13:12 0, 64, 141.93, 100|1, 65, 60.12, 100|
12:13:17 0, 64, 138.46, 100|1, 65, 156.73, 100|
12:13:22 0, 62, 45.63, 0|1, 64, 161.10, 100|
12:13:27 0, 62, 45.90, 0|1, 64, 145.27, 100|
12:13:32 0, 62, 44.94, 0|1, 64, 150.86, 100|
12:13:37 0, 62, 43.26, 0|1, 64, 141.26, 100|
12:13:42 0, 63, 146.60, 100|1, 61, 42.01, 0|
12:13:47 0, 64, 173.80, 100|1, 65, 144.85, 100|
12:13:52 0, 64, 190.21, 100|1, 65, 147.14, 100|
12:13:57 0, 64, 149.81, 100|1, 65, 143.98, 100|
12:14:02 0, 64, 151.70, 100|1, 65, 174.90, 100|
12:14:07 0, 64, 156.58, 100|1, 65, 134.21, 100|
12:14:12 0, 64, 173.67, 100|1, 65, 139.97, 100|
12:14:18 0, 64, 135.61, 100|1, 65, 139.25, 100|
12:14:23 0, 62, 46.35, 0|1, 65, 170.50, 100|
12:14:28 0, 64, 165.53, 100|1, 63, 44.86, 57|
12:14:33 0, 64, 142.41, 100|1, 63, 45.12, 0|
12:14:38 0, 64, 142.16, 100|1, 64, 46.06, 40|
12:14:43 0, 64, 174.99, 100|1, 64, 44.38, 100|
12:14:48 0, 65, 177.92, 100|1, 65, 139.56, 100|
12:14:53 0, 64, 175.55, 100|1, 65, 137.69, 100|
12:14:58 0, 64, 138.92, 100|1, 65, 157.61, 100|
12:15:03 0, 64, 138.06, 100|1, 65, 147.15, 100|
12:15:08 0, 64, 149.42, 100|1, 61, 43.90, 0|
12:15:13 0, 64, 162.64, 100|1, 62, 44.40, 0|
12:15:18 0, 64, 138.38, 100|1, 63, 44.40, 0|
12:15:23 0, 65, 155.74, 100|1, 63, 44.64, 0|
12:15:28 0, 64, 151.71, 100|1, 63, 45.10, 0|
12:15:33 0, 64, 144.61, 100|1, 64, 45.58, 43|
12:15:38 0, 64, 175.12, 100|1, 65, 148.30, 100|
12:15:43 0, 64, 178.29, 100|1, 65, 142.09, 100|
12:15:48 0, 61, 44.70, 0|1, 65, 138.49, 100|
12:15:54 0, 64, 94.79, 100|1, 62, 101.08, 0|
12:15:59 0, 65, 61.13, 100|1, 62, 137.32, 0|
12:16:04 0, 64, 167.27, 100|1, 62, 42.96, 0|
12:16:09 0, 65, 142.49, 100|1, 62, 44.17, 0|
12:16:14 0, 65, 168.93, 100|1, 63, 44.40, 0|
12:16:19 0, 65, 140.74, 100|1, 63, 43.69, 0|
12:16:24 0, 64, 175.39, 100|1, 64, 45.10, 45|
12:16:29 0, 64, 143.74, 100|1, 65, 151.79, 100|
12:16:34 0, 63, 46.35, 61|1, 62, 169.54, 42|
12:16:39 0, 63, 46.62, 75|1, 63, 176.18, 28|
12:16:44 0, 63, 45.66, 100|1, 63, 167.20, 0|
12:16:49 0, 64, 72.32, 100|1, 62, 123.33, 0|
12:16:54 0, 64, 139.64, 100|1, 62, 44.62, 0|
12:16:59 0, 65, 141.22, 100|1, 62, 44.40, 0|
12:17:04 0, 64, 178.19, 100|1, 63, 43.90, 13|
12:17:09 0, 64, 145.23, 100|1, 65, 157.24, 100|
12:17:14 0, 64, 147.59, 100|1, 65, 128.20, 100|
12:17:19 0, 64, 151.63, 100|1, 65, 149.53, 100|
12:17:24 0, 63, 156.25, 91|1, 64, 140.05, 100|
12:17:29 0, 62, 43.74, 0|1, 64, 143.15, 100|
12:17:34 0, 64, 145.42, 100|1, 62, 44.16, 0|
12:17:40 0, 64, 161.71, 100|1, 64, 45.10, 100|
12:17:45 0, 64, 173.90, 100|1, 65, 168.57, 100|
12:17:50 0, 64, 146.57, 100|1, 65, 174.31, 100|
12:17:55 0, 63, 46.83, 0|1, 64, 138.42, 100|
12:18:00 0, 63, 145.49, 100|1, 63, 45.12, 0|
12:18:05 0, 63, 144.21, 100|1, 64, 149.65, 100|
12:18:10 0, 63, 181.12, 100|1, 64, 125.76, 100|
12:18:15 0, 63, 170.23, 100|1, 65, 140.78, 100|
12:18:20 0, 63, 180.82, 61|1, 65, 141.88, 100|
12:18:25 0, 62, 45.90, 0|1, 65, 158.42, 100|
12:18:30 0, 62, 43.74, 0|1, 64, 137.62, 100|
12:18:35 0, 63, 47.10, 84|1, 64, 167.30, 4|
12:18:40 0, 64, 159.44, 100|1, 62, 43.20, 0|
12:18:45 0, 64, 162.88, 100|1, 63, 44.88, 0|
12:18:50 0, 64, 169.18, 100|1, 65, 169.04, 100|
12:18:55 0, 64, 180.91, 100|1, 65, 178.90, 100|
12:19:00 0, 64, 136.78, 100|1, 65, 151.88, 100|
12:19:05 0, 62, 44.70, 0|1, 64, 164.62, 100|
12:19:10 0, 65, 161.73, 100|1, 62, 44.62, 0|
12:19:16 0, 64, 170.46, 100|1, 65, 55.33, 100|
12:19:21 0, 64, 185.84, 100|1, 65, 173.21, 100|
12:19:26 0, 62, 45.90, 0|1, 65, 150.55, 100|
12:19:31 0, 64, 148.46, 100|1, 65, 114.32, 97|
12:19:36 0, 64, 149.97, 100|1, 65, 165.81, 100|
12:19:41 0, 64, 165.10, 100|1, 65, 178.78, 100|
12:19:46 0, 64, 167.58, 100|1, 65, 181.81, 100|
12:19:51 0, 64, 147.81, 100|1, 65, 138.87, 100|
12:19:56 0, 64, 152.90, 100|1, 65, 152.71, 100|
12:20:01 0, 64, 163.95, 100|1, 65, 141.95, 100|
12:20:06 0, 63, 148.97, 31|1, 64, 147.78, 100|
12:20:11 0, 62, 46.12, 0|1, 64, 173.80, 100|
12:20:16 0, 63, 46.60, 44|1, 63, 156.61, 11|
12:20:21 0, 65, 144.21, 100|1, 63, 42.00, 0|
12:20:26 0, 64, 160.88, 100|1, 65, 147.54, 100|
12:20:31 0, 64, 156.34, 100|1, 65, 155.56, 100|
12:20:36 0, 63, 157.34, 84|1, 65, 169.93, 100|
12:20:41 0, 63, 46.62, 0|1, 64, 163.84, 100|
12:20:46 0, 65, 141.30, 100|1, 62, 44.41, 0|
12:20:51 0, 64, 163.26, 100|1, 65, 147.21, 100|
12:20:57 0, 63, 46.14, 89|1, 62, 143.95, 52|
12:21:02 0, 63, 43.25, 100|1, 63, 166.57, 33|
12:21:07 0, 64, 46.86, 100|1, 63, 147.88, 0|
12:21:12 0, 65, 174.02, 100|1, 62, 44.14, 0|
12:21:17 0, 65, 143.75, 100|1, 63, 45.12, 0|
12:21:22 0, 65, 149.88, 100|1, 63, 45.10, 0|
12:21:27 0, 64, 155.91, 100|1, 64, 44.40, 33|
12:21:32 0, 64, 158.94, 100|1, 65, 143.06, 100|
12:21:37 0, 64, 148.16, 100|1, 65, 131.37, 100|
12:21:42 0, 64, 157.43, 100|1, 65, 168.30, 100|
12:21:47 0, 63, 143.01, 44|1, 65, 137.22, 100|
12:21:52 0, 63, 46.62, 0|1, 64, 135.80, 100|
12:21:57 0, 65, 133.79, 100|1, 62, 43.20, 0|
12:22:02 0, 65, 151.95, 100|1, 65, 49.63, 100|
12:22:07 0, 64, 152.65, 100|1, 65, 138.16, 100|
12:22:12 0, 63, 139.78, 100|1, 65, 169.08, 100|
12:22:17 0, 63, 46.60, 0|1, 64, 150.49, 100|
12:22:22 0, 61, 92.15, 49|1, 64, 125.38, 49|
12:22:27 0, 62, 162.18, 44|1, 64, 62.71, 52|
12:22:32 0, 62, 170.49, 49|1, 64, 60.79, 54|
12:22:38 0, 62, 153.08, 52|1, 64, 131.24, 48|
12:22:43 0, 63, 121.82, 46|1, 64, 120.25, 53|
12:22:48 0, 63, 88.64, 45|1, 64, 145.36, 55|
