10:29:46 0, 56, 30.83, 0|1, 57, 30.08, 0|
10:29:51 0, 59, 184.68, 100|1, 56, 42.00, 0|
10:29:56 0, 60, 159.81, 100|1, 61, 168.94, 100|
10:30:01 0, 57, 43.50, 0|1, 61, 145.52, 100|
10:30:06 0, 59, 45.18, 0|1, 61, 134.62, 100|
10:30:11 0, 59, 43.74, 0|1, 61, 169.01, 100|
10:30:16 0, 61, 161.51, 100|1, 62, 165.20, 100|
10:30:21 0, 62, 147.69, 100|1, 62, 136.98, 100|
10:30:26 0, 60, 43.74, 0|1, 61, 180.35, 100|
10:30:31 0, 60, 44.94, 0|1, 62, 146.76, 100|
10:30:36 0, 62, 154.68, 100|1, 60, 43.42, 0|
10:30:41 0, 62, 149.56, 100|1, 63, 177.46, 100|
10:30:46 0, 63, 185.09, 100|1, 64, 141.86, 100|
10:30:51 0, 63, 139.17, 100|1, 64, 157.83, 100|
10:30:56 0, 60, 43.02, 0|1, 64, 141.49, 100|
10:31:02 0, 61, 46.14, 0|1, 63, 136.78, 100|
10:31:07 0, 61, 44.22, 0|1, 64, 137.85, 100|
10:31:12 0, 62, 45.87, 0|1, 63, 178.59, 100|
10:31:17 0, 62, 44.46, 0|1, 64, 167.31, 100|
10:31:22 0, 64, 181.46, 100|1, 64, 155.34, 100|
10:31:27 0, 64, 169.94, 100|1, 64, 185.87, 100|
10:31:32 0, 64, 164.49, 100|1, 65, 148.31, 100|
10:31:37 0, 64, 147.60, 100|1, 65, 177.50, 100|
10:31:42 0, 62, 45.87, 0|1, 63, 179.70, 100|
10:31:47 0, 62, 46.14, 0|1, 64, 144.33, 100|
10:31:52 0, 62, 46.14, 0|1, 64, 147.88, 100|
10:31:57 0, 62, 42.53, 0|1, 64, 165.49, 100|
10:32:02 0, 63, 164.60, 100|1, 62, 43.90, 0|
10:32:07 0, 64, 140.51, 100|1, 65, 170.72, 100|
10:32:12 0, 64, 143.97, 100|1, 65, 156.97, 100|
10:32:17 0, 64, 135.44, 100|1, 65, 152.34, 100|
10:32:22 0, 64, 145.09, 100|1, 65, 155.88, 100|
10:32:27 0, 64, 149.56, 100|1, 65, 160.58, 100|
10:32:32 0, 64, 177.25, 100|1, 65, 145.41, 100|
10:32:37 0, 63, 137.19, 100|1, 65, 147.71, 100|
10:32:43 0, 62, 44.22, 0|1, 64, 186.39, 100|
10:32:48 0, 64, 147.29, 100|1, 63, 43.69, 100|
10:32:53 0, 64, 152.80, 100|1, 63, 44.40, 43|
10:32:58 0, 64, 188.32, 100|1, 64, 46.54, 86|
10:33:03 0, 64, 146.26, 100|1, 65, 179.34, 100|
10:33:08 0, 64, 149.01, 100|1, 65, 164.89, 100|
10:33:13 0, 64, 164.21, 100|1, 65, 174.81, 100|
10:33:18 0, 64, 181.99, 100|1, 65, 158.84, 100|
10:33:23 0, 64, 165.01, 100|1, 65, 187.96, 100|
10:33:28 0, 64, 174.15, 100|1, 61, 41.04, 0|
10:33:33 0, 64, 142.41, 100|1, 62, 43.44, 0|
10:33:38 0, 64, 178.56, 100|1, 63, 44.40, 0|
10:33:43 0, 64, 157.91, 100|1, 63, 43.20, 9|
10:33:48 0, 64, 192.32, 100|1, 63, 45.10, 0|
10:33:53 0, 64, 148.55, 100|1, 64, 46.54, 98|
10:33:58 0, 64, 135.20, 100|1, 65, 156.02, 100|
10:34:03 0, 64, 141.13, 100|1, 64, 146.65, 100|
10:34:08 0, 61, 45.42, 0|1, 65, 152.91, 100|
10:34:13 0, 64, 149.29, 100|1, 62, 42.73, 0|
10:34:19 0, 64, 148.71, 100|1, 62, 42.48, 0|
10:34:24 0, 64, 155.66, 100|1, 62, 44.16, 0|
10:34:29 0, 64, 158.94, 100|1, 62, 41.77, 0|
10:34:34 0, 65, 184.32, 100|1, 62, 43.44, 0|
10:34:39 0, 65, 145.49, 100|1, 63, 43.21, 27|
10:34:44 0, 64, 162.35, 100|1, 64, 46.78, 80|
10:34:49 0, 64, 147.53, 100|1, 65, 143.99, 100|
10:34:54 0, 63, 44.22, 100|1, 62, 162.30, 27|
10:34:59 0, 63, 44.94, 100|1, 63, 156.13, 30|
10:35:04 0, 63, 47.10, 24|1, 63, 165.52, 11|
10:35:09 0, 63, 47.08, 79|1, 63, 149.78, 0|
10:35:14 0, 64, 158.26, 100|1, 62, 44.16, 0|
10:35:19 0, 65, 149.74, 100|1, 62, 44.16, 0|
10:35:24 0, 64, 155.33, 100|1, 62, 43.68, 0|
10:35:29 0, 64, 181.72, 100|1, 63, 44.40, 51|
10:35:34 0, 64, 147.20, 100|1, 65, 167.44, 100|
10:35:39 0, 64, 182.57, 100|1, 65, 151.00, 100|
10:35:44 0, 64, 140.26, 100|1, 64, 164.23, 100|
10:35:49 0, 63, 139.32, 21|1, 64, 138.16, 100|
10:35:54 0, 62, 44.70, 0|1, 64, 163.15, 100|
10:35:59 0, 64, 186.22, 100|1, 62, 43.20, 0|
10:36:05 0, 64, 182.63, 100|1, 64, 47.02, 100|
10:36:10 0, 64, 188.81, 100|1, 65, 185.30, 100|
10:36:15 0, 63, 162.56, 90|1, 64, 161.01, 100|
10:36:20 0, 63, 154.29, 100|1, 61, 43.92, 0|
10:36:25 0, 64, 159.32, 100|1, 64, 140.05, 100|
10:36:30 0, 64, 161.34, 100|1, 65, 143.52, 100|
10:36:35 0, 64, 136.30, 100|1, 65, 179.82, 100|
10:36:40 0, 64, 165.84, 100|1, 65, 143.67, 100|
10:36:45 0, 64, 176.29, 100|1, 65, 159.48, 100|
10:36:50 0, 64, 173.67, 100|1, 65, 159.80, 100|
10:36:55 0, 63, 142.40, 100|1, 64, 150.79, 100|
10:37:00 0, 63, 172.87, 100|1, 64, 138.40, 100|
10:37:05 0, 62, 45.66, 0|1, 64, 144.81, 100|
10:37:10 0, 63, 45.42, 20|1, 64, 142.04, 80|
10:37:15 0, 64, 175.22, 100|1, 62, 43.18, 0|
10:37:20 0, 64, 161.93, 100|1, 64, 45.12, 100|
10:37:25 0, 64, 147.35, 100|1, 65, 142.18, 100|
10:37:30 0, 64, 161.66, 100|1, 65, 139.18, 100|
10:37:35 0, 62, 44.94, 0|1, 64, 138.26, 100|
10:37:41 0, 65, 173.31, 100|1, 62, 43.90, 0|
10:37:46 0, 61, 173.36, 0|1, 64, 46.75, 100|
10:37:51 0, 63, 163.26, 0|1, 64, 141.56, 100|
10:37:56 0, 63, 136.55, 0|1, 64, 164.80, 100|
10:38:01 0, 63, 164.21, 56|1, 64, 142.25, 100|
10:38:06 0, 62, 46.35, 0|1, 64, 157.32, 100|
10:38:11 0, 62, 46.14, 0|1, 64, 167.50, 100|
10:38:16 0, 62, 46.60, 0|1, 64, 153.38, 100|
10:38:21 0, 63, 46.14, 85|1, 63, 187.25, 94|
10:38:26 0, 65, 174.55, 100|1, 62, 42.48, 0|
10:38:31 0, 64, 161.52, 100|1, 63, 43.42, 0|
10:38:36 0, 64, 175.33, 100|1, 65, 124.50, 100|
10:38:41 0, 64, 148.31, 100|1, 64, 177.74, 100|
10:38:46 0, 64, 162.55, 100|1, 64, 171.93, 100|
10:38:51 0, 62, 45.87, 0|1, 64, 172.22, 100|
10:38:56 0, 64, 46.83, 100|1, 63, 167.70, 21|
10:39:01 0, 65, 148.24, 100|1, 63, 44.64, 0|
10:39:06 0, 64, 187.87, 100|1, 65, 172.16, 100|
10:39:11 0, 61, 44.22, 0|1, 64, 142.67, 100|
10:39:16 0, 64, 168.84, 100|1, 62, 44.16, 0|
10:39:22 0, 64, 161.52, 100|1, 62, 44.14, 0|
10:39:27 0, 64, 140.11, 100|1, 62, 44.40, 0|
10:39:32 0, 64, 154.00, 100|1, 62, 42.00, 0|
10:39:37 0, 64, 138.22, 100|1, 63, 44.64, 19|
10:39:42 0, 65, 180.71, 100|1, 64, 44.62, 100|
10:39:47 0, 64, 166.55, 100|1, 65, 171.53, 100|
10:39:52 0, 64, 172.41, 100|1, 65, 162.44, 100|
10:39:57 0, 64, 180.07, 100|1, 65, 132.96, 100|
10:40:02 0, 64, 149.35, 100|1, 64, 149.46, 100|
10:40:07 0, 62, 45.18, 0|1, 64, 151.10, 100|
10:40:12 0, 63, 46.60, 74|1, 63, 164.90, 71|
10:40:17 0, 65, 158.02, 100|1, 62, 44.40, 0|
10:40:22 0, 64, 167.65, 100|1, 65, 157.84, 100|
10:40:27 0, 64, 176.19, 100|1, 65, 192.22, 100|
10:40:32 0, 63, 169.33, 60|1, 64, 159.76, 100|
10:40:37 0, 63, 46.60, 50|1, 63, 155.55, 86|
10:40:42 0, 62, 54.24, 51|1, 64, 168.26, 48|
10:40:47 0, 62, 53.52, 51|1, 64, 171.06, 55|
10:40:52 0, 62, 52.33, 45|1, 64, 94.17, 53|
10:40:57 0, 62, 137.52, 44|1, 64, 83.54, 49|
10:41:03 0, 62, 137.28, 51|1, 64, 84.01, 51|
10:41:08 0, 62, 138.70, 44|1, 64, 76.22, 55|
