23:45:56 0, 47, 28.91, 0|1, 49, 28.41, 0|
23:46:01 0, 48, 40.18, 0|1, 50, 40.85, 64|
23:46:06 0, 52, 169.21, 100|1, 54, 157.30, 100|
23:46:11 0, 53, 137.36, 100|1, 54, 39.63, 100|
23:46:17 0, 52, 158.96, 2|1, 54, 162.67, 100|
23:46:22 0, 54, 152.57, 100|1, 55, 165.06, 100|
23:46:27 0, 55, 161.35, 100|1, 52, 40.11, 0|
23:46:32 0, 54, 42.56, 50|1, 55, 148.11, 46|
23:46:37 0, 55, 177.12, 100|1, 53, 40.59, 0|
23:46:42 0, 56, 162.96, 100|1, 55, 41.76, 0|
23:46:47 0, 54, 147.21, 97|1, 55, 41.52, 0|
23:46:52 0, 56, 149.24, 100|1, 57, 175.21, 100|
23:46:57 0, 57, 158.23, 100|1, 57, 153.27, 100|
23:47:02 0, 57, 171.41, 100|1, 58, 137.22, 100|
23:47:07 0, 54, 41.12, 0|1, 58, 167.53, 100|
23:47:12 0, 56, 40.40, 0|1, 58, 142.61, 100|
23:47:17 0, 57, 184.32, 15|1, 58, 139.90, 100|
23:47:22 0, 57, 150.13, 76|1, 59, 155.87, 100|
23:47:27 0, 56, 43.50, 0|1, 59, 147.09, 100|
23:47:32 0, 59, 140.83, 100|1, 56, 40.10, 0|
23:47:37 0, 58, 43.26, 61|1, 57, 148.36, 37|
23:47:42 0, 58, 44.70, 0|1, 58, 167.70, 96|
23:47:47 0, 58, 44.70, 0|1, 59, 141.57, 100|
23:47:53 0, 59, 183.05, 100|1, 59, 43.44, 100|
23:47:58 0, 60, 141.61, 100|1, 58, 41.06, 27|
23:48:03 0, 60, 151.00, 100|1, 58, 42.72, 0|
23:48:08 0, 61, 179.18, 100|1, 58, 42.24, 0|
23:48:13 0, 60, 150.52, 100|1, 59, 176.21, 100|
23:48:18 0, 60, 160.82, 100|1, 60, 148.16, 100|
23:48:23 0, 60, 174.37, 100|1, 60, 138.22, 100|
23:48:28 0, 60, 152.66, 100|1, 60, 167.93, 100|
23:48:33 0, 61, 162.56, 100|1, 60, 139.19, 100|
23:48:38 0, 61, 166.40, 100|1, 60, 139.98, 100|
23:48:43 0, 61, 162.41, 100|1, 60, 134.21, 100|
23:48:48 0, 61, 143.50, 100|1, 61, 158.16, 100|
23:48:53 0, 60, 45.18, 71|1, 58, 142.91, 20|
23:48:58 0, 59, 45.18, 0|1, 60, 144.31, 100|
23:49:03 0, 59, 43.25, 0|1, 60, 157.89, 100|
23:49:08 0, 59, 44.94, 0|1, 60, 133.83, 100|
23:49:13 0, 59, 44.94, 0|1, 60, 179.47, 100|
23:49:18 0, 59, 44.46, 0|1, 60, 171.18, 100|
23:49:23 0, 60, 45.18, 0|1, 60, 139.36, 100|
23:49:28 0, 60, 43.74, 0|1, 60, 161.71, 100|
23:49:33 0, 61, 143.20, 100|1, 58, 42.24, 0|
23:49:39 0, 62, 175.58, 100|1, 60, 43.65, 31|
23:49:44 0, 62, 136.81, 100|1, 59, 43.20, 0|
23:49:49 0, 62, 154.95, 100|1, 59, 42.72, 0|
23:49:54 0, 62, 161.93, 100|1, 59, 42.96, 0|
23:49:59 0, 62, 172.60, 100|1, 59, 42.72, 0|
23:50:04 0, 62, 174.55, 100|1, 59, 42.94, 0|
23:50:09 0, 63, 147.69, 100|1, 59, 43.68, 0|
23:50:14 0, 60, 161.85, 0|1, 60, 43.92, 62|
23:50:19 0, 61, 144.99, 100|1, 61, 153.75, 100|
23:50:24 0, 62, 145.15, 100|1, 61, 177.93, 100|
23:50:29 0, 62, 140.04, 100|1, 61, 151.07, 100|
23:50:34 0, 62, 162.55, 100|1, 61, 171.55, 100|
23:50:39 0, 62, 151.12, 100|1, 61, 180.56, 100|
23:50:44 0, 62, 138.44, 100|1, 61, 172.95, 100|
23:50:49 0, 62, 144.52, 100|1, 61, 146.27, 100|
23:50:54 0, 60, 43.49, 0|1, 61, 148.42, 100|
23:50:59 0, 63, 149.66, 100|1, 59, 42.72, 0|
23:51:04 0, 63, 154.07, 100|1, 59, 42.48, 0|
23:51:09 0, 63, 60.45, 100|1, 58, 151.40, 0|
23:51:14 0, 62, 45.42, 100|1, 59, 174.04, 14|
23:51:20 0, 62, 44.22, 39|1, 59, 148.82, 2|
23:51:25 0, 62, 46.14, 75|1, 59, 150.79, 0|
23:51:30 0, 63, 138.70, 100|1, 58, 40.10, 0|
23:51:35 0, 63, 166.18, 100|1, 59, 42.48, 0|
23:51:40 0, 64, 178.62, 100|1, 59, 41.28, 0|
23:51:45 0, 63, 139.87, 100|1, 60, 43.44, 0|
23:51:50 0, 64, 181.38, 100|1, 62, 158.69, 100|
23:51:55 0, 63, 149.42, 100|1, 62, 140.52, 100|
23:52:00 0, 63, 141.22, 100|1, 62, 153.66, 100|
23:52:05 0, 62, 138.85, 59|1, 61, 140.04, 100|
23:52:10 0, 62, 46.60, 0|1, 61, 175.12, 100|
23:52:15 0, 64, 158.72, 100|1, 59, 43.20, 0|
23:52:20 0, 61, 137.99, 79|1, 61, 43.92, 91|
23:52:25 0, 62, 143.74, 100|1, 61, 151.17, 100|
23:52:30 0, 63, 153.11, 100|1, 62, 154.24, 100|
23:52:35 0, 63, 171.31, 100|1, 61, 136.18, 100|
23:52:40 0, 63, 165.52, 100|1, 62, 154.37, 100|
23:52:45 0, 63, 176.32, 100|1, 62, 148.00, 100|
23:52:50 0, 63, 148.63, 100|1, 62, 161.91, 100|
23:52:56 0, 63, 160.52, 100|1, 62, 145.16, 100|
23:53:01 0, 63, 161.08, 100|1, 62, 137.05, 100|
23:53:06 0, 63, 153.98, 98|1, 62, 174.52, 100|
23:53:11 0, 61, 140.74, 0|1, 61, 186.78, 100|
23:53:16 0, 62, 46.60, 0|1, 61, 145.35, 100|
23:53:21 0, 63, 51.13, 88|1, 59, 178.29, 9|
23:53:26 0, 64, 181.16, 100|1, 60, 43.68, 0|
23:53:31 0, 64, 138.77, 100|1, 62, 44.64, 100|
23:53:36 0, 64, 138.46, 100|1, 62, 134.76, 100|
23:53:41 0, 63, 152.66, 100|1, 62, 148.65, 100|
23:53:46 0, 63, 162.31, 100|1, 59, 42.97, 0|
23:53:51 0, 64, 186.56, 100|1, 60, 43.66, 0|
23:53:56 0, 64, 136.58, 100|1, 59, 42.96, 0|
23:54:01 0, 64, 164.30, 100|1, 59, 43.44, 0|
23:54:06 0, 64, 175.02, 100|1, 59, 43.44, 0|
23:54:11 0, 64, 157.93, 100|1, 59, 43.20, 0|
23:54:16 0, 64, 149.58, 100|1, 59, 42.00, 0|
23:54:21 0, 64, 148.25, 100|1, 60, 42.96, 0|
23:54:26 0, 64, 156.91, 100|1, 60, 43.44, 0|
23:54:31 0, 64, 168.69, 100|1, 61, 42.48, 36|
23:54:36 0, 64, 160.75, 100|1, 62, 152.72, 100|
23:54:42 0, 64, 131.65, 100|1, 62, 163.21, 100|
23:54:47 0, 64, 185.37, 100|1, 62, 144.70, 100|
23:54:52 0, 63, 159.32, 21|1, 62, 165.52, 100|
23:54:57 0, 62, 46.60, 0|1, 61, 148.82, 100|
23:55:02 0, 64, 153.13, 100|1, 60, 42.96, 0|
23:55:07 0, 65, 146.83, 100|1, 61, 44.16, 59|
23:55:12 0, 61, 42.30, 0|1, 61, 145.75, 100|
23:55:17 0, 63, 154.92, 44|1, 62, 142.11, 100|
23:55:22 0, 63, 144.05, 100|1, 62, 138.96, 100|
23:55:27 0, 63, 152.86, 100|1, 62, 170.27, 100|
23:55:32 0, 63, 171.41, 100|1, 62, 138.47, 100|
23:55:37 0, 63, 148.24, 100|1, 62, 167.15, 100|
23:55:42 0, 64, 139.79, 100|1, 62, 155.31, 100|
23:55:47 0, 63, 150.38, 66|1, 62, 140.07, 100|
23:55:52 0, 62, 124.62, 0|1, 62, 159.67, 100|
23:55:57 0, 62, 43.74, 0|1, 62, 138.74, 100|
23:56:02 0, 63, 45.63, 99|1, 61, 196.22, 65|
23:56:07 0, 64, 140.35, 100|1, 60, 43.44, 0|
23:56:12 0, 64, 153.99, 100|1, 60, 44.16, 0|
23:56:17 0, 64, 162.39, 100|1, 62, 165.75, 100|
23:56:22 0, 64, 140.97, 100|1, 62, 162.20, 100|
23:56:28 0, 64, 144.27, 92|1, 62, 162.10, 100|
23:56:33 0, 63, 46.60, 0|1, 61, 155.45, 100|
23:56:38 0, 62, 141.00, 35|1, 62, 79.56, 45|
23:56:43 0, 62, 50.41, 61|1, 61, 170.75, 53|
23:56:48 0, 62, 73.24, 34|1, 61, 155.60, 57|
23:56:53 0, 62, 173.34, 58|1, 61, 54.15, 62|
23:56:58 0, 61, 87.43, 38|1, 61, 108.81, 41|
23:57:03 0, 62, 59.94, 56|1, 61, 169.94, 65|
23:57:08 0, 62, 162.60, 61|1, 60, 132.68, 40|
23:57:13 0, 62, 164.60, 35|1, 61, 52.71, 61|
