11:42:35 0, 57, 31.32, 0|1, 58, 30.31, 0|
11:42:40 0, 60, 154.85, 99|1, 60, 147.70, 97|
11:42:45 0, 62, 147.36, 99|1, 62, 151.88, 98|
11:42:50 0, 62, 146.73, 99|1, 63, 144.79, 99|
11:42:55 0, 63, 164.71, 99|1, 64, 146.16, 99|
11:43:00 0, 64, 147.70, 98|1, 65, 149.04, 98|
11:43:05 0, 64, 151.05, 99|1, 65, 151.81, 98|
11:43:10 0, 64, 149.26, 88|1, 65, 154.48, 98|
11:43:15 0, 65, 154.70, 99|1, 65, 154.53, 97|
11:43:20 0, 64, 156.04, 98|1, 65, 160.95, 97|
11:43:25 0, 65, 159.88, 98|1, 65, 148.01, 98|
11:43:30 0, 65, 152.50, 98|1, 65, 145.67, 98|
11:43:35 0, 65, 144.39, 98|1, 66, 144.55, 97|
11:43:40 0, 65, 163.23, 98|1, 66, 156.41, 97|
11:43:46 0, 65, 151.95, 98|1, 66, 155.73, 96|
11:43:51 0, 65, 159.97, 98|1, 66, 145.98, 98|
11:43:56 0, 65, 153.66, 98|1, 66, 152.80, 97|
11:44:01 0, 65, 154.44, 98|1, 66, 147.14, 98|
11:44:06 0, 65, 166.02, 98|1, 66, 151.80, 99|
11:44:11 0, 66, 161.91, 99|1, 66, 159.72, 97|
11:44:16 0, 65, 162.45, 88|1, 66, 144.49, 88|
11:44:21 0, 66, 159.08, 99|1, 66, 155.98, 98|
11:44:26 0, 66, 165.28, 99|1, 66, 148.43, 97|
11:44:31 0, 66, 156.89, 99|1, 66, 154.07, 98|
11:44:36 0, 66, 150.54, 99|1, 66, 149.34, 98|
11:44:41 0, 66, 156.18, 98|1, 66, 152.64, 98|
11:44:46 0, 66, 165.28, 98|1, 66, 147.48, 97|
11:44:51 0, 66, 156.84, 98|1, 66, 153.60, 88|
11:44:56 0, 66, 172.03, 99|1, 66, 152.27, 98|
11:45:01 0, 66, 147.84, 99|1, 66, 148.25, 98|
11:45:06 0, 66, 159.63, 98|1, 66, 151.88, 99|
11:45:11 0, 66, 157.59, 98|1, 66, 143.09, 98|
11:45:16 0, 66, 157.77, 98|1, 66, 156.59, 98|
11:45:21 0, 66, 145.02, 99|1, 66, 141.10, 98|
11:45:26 0, 66, 154.08, 99|1, 66, 151.38, 98|
11:45:32 0, 66, 153.37, 98|1, 67, 157.78, 98|
11:45:37 0, 66, 163.80, 98|1, 66, 162.05, 99|
11:45:42 0, 66, 161.37, 98|1, 67, 149.84, 99|
11:45:47 0, 66, 151.48, 98|1, 66, 145.26, 98|
11:45:52 0, 66, 152.41, 98|1, 66, 151.40, 86|
11:45:57 0, 66, 153.92, 99|1, 67, 152.97, 98|
11:46:02 0, 66, 159.57, 98|1, 67, 144.24, 98|
11:46:07 0, 66, 158.94, 99|1, 66, 138.71, 97|
11:46:12 0, 67, 143.42, 99|1, 67, 144.80, 98|
11:46:17 0, 66, 153.25, 98|1, 67, 159.97, 98|
11:46:22 0, 67, 160.74, 98|1, 67, 139.30, 96|
11:46:27 0, 67, 154.85, 98|1, 67, 157.44, 97|
11:46:32 0, 66, 158.46, 98|1, 67, 152.51, 98|
11:46:37 0, 66, 156.89, 98|1, 66, 155.87, 96|
11:46:42 0, 67, 156.18, 99|1, 67, 153.14, 98|
11:46:47 0, 67, 161.54, 99|1, 67, 155.87, 98|
11:46:52 0, 67, 154.38, 99|1, 67, 155.86, 98|
11:46:57 0, 67, 163.10, 98|1, 67, 162.80, 98|
11:47:02 0, 67, 152.25, 99|1, 67, 147.09, 98|
11:47:07 0, 67, 151.07, 99|1, 67, 156.90, 98|
11:47:12 0, 67, 161.45, 98|1, 67, 142.35, 98|
11:47:18 0, 67, 163.78, 98|1, 67, 145.77, 98|
11:47:23 0, 67, 159.38, 98|1, 67, 158.63, 98|
11:47:28 0, 67, 149.01, 88|1, 67, 152.49, 98|
11:47:33 0, 67, 170.42, 98|1, 67, 146.07, 87|
11:47:38 0, 67, 156.68, 99|1, 67, 152.27, 99|
11:47:43 0, 67, 156.12, 99|1, 67, 154.09, 99|
11:47:48 0, 67, 160.18, 98|1, 67, 157.24, 97|
11:47:53 0, 67, 146.75, 98|1, 67, 152.40, 98|
11:47:58 0, 67, 158.09, 99|1, 67, 150.13, 99|
11:48:03 0, 67, 154.16, 99|1, 67, 154.79, 98|
11:48:08 0, 67, 158.23, 99|1, 67, 144.88, 98|
11:48:13 0, 67, 156.19, 98|1, 68, 165.55, 98|
11:48:18 0, 67, 153.90, 99|1, 68, 158.95, 97|
11:48:23 0, 67, 153.83, 99|1, 67, 156.29, 88|
11:48:28 0, 67, 158.85, 99|1, 67, 146.38, 85|
11:48:33 0, 67, 156.84, 99|1, 67, 141.48, 98|
11:48:38 0, 67, 163.94, 98|1, 67, 145.57, 98|
11:48:43 0, 67, 158.38, 99|1, 67, 137.62, 98|
11:48:48 0, 67, 150.13, 98|1, 67, 155.04, 98|
11:48:53 0, 67, 148.17, 98|1, 67, 152.66, 98|
11:48:59 0, 67, 153.12, 99|1, 67, 154.30, 97|
11:49:04 0, 67, 155.47, 99|1, 67, 150.95, 97|
11:49:09 0, 67, 148.07, 99|1, 68, 163.48, 98|
11:49:14 0, 67, 154.46, 98|1, 67, 148.27, 98|
11:49:19 0, 67, 157.35, 99|1, 68, 153.92, 98|
11:49:24 0, 67, 162.19, 98|1, 68, 151.17, 98|
11:49:29 0, 67, 154.13, 99|1, 68, 155.09, 98|
11:49:34 0, 67, 155.77, 99|1, 68, 141.80, 98|
11:49:39 0, 67, 161.92, 99|1, 68, 151.33, 98|
11:49:44 0, 67, 159.33, 99|1, 68, 133.75, 97|
11:49:49 0, 67, 156.17, 99|1, 68, 157.93, 98|
11:49:54 0, 67, 158.85, 99|1, 68, 148.12, 98|
11:49:59 0, 67, 160.75, 98|1, 68, 151.89, 98|
11:50:04 0, 67, 144.30, 98|1, 67, 148.51, 89|
11:50:09 0, 67, 160.66, 99|1, 68, 156.44, 99|
11:50:14 0, 67, 150.93, 99|1, 68, 151.80, 99|
11:50:19 0, 67, 153.75, 98|1, 68, 159.04, 98|
11:50:24 0, 67, 137.68, 98|1, 68, 147.08, 98|
11:50:29 0, 67, 161.13, 99|1, 68, 157.45, 98|
11:50:34 0, 67, 160.16, 99|1, 68, 157.69, 98|
11:50:40 0, 67, 163.31, 99|1, 68, 146.85, 98|
11:50:45 0, 68, 162.31, 98|1, 68, 160.37, 97|
11:50:50 0, 67, 160.64, 99|1, 68, 152.90, 98|
11:50:55 0, 67, 155.09, 99|1, 68, 155.96, 98|
11:51:00 0, 67, 163.57, 99|1, 68, 153.43, 99|
11:51:05 0, 67, 153.28, 99|1, 68, 156.34, 98|
11:51:10 0, 67, 162.63, 98|1, 68, 156.92, 98|
11:51:15 0, 67, 156.51, 98|1, 68, 152.48, 98|
11:51:20 0, 67, 162.21, 99|1, 68, 156.51, 98|
11:51:25 0, 67, 156.35, 98|1, 68, 157.46, 98|
11:51:30 0, 67, 153.45, 98|1, 68, 156.38, 97|
11:51:35 0, 67, 160.25, 98|1, 68, 157.37, 98|
11:51:40 0, 67, 164.67, 98|1, 68, 151.42, 99|
11:51:45 0, 67, 164.66, 98|1, 68, 161.70, 97|
11:51:50 0, 67, 159.64, 98|1, 68, 154.84, 98|
11:51:55 0, 67, 164.23, 98|1, 68, 156.44, 98|
11:52:00 0, 67, 147.33, 99|1, 68, 154.95, 97|
11:52:05 0, 67, 148.71, 99|1, 68, 150.14, 97|
11:52:10 0, 68, 152.96, 98|1, 68, 157.45, 98|
11:52:15 0, 67, 158.43, 98|1, 68, 150.18, 98|
11:52:20 0, 67, 155.24, 99|1, 68, 140.29, 98|
11:52:26 0, 68, 163.20, 92|1, 68, 162.33, 91|
11:52:31 0, 68, 169.50, 91|1, 69, 163.78, 92|
11:52:36 0, 68, 167.00, 92|1, 69, 160.73, 92|
11:52:41 0, 68, 171.08, 92|1, 69, 160.08, 91|
