09:48:20 0, 56, 43.77, 0|1, 58, 42.28, 0|
09:48:25 0, 59, 163.62, 100|1, 57, 42.48, 0|
09:48:30 0, 60, 182.46, 100|1, 57, 40.80, 0|
09:48:35 0, 61, 161.07, 100|1, 57, 41.52, 0|
09:48:40 0, 59, 43.01, 8|1, 59, 163.48, 94|
09:48:45 0, 58, 42.53, 0|1, 61, 172.50, 100|
09:48:50 0, 57, 41.12, 0|1, 61, 168.15, 100|
09:48:55 0, 60, 145.10, 100|1, 59, 42.48, 0|
09:49:00 0, 61, 152.68, 100|1, 58, 42.24, 0|
09:49:05 0, 62, 174.18, 100|1, 57, 40.56, 0|
09:49:10 0, 62, 153.84, 100|1, 57, 41.28, 0|
09:49:15 0, 59, 42.29, 0|1, 60, 167.56, 100|
09:49:20 0, 58, 42.32, 0|1, 61, 145.87, 100|
09:49:25 0, 58, 41.81, 0|1, 61, 166.46, 100|
09:49:30 0, 61, 162.82, 100|1, 58, 42.49, 0|
09:49:35 0, 61, 161.08, 100|1, 57, 42.00, 0|
09:49:40 0, 62, 182.70, 100|1, 57, 41.52, 0|
09:49:45 0, 62, 179.73, 100|1, 57, 41.76, 0|
09:49:50 0, 62, 129.70, 100|1, 57, 41.55, 0|
09:49:55 0, 62, 158.91, 100|1, 57, 42.00, 0|
09:50:00 0, 62, 159.68, 100|1, 56, 41.28, 0|
09:50:06 0, 60, 43.74, 0|1, 59, 181.15, 100|
09:50:11 0, 59, 42.78, 0|1, 60, 171.34, 100|
09:50:16 0, 58, 44.22, 0|1, 60, 154.05, 100|
09:50:21 0, 58, 41.81, 0|1, 60, 178.66, 100|
09:50:26 0, 58, 42.78, 0|1, 60, 169.92, 100|
09:50:31 0, 58, 42.05, 0|1, 60, 170.28, 100|
09:50:36 0, 59, 161.70, 57|1, 59, 42.00, 55|
09:50:41 0, 61, 174.99, 100|1, 57, 42.00, 0|
09:50:46 0, 62, 156.73, 100|1, 56, 41.28, 0|
09:50:51 0, 62, 170.98, 100|1, 56, 41.28, 0|
09:50:56 0, 62, 157.16, 100|1, 56, 41.04, 0|
09:51:01 0, 62, 177.13, 100|1, 56, 41.04, 0|
09:51:06 0, 62, 132.55, 100|1, 56, 41.07, 0|
09:51:11 0, 62, 175.58, 100|1, 56, 41.76, 0|
09:51:16 0, 60, 43.74, 0|1, 58, 160.42, 100|
09:51:21 0, 58, 42.53, 0|1, 59, 173.11, 100|
09:51:26 0, 58, 42.05, 0|1, 60, 169.20, 100|
09:51:31 0, 59, 175.92, 55|1, 58, 42.00, 73|
09:51:36 0, 60, 149.78, 100|1, 57, 40.58, 0|
09:51:41 0, 60, 165.26, 100|1, 57, 41.76, 0|
09:51:47 0, 59, 176.53, 38|1, 58, 42.48, 0|
09:51:52 0, 57, 43.02, 0|1, 60, 169.06, 100|
09:51:57 0, 57, 41.36, 0|1, 59, 121.19, 100|
09:52:02 0, 58, 43.98, 0|1, 58, 163.30, 100|
09:52:07 0, 59, 42.29, 0|1, 57, 156.48, 100|
09:52:12 0, 61, 125.26, 100|1, 55, 41.07, 0|
09:52:17 0, 61, 174.88, 100|1, 55, 40.80, 0|
09:52:22 0, 60, 142.59, 100|1, 56, 41.76, 0|
09:52:27 0, 57, 43.50, 0|1, 59, 156.63, 100|
09:52:32 0, 57, 43.98, 0|1, 58, 127.93, 100|
09:52:37 0, 58, 43.74, 0|1, 59, 179.97, 100|
09:52:42 0, 57, 41.12, 0|1, 59, 169.57, 100|
09:52:47 0, 60, 157.80, 100|1, 56, 41.53, 0|
09:52:52 0, 61, 177.24, 100|1, 56, 39.63, 0|
09:52:57 0, 61, 176.76, 100|1, 55, 40.80, 0|
09:53:02 0, 61, 158.73, 100|1, 55, 40.80, 0|
09:53:07 0, 61, 168.38, 100|1, 55, 41.28, 0|
09:53:12 0, 61, 152.76, 100|1, 55, 40.56, 0|
09:53:17 0, 60, 155.38, 100|1, 55, 41.29, 0|
09:53:22 0, 60, 125.26, 100|1, 56, 41.55, 0|
09:53:28 0, 57, 145.26, 0|1, 59, 54.16, 100|
09:53:33 0, 57, 40.88, 0|1, 58, 121.42, 100|
09:53:38 0, 58, 42.32, 0|1, 58, 138.69, 100|
09:53:43 0, 61, 123.19, 100|1, 54, 40.35, 0|
09:53:48 0, 60, 126.68, 100|1, 54, 40.83, 0|
09:53:53 0, 60, 130.65, 100|1, 55, 41.31, 0|
09:53:58 0, 56, 42.78, 0|1, 58, 174.90, 100|
09:54:03 0, 59, 151.48, 100|1, 56, 41.28, 0|
09:54:08 0, 60, 158.98, 100|1, 55, 40.57, 0|
09:54:13 0, 61, 173.58, 100|1, 54, 39.39, 0|
09:54:18 0, 61, 158.26, 100|1, 54, 40.32, 0|
09:54:23 0, 60, 44.94, 50|1, 56, 168.88, 57|
09:54:28 0, 59, 43.74, 0|1, 56, 139.53, 100|
09:54:33 0, 59, 44.70, 47|1, 56, 159.46, 52|
09:54:38 0, 61, 145.04, 100|1, 54, 40.83, 0|
09:54:43 0, 61, 162.20, 100|1, 54, 40.80, 0|
09:54:48 0, 60, 129.93, 100|1, 54, 40.35, 0|
09:54:53 0, 60, 170.16, 100|1, 54, 41.04, 0|
09:54:58 0, 59, 128.51, 100|1, 55, 40.83, 0|
09:55:03 0, 56, 43.26, 0|1, 58, 174.92, 100|
09:55:08 0, 57, 43.50, 0|1, 58, 146.82, 100|
09:55:14 0, 58, 44.94, 67|1, 56, 134.19, 100|
09:55:19 0, 60, 159.91, 100|1, 54, 40.83, 0|
09:55:24 0, 59, 154.82, 100|1, 55, 41.28, 0|
09:55:29 0, 60, 169.18, 100|1, 54, 40.80, 0|
09:55:34 0, 61, 76.35, 100|1, 54, 132.03, 0|
09:55:39 0, 57, 41.57, 0|1, 57, 161.68, 100|
09:55:44 0, 57, 43.74, 0|1, 58, 183.88, 100|
09:55:49 0, 57, 40.88, 0|1, 58, 163.38, 100|
09:55:54 0, 57, 40.88, 0|1, 58, 158.28, 100|
09:55:59 0, 57, 43.02, 0|1, 58, 180.58, 100|
09:56:04 0, 57, 41.12, 0|1, 57, 169.72, 100|
09:56:09 0, 57, 42.29, 0|1, 56, 161.27, 100|
09:56:14 0, 59, 44.22, 68|1, 55, 179.37, 4|
09:56:19 0, 60, 152.91, 100|1, 54, 40.56, 0|
09:56:24 0, 60, 167.05, 100|1, 54, 40.80, 0|
09:56:29 0, 59, 125.96, 100|1, 54, 41.07, 0|
09:56:34 0, 56, 42.81, 0|1, 58, 98.71, 100|
09:56:39 0, 56, 43.02, 0|1, 57, 128.16, 100|
09:56:44 0, 58, 42.78, 15|1, 55, 159.07, 44|
09:56:49 0, 59, 180.43, 100|1, 53, 40.56, 0|
09:56:55 0, 59, 155.54, 100|1, 54, 40.83, 0|
09:57:00 0, 55, 40.64, 0|1, 57, 122.14, 100|
09:57:05 0, 57, 42.08, 0|1, 56, 137.19, 100|
09:57:10 0, 59, 160.31, 100|1, 53, 40.57, 0|
09:57:15 0, 58, 169.36, 100|1, 54, 40.80, 0|
09:57:20 0, 55, 40.39, 0|1, 57, 183.64, 100|
09:57:25 0, 59, 128.51, 100|1, 53, 40.11, 0|
09:57:30 0, 59, 139.59, 100|1, 53, 40.80, 0|
09:57:35 0, 55, 37.05, 0|1, 57, 139.88, 100|
09:57:40 0, 57, 43.98, 0|1, 55, 115.07, 100|
09:57:45 0, 59, 159.93, 100|1, 53, 40.81, 0|
09:57:50 0, 55, 42.56, 0|1, 57, 156.10, 100|
09:57:55 0, 57, 44.22, 0|1, 55, 121.90, 100|
09:58:00 0, 58, 171.69, 100|1, 53, 41.28, 0|
09:58:05 0, 55, 40.63, 0|1, 57, 161.26, 100|
09:58:10 0, 59, 163.69, 100|1, 52, 40.35, 0|
09:58:15 0, 58, 150.57, 100|1, 53, 41.55, 0|
09:58:20 0, 55, 40.39, 0|1, 56, 162.34, 100|
09:58:25 0, 59, 190.25, 100|1, 52, 40.56, 0|
09:58:30 0, 54, 40.88, 0|1, 57, 128.16, 100|
09:58:36 0, 57, 42.08, 15|1, 54, 133.94, 41|
09:58:41 0, 58, 160.06, 100|1, 53, 40.32, 0|
09:58:46 0, 55, 40.40, 0|1, 56, 138.29, 100|
09:58:51 0, 55, 42.54, 0|1, 56, 151.76, 100|
09:58:56 0, 55, 41.36, 0|1, 57, 169.67, 100|
09:59:01 0, 57, 176.76, 100|1, 55, 41.04, 0|
09:59:06 0, 58, 148.82, 100|1, 54, 40.33, 0|
09:59:11 0, 59, 168.62, 100|1, 53, 40.56, 0|
09:59:16 0, 59, 149.23, 100|1, 53, 40.08, 0|
09:59:21 0, 59, 168.98, 100|1, 53, 40.08, 0|
09:59:26 0, 59, 161.36, 100|1, 53, 39.84, 0|
09:59:31 0, 58, 186.58, 100|1, 53, 40.56, 0|
09:59:36 0, 58, 123.67, 100|1, 54, 40.83, 0|
09:59:41 0, 55, 42.08, 0|1, 57, 85.51, 100|
09:59:46 0, 55, 42.08, 0|1, 57, 121.90, 100|
09:59:51 0, 56, 41.60, 0|1, 56, 153.90, 100|
09:59:56 0, 59, 130.88, 100|1, 52, 40.59, 0|
10:00:01 0, 58, 167.99, 100|1, 53, 40.08, 0|
10:00:06 0, 58, 158.73, 100|1, 53, 40.56, 0|
10:00:11 0, 55, 42.08, 0|1, 57, 125.14, 100|
10:00:17 0, 55, 42.29, 0|1, 56, 173.36, 100|
10:00:22 0, 59, 160.46, 100|1, 52, 40.08, 0|
10:00:27 0, 58, 169.56, 100|1, 53, 40.32, 0|
10:00:32 0, 56, 169.66, 27|1, 55, 41.76, 11|
10:00:37 0, 55, 40.88, 0|1, 56, 181.40, 100|
10:00:42 0, 59, 131.12, 100|1, 52, 39.87, 0|
10:00:47 0, 58, 148.12, 100|1, 53, 40.32, 0|
10:00:52 0, 55, 42.08, 0|1, 57, 151.24, 100|
10:00:57 0, 57, 43.02, 100|1, 53, 147.90, 59|
10:01:02 0, 58, 167.52, 100|1, 52, 40.32, 0|
10:01:07 0, 54, 39.91, 0|1, 56, 167.53, 100|
10:01:12 0, 56, 41.84, 0|1, 54, 117.86, 100|
10:01:17 0, 58, 140.86, 100|1, 52, 40.11, 0|
10:01:22 0, 54, 40.16, 0|1, 56, 124.67, 100|
10:01:27 0, 58, 131.28, 100|1, 51, 91.32, 0|
10:01:32 0, 58, 163.03, 100|1, 52, 40.35, 0|
10:01:37 0, 54, 40.39, 0|1, 56, 169.67, 100|
10:01:42 0, 58, 163.14, 100|1, 51, 35.08, 0|
10:01:47 0, 57, 167.29, 100|1, 53, 41.07, 0|
10:01:52 0, 55, 40.88, 0|1, 55, 128.16, 100|
10:01:57 0, 57, 128.98, 100|1, 52, 39.87, 0|
10:02:03 0, 54, 41.82, 0|1, 56, 180.82, 100|
10:02:08 0, 58, 129.70, 100|1, 52, 40.35, 0|
10:02:13 0, 57, 155.50, 100|1, 53, 41.52, 0|
10:02:18 0, 58, 176.53, 100|1, 52, 39.84, 0|
10:02:23 0, 58, 149.84, 100|1, 52, 38.67, 0|
10:02:28 0, 57, 43.50, 0|1, 55, 163.63, 97|
10:02:33 0, 56, 40.88, 0|1, 56, 146.02, 100|
10:02:38 0, 55, 41.36, 0|1, 56, 156.21, 100|
10:02:43 0, 55, 42.32, 0|1, 56, 145.38, 100|
10:02:48 0, 55, 41.36, 0|1, 56, 153.57, 100|
10:02:53 0, 56, 42.54, 0|1, 56, 167.55, 100|
10:02:58 0, 56, 43.02, 0|1, 55, 153.17, 100|
10:03:03 0, 59, 135.08, 100|1, 52, 39.63, 0|
10:03:08 0, 58, 123.67, 100|1, 52, 40.11, 0|
10:03:13 0, 58, 142.30, 100|1, 53, 40.35, 0|
10:03:18 0, 57, 156.14, 100|1, 53, 40.56, 0|
10:03:23 0, 54, 42.54, 0|1, 57, 166.13, 100|
10:03:28 0, 55, 42.08, 0|1, 56, 162.28, 100|
10:03:33 0, 58, 44.94, 100|1, 53, 174.20, 0|
10:03:38 0, 58, 123.67, 100|1, 52, 40.11, 0|
10:03:44 0, 57, 155.35, 100|1, 53, 40.59, 0|
10:03:49 0, 54, 42.06, 0|1, 56, 174.68, 100|
10:03:54 0, 56, 42.05, 0|1, 55, 164.44, 100|
10:03:59 0, 58, 188.70, 100|1, 52, 39.84, 0|
10:04:04 0, 57, 127.39, 100|1, 53, 40.59, 0|
10:04:09 0, 54, 42.08, 0|1, 56, 139.94, 100|
10:04:14 0, 59, 126.92, 100|1, 51, 35.08, 0|
10:04:19 0, 58, 132.31, 100|1, 52, 40.35, 0|
10:04:24 0, 54, 42.08, 0|1, 56, 124.43, 100|
10:04:29 0, 56, 43.26, 0|1, 54, 122.13, 100|
10:04:34 0, 58, 174.98, 100|1, 52, 40.59, 0|
10:04:39 0, 54, 41.82, 0|1, 56, 171.94, 100|
10:04:44 0, 56, 43.26, 43|1, 54, 122.36, 78|
10:04:49 0, 57, 190.11, 100|1, 52, 40.11, 0|
10:04:54 0, 54, 40.88, 0|1, 56, 168.64, 100|
10:04:59 0, 58, 162.66, 100|1, 51, 35.06, 0|
10:05:04 0, 57, 143.46, 100|1, 52, 41.07, 0|
10:05:09 0, 54, 41.82, 0|1, 55, 149.57, 100|
10:05:14 0, 58, 154.80, 100|1, 51, 39.87, 0|
10:05:19 0, 53, 41.60, 0|1, 56, 141.05, 100|
10:05:25 0, 56, 43.29, 0|1, 54, 115.78, 100|
10:05:30 0, 57, 181.85, 100|1, 52, 39.84, 0|
10:05:35 0, 54, 41.84, 0|1, 55, 120.24, 100|
10:05:40 0, 56, 162.03, 58|1, 55, 89.53, 44|
10:05:45 0, 56, 52.32, 49|1, 55, 165.44, 53|
10:05:50 0, 57, 160.12, 50|1, 56, 62.71, 45|
10:05:55 0, 57, 85.82, 50|1, 55, 150.90, 42|
10:06:00 0, 57, 52.57, 54|1, 56, 157.66, 42|
10:06:05 0, 57, 171.19, 51|1, 56, 54.87, 42|
