11:32:10 0, 47, 28.67, 0|1, 50, 28.65, 0|
11:32:15 0, 51, 141.07, 98|1, 53, 147.39, 99|
11:32:20 0, 53, 149.10, 99|1, 56, 142.74, 98|
11:32:25 0, 55, 145.88, 99|1, 57, 142.37, 98|
11:32:30 0, 56, 151.55, 98|1, 58, 143.93, 96|
11:32:35 0, 56, 143.76, 99|1, 58, 145.04, 98|
11:32:40 0, 57, 159.10, 98|1, 59, 139.83, 98|
11:32:45 0, 58, 155.02, 92|1, 60, 146.62, 88|
11:32:50 0, 59, 152.32, 99|1, 61, 146.53, 98|
11:32:55 0, 59, 162.77, 98|1, 61, 144.01, 96|
11:33:00 0, 60, 151.61, 98|1, 62, 150.22, 97|
11:33:05 0, 60, 147.24, 99|1, 62, 148.11, 97|
11:33:10 0, 61, 145.46, 98|1, 63, 148.66, 98|
11:33:15 0, 62, 145.57, 98|1, 63, 145.50, 97|
11:33:20 0, 62, 159.26, 99|1, 64, 148.20, 97|
11:33:25 0, 62, 160.74, 98|1, 64, 162.88, 97|
11:33:30 0, 63, 150.30, 98|1, 64, 147.33, 97|
11:33:35 0, 63, 158.31, 99|1, 65, 154.62, 96|
11:33:40 0, 63, 155.46, 99|1, 64, 156.97, 99|
11:33:45 0, 63, 159.32, 98|1, 65, 154.71, 98|
11:33:50 0, 63, 148.15, 99|1, 65, 147.62, 88|
11:33:56 0, 63, 155.52, 98|1, 64, 149.05, 96|
11:34:01 0, 63, 164.20, 99|1, 65, 155.88, 98|
11:34:06 0, 63, 158.81, 98|1, 65, 148.56, 96|
11:34:11 0, 63, 150.69, 98|1, 65, 147.09, 98|
11:34:16 0, 64, 158.71, 98|1, 65, 154.46, 98|
11:34:21 0, 63, 158.61, 98|1, 65, 150.95, 97|
11:34:26 0, 63, 144.00, 89|1, 64, 145.50, 98|
11:34:31 0, 63, 158.14, 99|1, 65, 145.74, 99|
11:34:36 0, 64, 149.48, 98|1, 65, 152.29, 98|
11:34:41 0, 64, 169.38, 98|1, 65, 147.18, 98|
11:34:46 0, 63, 159.32, 99|1, 64, 151.80, 98|
11:34:51 0, 64, 158.20, 99|1, 65, 154.41, 98|
11:34:56 0, 64, 158.45, 98|1, 65, 152.98, 98|
11:35:01 0, 64, 153.13, 98|1, 65, 151.02, 98|
11:35:06 0, 64, 155.24, 98|1, 65, 155.17, 98|
11:35:11 0, 64, 166.84, 98|1, 65, 147.09, 99|
11:35:16 0, 64, 160.85, 98|1, 65, 155.17, 97|
11:35:21 0, 63, 157.48, 98|1, 65, 145.43, 87|
11:35:26 0, 64, 145.86, 88|1, 64, 145.91, 98|
11:35:31 0, 64, 150.95, 98|1, 64, 150.47, 97|
11:35:36 0, 64, 156.51, 99|1, 65, 151.79, 98|
11:35:42 0, 64, 158.83, 98|1, 65, 153.69, 98|
11:35:47 0, 64, 141.54, 98|1, 65, 144.17, 98|
11:35:52 0, 64, 149.04, 99|1, 65, 145.05, 97|
11:35:57 0, 64, 157.52, 99|1, 65, 141.30, 98|
11:36:02 0, 64, 144.13, 98|1, 65, 143.46, 98|
11:36:07 0, 64, 163.42, 98|1, 65, 151.26, 98|
11:36:12 0, 64, 151.57, 88|1, 65, 146.27, 97|
11:36:17 0, 64, 159.95, 98|1, 65, 153.20, 97|
11:36:22 0, 64, 152.96, 98|1, 65, 153.22, 98|
11:36:27 0, 64, 161.84, 98|1, 65, 154.78, 98|
11:36:32 0, 65, 152.01, 99|1, 65, 153.62, 97|
11:36:37 0, 65, 160.27, 98|1, 65, 154.13, 98|
11:36:42 0, 64, 161.37, 99|1, 65, 150.55, 97|
11:36:47 0, 65, 159.08, 98|1, 65, 153.77, 97|
11:36:52 0, 65, 156.35, 98|1, 65, 141.88, 98|
11:36:57 0, 64, 154.91, 98|1, 65, 156.43, 97|
11:37:02 0, 64, 152.21, 98|1, 65, 149.14, 89|
11:37:07 0, 64, 152.01, 88|1, 65, 152.59, 98|
11:37:12 0, 65, 157.76, 99|1, 65, 135.08, 98|
11:37:17 0, 65, 153.17, 98|1, 65, 161.26, 97|
11:37:23 0, 65, 151.62, 99|1, 65, 151.40, 98|
11:37:28 0, 65, 159.32, 99|1, 65, 152.59, 99|
11:37:33 0, 65, 158.78, 99|1, 65, 140.07, 98|
11:37:38 0, 65, 153.50, 98|1, 65, 161.57, 98|
11:37:43 0, 65, 163.55, 98|1, 65, 162.41, 98|
11:37:48 0, 65, 152.57, 98|1, 65, 140.15, 97|
11:37:53 0, 65, 157.85, 99|1, 65, 148.97, 98|
11:37:58 0, 65, 154.30, 88|1, 65, 146.44, 98|
11:38:03 0, 65, 153.95, 88|1, 65, 146.92, 98|
11:38:08 0, 65, 157.36, 98|1, 65, 153.58, 98|
11:38:13 0, 65, 155.41, 98|1, 65, 155.96, 98|
11:38:18 0, 65, 147.92, 98|1, 65, 156.05, 98|
11:38:23 0, 65, 164.37, 98|1, 65, 149.06, 98|
11:38:28 0, 65, 170.85, 98|1, 65, 155.72, 99|
11:38:33 0, 65, 161.21, 98|1, 65, 152.04, 98|
11:38:38 0, 65, 160.56, 98|1, 65, 155.47, 98|
11:38:43 0, 65, 160.37, 98|1, 65, 158.74, 98|
11:38:48 0, 65, 155.87, 98|1, 65, 145.51, 98|
11:38:53 0, 65, 154.76, 98|1, 65, 150.93, 99|
11:38:58 0, 65, 157.13, 98|1, 65, 154.16, 98|
11:39:03 0, 65, 149.02, 99|1, 65, 151.58, 97|
11:39:09 0, 65, 162.87, 98|1, 65, 154.32, 98|
11:39:14 0, 65, 151.77, 99|1, 66, 156.36, 98|
11:39:19 0, 65, 155.77, 99|1, 66, 159.89, 98|
11:39:24 0, 65, 156.52, 98|1, 65, 152.34, 98|
11:39:29 0, 65, 147.05, 98|1, 65, 146.44, 97|
11:39:34 0, 65, 152.27, 98|1, 65, 147.61, 98|
11:39:39 0, 65, 156.42, 89|1, 65, 152.88, 88|
11:39:44 0, 65, 150.43, 98|1, 65, 149.29, 96|
11:39:49 0, 65, 158.83, 99|1, 65, 142.51, 98|
11:39:54 0, 65, 159.08, 98|1, 65, 152.27, 98|
11:39:59 0, 65, 159.32, 98|1, 66, 145.11, 98|
11:40:04 0, 65, 134.92, 99|1, 65, 140.39, 97|
11:40:09 0, 66, 165.37, 98|1, 66, 158.65, 98|
11:40:14 0, 66, 176.88, 99|1, 66, 169.72, 98|
11:40:19 0, 66, 157.11, 98|1, 66, 155.56, 98|
11:40:24 0, 65, 159.40, 98|1, 66, 153.33, 98|
11:40:29 0, 66, 147.90, 98|1, 66, 151.58, 98|
11:40:34 0, 66, 155.00, 99|1, 66, 147.94, 97|
11:40:39 0, 66, 150.39, 71|1, 66, 148.88, 98|
11:40:44 0, 66, 157.21, 98|1, 66, 154.05, 97|
11:40:49 0, 66, 152.01, 98|1, 66, 152.60, 98|
11:40:55 0, 65, 160.43, 98|1, 66, 147.96, 98|
11:41:00 0, 66, 152.65, 98|1, 66, 152.74, 98|
11:41:05 0, 66, 157.90, 99|1, 66, 150.22, 96|
11:41:10 0, 66, 164.05, 99|1, 66, 152.95, 98|
11:41:15 0, 66, 153.28, 98|1, 66, 154.55, 98|
11:41:20 0, 66, 162.60, 99|1, 66, 156.98, 96|
11:41:25 0, 66, 155.71, 99|1, 66, 153.44, 98|
11:41:30 0, 66, 153.21, 99|1, 66, 153.92, 97|
11:41:35 0, 66, 158.86, 99|1, 66, 142.43, 98|
11:41:40 0, 66, 179.13, 99|1, 66, 161.82, 97|
11:41:45 0, 66, 153.73, 98|1, 66, 146.85, 98|
11:41:50 0, 66, 158.14, 99|1, 66, 152.35, 96|
11:41:55 0, 66, 155.56, 99|1, 66, 152.02, 97|
11:42:00 0, 67, 163.52, 92|1, 67, 159.56, 92|
11:42:05 0, 67, 165.34, 81|1, 67, 167.84, 68|
11:42:10 0, 67, 164.95, 92|1, 67, 159.79, 92|
11:42:15 0, 67, 163.87, 92|1, 67, 160.11, 91|
