09:36:46 0, 47, 28.67, 0|1, 49, 28.17, 0|
09:36:51 0, 48, 35.63, 0|1, 50, 34.39, 0|
09:36:56 0, 47, 35.39, 0|1, 49, 34.39, 0|
09:37:01 0, 47, 35.63, 0|1, 49, 34.39, 0|
09:37:06 0, 48, 35.63, 0|1, 50, 34.39, 0|
09:37:11 0, 47, 35.39, 0|1, 50, 34.39, 0|
09:37:16 0, 47, 35.39, 0|1, 50, 34.39, 0|
09:37:22 0, 48, 35.39, 0|1, 50, 34.39, 0|
09:37:27 0, 47, 35.39, 0|1, 49, 34.39, 0|
09:37:32 0, 47, 35.39, 0|1, 49, 34.39, 0|
09:37:37 0, 48, 35.39, 0|1, 50, 34.39, 0|
09:37:42 0, 48, 35.39, 0|1, 49, 34.39, 0|
09:37:47 0, 47, 35.39, 0|1, 49, 34.39, 0|
09:37:52 0, 47, 35.39, 0|1, 50, 34.39, 0|
09:37:58 0, 48, 35.39, 0|1, 49, 34.39, 0|
09:38:03 0, 47, 35.39, 0|1, 49, 34.39, 0|
09:38:08 0, 48, 35.39, 0|1, 49, 34.39, 0|
09:38:13 0, 48, 35.39, 0|1, 49, 34.39, 0|
09:38:18 0, 47, 35.39, 0|1, 49, 34.39, 0|
09:38:23 0, 48, 35.85, 11|1, 50, 34.87, 11|
09:38:28 0, 48, 35.63, 0|1, 50, 34.39, 0|
09:38:33 0, 53, 165.37, 95|1, 55, 152.76, 95|
09:38:39 0, 55, 158.53, 99|1, 57, 151.46, 100|
09:38:44 0, 56, 162.59, 99|1, 58, 163.38, 100|
09:38:49 0, 57, 161.52, 100|1, 59, 155.42, 100|
09:38:54 0, 58, 164.64, 100|1, 60, 152.86, 100|
09:38:59 0, 59, 153.60, 100|1, 61, 161.34, 100|
09:39:04 0, 60, 169.60, 99|1, 61, 146.39, 100|
09:39:09 0, 60, 153.78, 100|1, 62, 145.61, 100|
09:39:14 0, 61, 171.34, 100|1, 63, 175.73, 97|
09:39:19 0, 62, 149.66, 99|1, 64, 149.24, 98|
09:39:24 0, 63, 176.26, 100|1, 64, 164.10, 99|
09:39:29 0, 63, 166.33, 99|1, 64, 160.39, 100|
09:39:34 0, 63, 169.03, 99|1, 65, 154.26, 99|
09:39:39 0, 63, 168.03, 100|1, 65, 157.79, 95|
09:39:44 0, 63, 168.67, 99|1, 65, 156.48, 98|
09:39:49 0, 63, 167.17, 99|1, 65, 168.51, 99|
09:39:54 0, 63, 169.35, 100|1, 65, 157.09, 100|
09:39:59 0, 64, 161.85, 100|1, 65, 152.44, 100|
09:40:04 0, 63, 171.39, 100|1, 65, 163.58, 100|
09:40:09 0, 64, 159.66, 100|1, 65, 149.69, 100|
09:40:14 0, 64, 164.99, 98|1, 65, 156.17, 100|
09:40:19 0, 64, 168.65, 100|1, 65, 167.64, 100|
09:40:25 0, 63, 156.10, 100|1, 65, 169.82, 99|
09:40:30 0, 63, 171.29, 100|1, 65, 167.48, 99|
09:40:35 0, 64, 148.02, 100|1, 65, 154.25, 99|
09:40:40 0, 64, 180.45, 100|1, 65, 164.94, 100|
09:40:45 0, 64, 163.51, 100|1, 65, 161.95, 100|
09:40:50 0, 64, 156.76, 100|1, 65, 161.23, 98|
09:40:55 0, 64, 170.98, 100|1, 65, 156.39, 98|
09:41:00 0, 64, 172.65, 99|1, 65, 170.62, 100|
09:41:05 0, 64, 158.44, 100|1, 65, 161.46, 99|
09:41:10 0, 64, 166.10, 99|1, 65, 161.40, 99|
09:41:15 0, 64, 168.68, 99|1, 65, 171.00, 94|
09:41:20 0, 64, 167.66, 100|1, 65, 155.50, 99|
09:41:25 0, 64, 169.25, 99|1, 65, 162.49, 100|
09:41:30 0, 64, 157.05, 100|1, 65, 161.65, 99|
09:41:35 0, 64, 165.52, 100|1, 65, 170.51, 98|
09:41:40 0, 64, 167.92, 99|1, 65, 171.24, 98|
09:41:45 0, 64, 169.75, 100|1, 65, 153.07, 99|
09:41:50 0, 64, 169.43, 100|1, 65, 156.86, 99|
09:41:55 0, 64, 158.23, 100|1, 65, 167.35, 99|
09:42:00 0, 64, 179.82, 100|1, 65, 173.11, 98|
09:42:05 0, 64, 146.93, 98|1, 65, 147.33, 99|
09:42:11 0, 64, 157.77, 99|1, 65, 157.34, 100|
09:42:16 0, 64, 175.20, 100|1, 65, 168.96, 100|
09:42:21 0, 64, 174.77, 99|1, 65, 171.82, 99|
09:42:26 0, 65, 168.94, 99|1, 65, 163.90, 100|
09:42:31 0, 64, 173.46, 100|1, 65, 151.59, 98|
09:42:36 0, 65, 178.90, 100|1, 65, 164.69, 100|
09:42:41 0, 65, 169.55, 99|1, 65, 166.49, 99|
09:42:46 0, 65, 166.70, 99|1, 65, 164.44, 100|
09:42:51 0, 65, 149.92, 99|1, 65, 159.97, 100|
09:42:56 0, 65, 156.59, 100|1, 65, 151.05, 100|
09:43:01 0, 65, 153.38, 100|1, 65, 155.43, 99|
09:43:06 0, 65, 165.37, 100|1, 65, 157.56, 99|
09:43:11 0, 65, 158.19, 99|1, 65, 165.80, 100|
09:43:16 0, 65, 155.88, 99|1, 66, 150.34, 99|
09:43:21 0, 65, 178.11, 100|1, 65, 166.66, 100|
09:43:26 0, 65, 175.70, 100|1, 65, 167.42, 100|
09:43:31 0, 65, 155.42, 99|1, 66, 149.85, 100|
09:43:36 0, 65, 145.02, 99|1, 65, 150.18, 99|
09:43:41 0, 65, 165.28, 100|1, 65, 177.26, 100|
09:43:46 0, 65, 148.01, 100|1, 66, 150.10, 99|
09:43:52 0, 65, 148.25, 100|1, 66, 149.87, 100|
09:43:57 0, 65, 169.43, 100|1, 66, 157.35, 100|
09:44:02 0, 65, 182.48, 100|1, 65, 169.68, 99|
09:44:07 0, 65, 167.82, 99|1, 65, 166.63, 100|
09:44:12 0, 65, 167.66, 96|1, 66, 160.93, 95|
09:44:17 0, 65, 151.01, 97|1, 66, 153.17, 94|
09:44:22 0, 66, 166.21, 100|1, 66, 164.37, 98|
09:44:27 0, 65, 177.03, 100|1, 66, 160.41, 99|
09:44:32 0, 65, 157.87, 100|1, 66, 146.22, 99|
09:44:37 0, 65, 157.22, 100|1, 66, 153.54, 100|
09:44:42 0, 65, 165.53, 100|1, 66, 164.78, 100|
09:44:47 0, 65, 158.09, 100|1, 66, 156.93, 100|
09:44:52 0, 66, 162.41, 100|1, 66, 166.49, 99|
09:44:57 0, 66, 155.41, 99|1, 66, 150.10, 99|
09:45:02 0, 66, 158.39, 99|1, 66, 161.65, 100|
09:45:07 0, 66, 151.25, 100|1, 66, 151.05, 99|
09:45:12 0, 65, 149.36, 100|1, 66, 150.57, 99|
09:45:17 0, 65, 161.28, 99|1, 66, 165.30, 100|
09:45:22 0, 65, 162.39, 99|1, 66, 163.28, 99|
09:45:27 0, 65, 153.90, 100|1, 66, 168.73, 100|
09:45:32 0, 66, 142.65, 100|1, 66, 152.23, 99|
09:45:38 0, 66, 156.12, 99|1, 66, 150.56, 100|
09:45:43 0, 65, 154.33, 100|1, 66, 165.53, 100|
09:45:48 0, 65, 170.01, 98|1, 66, 159.51, 100|
09:45:53 0, 66, 173.61, 100|1, 66, 162.76, 100|
09:45:58 0, 66, 158.80, 99|1, 66, 164.51, 99|
09:46:03 0, 66, 154.29, 99|1, 66, 152.35, 100|
09:46:08 0, 66, 178.90, 100|1, 66, 165.10, 99|
09:46:13 0, 66, 166.80, 100|1, 67, 162.72, 100|
09:46:18 0, 66, 166.74, 100|1, 66, 164.05, 99|
09:46:23 0, 66, 154.54, 100|1, 67, 168.97, 99|
09:46:28 0, 66, 156.42, 100|1, 67, 157.78, 99|
09:46:33 0, 66, 152.25, 99|1, 67, 154.09, 93|
09:46:38 0, 66, 156.12, 99|1, 67, 150.57, 100|
09:46:43 0, 66, 153.84, 94|1, 67, 150.10, 93|
09:46:48 0, 66, 161.35, 100|1, 67, 160.71, 100|
09:46:53 0, 66, 147.07, 100|1, 67, 152.23, 98|
09:46:58 0, 66, 173.73, 100|1, 67, 160.78, 99|
09:47:03 0, 66, 153.75, 100|1, 67, 151.52, 98|
09:47:08 0, 66, 114.39, 98|1, 66, 130.91, 99|
09:47:13 0, 66, 155.41, 100|1, 67, 151.27, 100|
09:47:18 0, 66, 169.43, 100|1, 67, 163.48, 100|
09:47:24 0, 66, 181.98, 100|1, 67, 176.05, 100|
09:47:29 0, 66, 170.26, 92|1, 67, 162.95, 98|
09:47:34 0, 66, 163.80, 100|1, 67, 151.81, 100|
09:47:39 0, 66, 175.45, 99|1, 67, 158.19, 100|
09:47:44 0, 66, 175.21, 87|1, 67, 167.40, 98|
09:47:49 0, 66, 151.26, 86|1, 68, 183.24, 98|
09:47:54 0, 66, 145.57, 87|1, 68, 162.69, 98|
09:47:59 0, 64, 48.31, 0|1, 65, 47.05, 18|
