10:06:48 0, 50, 40.90, 0|1, 50, 39.17, 0|
10:06:53 0, 52, 135.54, 100|1, 50, 39.15, 0|
10:06:58 0, 54, 145.40, 100|1, 55, 188.69, 100|
10:07:03 0, 53, 41.33, 0|1, 56, 173.84, 100|
10:07:08 0, 56, 41.84, 100|1, 54, 147.16, 41|
10:07:13 0, 56, 43.50, 16|1, 55, 170.86, 66|
10:07:18 0, 57, 170.38, 100|1, 57, 134.51, 100|
10:07:23 0, 57, 133.80, 100|1, 57, 132.71, 100|
10:07:28 0, 55, 42.30, 0|1, 56, 150.89, 100|
10:07:34 0, 55, 125.57, 0|1, 57, 190.24, 100|
10:07:39 0, 57, 143.52, 100|1, 55, 41.05, 0|
10:07:44 0, 58, 175.35, 100|1, 57, 42.48, 0|
10:07:49 0, 59, 146.91, 100|1, 57, 42.01, 3|
10:07:54 0, 59, 172.09, 100|1, 57, 42.97, 36|
10:07:59 0, 57, 147.08, 22|1, 58, 43.21, 100|
10:08:04 0, 58, 187.16, 52|1, 59, 159.97, 100|
10:08:09 0, 59, 142.73, 58|1, 59, 172.31, 100|
10:08:14 0, 59, 138.46, 100|1, 59, 160.37, 100|
10:08:19 0, 57, 43.98, 0|1, 60, 137.31, 100|
10:08:24 0, 60, 154.24, 100|1, 58, 42.24, 0|
10:08:29 0, 60, 151.73, 100|1, 58, 42.01, 0|
10:08:34 0, 60, 133.24, 100|1, 58, 42.24, 0|
10:08:39 0, 60, 130.79, 100|1, 58, 42.49, 0|
10:08:44 0, 59, 147.29, 100|1, 59, 167.98, 100|
10:08:49 0, 60, 167.32, 100|1, 60, 139.58, 100|
10:08:54 0, 60, 150.52, 100|1, 60, 143.21, 100|
10:08:59 0, 60, 153.20, 100|1, 60, 171.28, 100|
10:09:04 0, 60, 171.23, 100|1, 57, 42.70, 0|
10:09:09 0, 61, 161.48, 100|1, 58, 43.20, 0|
10:09:15 0, 61, 153.75, 100|1, 58, 43.21, 0|
10:09:20 0, 61, 143.99, 100|1, 59, 42.72, 0|
10:09:25 0, 61, 153.12, 100|1, 59, 43.44, 0|
10:09:30 0, 62, 138.55, 100|1, 60, 43.93, 42|
10:09:35 0, 61, 174.07, 100|1, 62, 156.66, 100|
10:09:40 0, 62, 138.38, 100|1, 61, 139.04, 100|
10:09:45 0, 59, 44.70, 0|1, 62, 168.68, 100|
10:09:50 0, 62, 113.56, 100|1, 59, 86.34, 0|
10:09:55 0, 62, 72.56, 100|1, 59, 125.54, 8|
10:10:00 0, 62, 155.50, 100|1, 59, 42.72, 0|
10:10:05 0, 62, 145.42, 100|1, 59, 43.20, 0|
10:10:10 0, 62, 161.21, 100|1, 59, 43.68, 0|
10:10:15 0, 63, 142.01, 100|1, 60, 43.92, 0|
10:10:20 0, 62, 151.73, 100|1, 61, 44.40, 95|
10:10:25 0, 63, 143.35, 100|1, 63, 166.31, 100|
10:10:30 0, 60, 45.66, 0|1, 61, 154.49, 100|
10:10:35 0, 60, 45.66, 0|1, 61, 156.05, 100|
10:10:40 0, 60, 44.94, 0|1, 61, 169.76, 100|
10:10:45 0, 61, 43.49, 34|1, 61, 167.25, 83|
10:10:50 0, 61, 44.70, 22|1, 61, 161.85, 0|
10:10:55 0, 63, 97.65, 100|1, 60, 106.61, 0|
10:11:01 0, 63, 180.76, 100|1, 60, 43.20, 0|
10:11:06 0, 63, 144.06, 100|1, 61, 43.69, 0|
10:11:11 0, 59, 174.15, 0|1, 62, 46.06, 100|
10:11:16 0, 61, 189.76, 52|1, 62, 140.04, 100|
10:11:21 0, 61, 167.98, 38|1, 62, 132.79, 100|
10:11:26 0, 61, 160.04, 0|1, 62, 137.45, 100|
10:11:31 0, 61, 42.77, 0|1, 62, 153.92, 100|
10:11:36 0, 61, 45.18, 0|1, 62, 142.75, 100|
10:11:41 0, 62, 43.50, 37|1, 62, 151.58, 71|
10:11:46 0, 63, 75.16, 100|1, 61, 129.90, 6|
10:11:51 0, 63, 156.81, 100|1, 61, 43.44, 0|
10:11:56 0, 62, 135.61, 93|1, 62, 179.96, 100|
10:12:01 0, 62, 143.42, 89|1, 63, 175.74, 100|
10:12:06 0, 62, 158.15, 53|1, 63, 159.25, 100|
10:12:11 0, 62, 168.85, 89|1, 63, 154.62, 100|
10:12:16 0, 61, 166.96, 0|1, 63, 178.44, 100|
10:12:21 0, 61, 45.66, 0|1, 63, 146.07, 100|
10:12:26 0, 62, 45.90, 7|1, 62, 140.22, 96|
10:12:31 0, 64, 127.61, 100|1, 61, 85.87, 0|
10:12:37 0, 64, 136.82, 100|1, 61, 44.41, 0|
10:12:42 0, 64, 154.79, 100|1, 62, 44.64, 3|
10:12:47 0, 64, 173.65, 100|1, 64, 138.58, 100|
10:12:52 0, 63, 171.50, 100|1, 64, 139.58, 100|
10:12:57 0, 63, 137.51, 9|1, 63, 138.47, 100|
10:13:02 0, 63, 43.97, 36|1, 63, 165.01, 61|
10:13:07 0, 64, 133.79, 100|1, 62, 43.92, 0|
10:13:12 0, 64, 154.45, 100|1, 64, 146.82, 100|
10:13:17 0, 64, 138.69, 100|1, 65, 138.79, 100|
10:13:22 0, 63, 153.68, 100|1, 61, 43.20, 0|
10:13:27 0, 64, 168.60, 100|1, 62, 44.65, 0|
10:13:32 0, 64, 175.11, 100|1, 62, 43.18, 10|
10:13:37 0, 64, 165.95, 100|1, 62, 44.38, 0|
10:13:42 0, 64, 179.82, 100|1, 63, 45.34, 46|
10:13:47 0, 64, 166.81, 100|1, 64, 148.63, 100|
10:13:52 0, 64, 145.16, 100|1, 64, 168.72, 100|
10:13:57 0, 64, 159.10, 100|1, 64, 171.12, 100|
10:14:02 0, 64, 156.40, 100|1, 64, 166.11, 100|
10:14:07 0, 63, 141.68, 0|1, 64, 140.92, 100|
10:14:12 0, 63, 44.46, 0|1, 63, 154.70, 100|
10:14:18 0, 65, 171.96, 100|1, 61, 43.68, 0|
10:14:23 0, 65, 151.48, 100|1, 62, 44.38, 0|
10:14:28 0, 64, 147.12, 100|1, 64, 173.81, 100|
10:14:33 0, 64, 148.00, 100|1, 64, 169.47, 100|
10:14:38 0, 62, 46.14, 0|1, 63, 134.84, 100|
10:14:43 0, 65, 148.81, 100|1, 61, 43.92, 0|
10:14:48 0, 62, 160.93, 29|1, 63, 45.34, 93|
10:14:53 0, 63, 149.26, 41|1, 63, 176.61, 100|
10:14:58 0, 63, 151.45, 20|1, 63, 161.46, 100|
10:15:03 0, 63, 153.74, 0|1, 63, 158.40, 100|
10:15:08 0, 62, 46.12, 0|1, 63, 188.89, 100|
10:15:13 0, 62, 46.86, 0|1, 63, 138.98, 100|
10:15:18 0, 63, 47.34, 0|1, 63, 140.45, 90|
10:15:23 0, 64, 107.73, 100|1, 61, 85.63, 0|
10:15:28 0, 65, 164.35, 100|1, 62, 44.38, 0|
10:15:33 0, 65, 176.31, 100|1, 62, 44.86, 0|
10:15:38 0, 64, 166.38, 100|1, 64, 147.05, 100|
10:15:43 0, 64, 164.33, 100|1, 64, 142.59, 100|
10:15:48 0, 63, 166.16, 100|1, 63, 165.89, 100|
10:15:53 0, 63, 44.94, 0|1, 63, 163.87, 100|
10:15:58 0, 65, 142.65, 100|1, 61, 43.92, 0|
10:16:04 0, 64, 143.20, 100|1, 63, 46.78, 79|
10:16:09 0, 64, 174.15, 100|1, 64, 163.87, 100|
10:16:14 0, 62, 45.87, 0|1, 64, 147.79, 100|
10:16:19 0, 64, 158.96, 100|1, 62, 44.38, 93|
10:16:24 0, 64, 168.94, 100|1, 63, 43.90, 100|
10:16:29 0, 64, 135.62, 100|1, 63, 45.82, 56|
10:16:34 0, 64, 160.25, 100|1, 64, 157.80, 100|
10:16:39 0, 64, 136.73, 100|1, 64, 149.58, 100|
10:16:44 0, 64, 146.24, 100|1, 64, 134.13, 100|
10:16:49 0, 64, 174.12, 100|1, 64, 150.21, 100|
10:16:54 0, 64, 139.25, 100|1, 64, 144.42, 100|
10:16:59 0, 63, 178.37, 0|1, 64, 160.43, 100|
10:17:04 0, 63, 44.70, 0|1, 63, 137.14, 100|
10:17:09 0, 65, 173.22, 100|1, 61, 43.44, 0|
10:17:14 0, 65, 135.45, 100|1, 62, 44.40, 0|
10:17:19 0, 64, 143.18, 100|1, 64, 162.70, 100|
10:17:24 0, 64, 152.01, 100|1, 64, 168.63, 100|
10:17:29 0, 62, 45.87, 0|1, 63, 158.35, 100|
10:17:34 0, 65, 139.65, 100|1, 61, 42.01, 0|
10:17:39 0, 64, 146.27, 100|1, 63, 44.86, 38|
10:17:45 0, 62, 144.24, 46|1, 63, 84.25, 50|
10:17:50 0, 63, 157.26, 46|1, 62, 104.95, 50|
10:17:55 0, 63, 67.09, 46|1, 63, 169.94, 49|
10:18:00 0, 62, 53.04, 46|1, 63, 166.08, 49|
10:18:05 0, 62, 116.46, 50|1, 63, 102.16, 54|
10:18:10 0, 62, 170.11, 50|1, 63, 57.03, 54|
